===== xelatex pass 1 =====
This is XeTeX, Version 3.141592653-2.6-0.999997 (MiKTeX 25.12) (preloaded format=xelatex.fmt)
 restricted \write18 enabled.
entering extended mode

(C:/Users/user/OneDrive - 和歌山大学/ソーラー/エネマネ/solar_ws0129-main/docs/program_refere
nce_complete_20260729/tex/17_mpc_solarcar_upper_solver_py.tex
LaTeX2e <2025-11-01>
L3 programming layer <2025-12-24>
(C:\Users\user\AppData\Local\Programs\MiKTeX\tex/latex/base\article.cls
Document Class: article 2025/01/22 v1.4n Standard LaTeX document class
(C:\Users\user\AppData\Local\Programs\MiKTeX\tex/latex/base\size11.clo))
(C:\Users\user\AppData\Local\Programs\MiKTeX\tex/latex/geometry\geometry.sty
(C:\Users\user\AppData\Local\Programs\MiKTeX\tex/latex/graphics\keyval.sty)
(C:\Users\user\AppData\Local\Programs\MiKTeX\tex/generic/iftex\ifvtex.sty
(C:\Users\user\AppData\Local\Programs\MiKTeX\tex/generic/iftex\iftex.sty))
(C:\Users\user\AppData\Local\Programs\MiKTeX\tex/latex/geometry\geometry.cfg))
(C:\Users\user\AppData\Local\Programs\MiKTeX\tex/latex/fontspec\fontspec.sty
(C:\Users\user\AppData\Local\Programs\MiKTeX\tex/latex/l3packages/xparse\xparse
.sty (C:\Users\user\AppData\Local\Programs\MiKTeX\tex/latex/l3kernel\expl3.sty
(C:\Users\user\AppData\Local\Programs\MiKTeX\tex/latex/l3backend\l3backend-xete
x.def)))
(C:\Users\user\AppData\Local\Programs\MiKTeX\tex/latex/fontspec\fontspec-xetex.
sty (C:\Users\user\AppData\Local\Programs\MiKTeX\tex/latex/base\fontenc.sty)
(C:\Users\user\AppData\Local\Programs\MiKTeX\tex/latex/fontspec\fontspec.cfg)))
(C:\Users\user\AppData\Local\Programs\MiKTeX\tex/xelatex/xecjk\xeCJK.sty
(C:\Users\user\AppData\Local\Programs\MiKTeX\tex/latex/ctex\ctexhook.sty)
(C:\Users\user\AppData\Local\Programs\MiKTeX\tex/latex/l3packages/xtemplate\xte
mplate.sty)
(C:\Users\user\AppData\Local\Programs\MiKTeX\tex/xelatex/xecjk\xeCJK.cfg))
(C:\Users\user\AppData\Local\Programs\MiKTeX\tex/latex/booktabs\booktabs.sty)
(C:\Users\user\AppData\Local\Programs\MiKTeX\tex/latex/tools\longtable.sty)
(C:\Users\user\AppData\Local\Programs\MiKTeX\tex/latex/tools\tabularx.sty
(C:\Users\user\AppData\Local\Programs\MiKTeX\tex/latex/tools\array.sty))
(C:\Users\user\AppData\Local\Programs\MiKTeX\tex/latex/enumitem\enumitem.sty)
(C:\Users\user\AppData\Local\Programs\MiKTeX\tex/latex/hyperref\hyperref.sty
(C:\Users\user\AppData\Local\Programs\MiKTeX\tex/latex/kvsetkeys\kvsetkeys.sty)

(C:\Users\user\AppData\Local\Programs\MiKTeX\tex/generic/kvdefinekeys\kvdefinek
eys.sty)
(C:\Users\user\AppData\Local\Programs\MiKTeX\tex/generic/pdfescape\pdfescape.st
y (C:\Users\user\AppData\Local\Programs\MiKTeX\tex/generic/ltxcmds\ltxcmds.sty)

(C:\Users\user\AppData\Local\Programs\MiKTeX\tex/generic/pdftexcmds\pdftexcmds.
sty
(C:\Users\user\AppData\Local\Programs\MiKTeX\tex/generic/infwarerr\infwarerr.st
y))) (C:\Users\user\AppData\Local\Programs\MiKTeX\tex/latex/hycolor\hycolor.sty
) (C:\Users\user\AppData\Local\Programs\MiKTeX\tex/latex/hyperref\nameref.sty
(C:\Users\user\AppData\Local\Programs\MiKTeX\tex/latex/refcount\refcount.sty)
(C:\Users\user\AppData\Local\Programs\MiKTeX\tex/generic/gettitlestring\gettitl
estring.sty
(C:\Users\user\AppData\Local\Programs\MiKTeX\tex/latex/kvoptions\kvoptions.sty)
)) (C:\Users\user\AppData\Local\Programs\MiKTeX\tex/latex/etoolbox\etoolbox.sty
)
(C:\Users\user\AppData\Local\Programs\MiKTeX\tex/generic/stringenc\stringenc.st
y) (C:\Users\user\AppData\Local\Programs\MiKTeX\tex/latex/hyperref\pd1enc.def)
(C:\Users\user\AppData\Local\Programs\MiKTeX\tex/generic/intcalc\intcalc.sty)
(C:\Users\user\AppData\Local\Programs\MiKTeX\tex/latex/hyperref\puenc.def)
(C:\Users\user\AppData\Local\Programs\MiKTeX\tex/latex/url\url.sty)
(C:\Users\user\AppData\Local\Programs\MiKTeX\tex/generic/bitset\bitset.sty
(C:\Users\user\AppData\Local\Programs\MiKTeX\tex/generic/bigintcalc\bigintcalc.
sty)))
(C:\Users\user\AppData\Local\Programs\MiKTeX\tex/latex/hyperref\hxetex.def
(C:\Users\user\AppData\Local\Programs\MiKTeX\tex/latex/rerunfilecheck\rerunfile
check.sty
(C:\Users\user\AppData\Local\Programs\MiKTeX\tex/generic/uniquecounter\uniqueco
unter.sty)))
(C:\Users\user\AppData\Local\Programs\MiKTeX\tex/latex/listings\listings.sty
(C:\Users\user\AppData\Local\Programs\MiKTeX\tex/latex/listings\lstpatch.sty)
(C:\Users\user\AppData\Local\Programs\MiKTeX\tex/latex/listings\lstmisc.sty)
(C:\Users\user\AppData\Local\Programs\MiKTeX\tex/latex/listings\listings.cfg))
(C:\Users\user\AppData\Local\Programs\MiKTeX\tex/xelatex/xecjk\xeCJK-listings.s
ty)
==> First Aid for listings.sty no longer applied!
    Expected:
        2024/09/23 1.10c (Carsten Heinz)
    but found:
        2025/11/14 1.11b (Carsten Heinz)
    so I'm assuming it got fixed.
(C:\Users\user\AppData\Local\Programs\MiKTeX\tex/latex/xcolor\xcolor.sty
(C:\Users\user\AppData\Local\Programs\MiKTeX\tex/latex/graphics-cfg\color.cfg)
(C:\Users\user\AppData\Local\Programs\MiKTeX\tex/latex/graphics-def\xetex.def)
(C:\Users\user\AppData\Local\Programs\MiKTeX\tex/latex/graphics\mathcolor.ltx))
 (C:\Users\user\AppData\Local\Programs\MiKTeX\tex/latex/amsmath\amsmath.sty
For additional information on amsmath, use the `?' option.
(C:\Users\user\AppData\Local\Programs\MiKTeX\tex/latex/amsmath\amstext.sty
(C:\Users\user\AppData\Local\Programs\MiKTeX\tex/latex/amsmath\amsgen.sty))
(C:\Users\user\AppData\Local\Programs\MiKTeX\tex/latex/amsmath\amsbsy.sty)
(C:\Users\user\AppData\Local\Programs\MiKTeX\tex/latex/amsmath\amsopn.sty))
(C:\Users\user\AppData\Local\Programs\MiKTeX\tex/latex/amsfonts\amssymb.sty
(C:\Users\user\AppData\Local\Programs\MiKTeX\tex/latex/amsfonts\amsfonts.sty))
(C:\Users\user\OneDrive - 和歌山大学\ソーラー\エネマネ\solar_ws0129-main\docs\program_refere
nce_complete_20260729\build\17_mpc_solarcar_upper_solver_py\17_mpc_solarcar_upp
er_solver_py.aux)
*geometry* driver: auto-detecting
*geometry* detected driver: xetex

(C:\Users\user\OneDrive - 和歌山大学\ソーラー\エネマネ\solar_ws0129-main\docs\program_refere
nce_complete_20260729\build\17_mpc_solarcar_upper_solver_py\17_mpc_solarcar_upp
er_solver_py.out)
(C:\Users\user\OneDrive - 和歌山大学\ソーラー\エネマネ\solar_ws0129-main\docs\program_refere
nce_complete_20260729\build\17_mpc_solarcar_upper_solver_py\17_mpc_solarcar_upp
er_solver_py.out)
(C:\Users\user\AppData\Local\Programs\MiKTeX\tex/latex/amsfonts\umsa.fd)
(C:\Users\user\AppData\Local\Programs\MiKTeX\tex/latex/amsfonts\umsb.fd)
(C:\Users\user\OneDrive - 和歌山大学\ソーラー\エネマネ\solar_ws0129-main\docs\program_refere
nce_complete_20260729\build\17_mpc_solarcar_upper_solver_py\17_mpc_solarcar_upp
er_solver_py.toc [1]) [2]
(C:\Users\user\AppData\Local\Programs\MiKTeX\tex/latex/listings\lstlang1.sty)
[3]
Underfull \hbox (badness 3088) in paragraph at lines 120--121
\TU/YuGothic(0)/m/n/10.95 主 要 関 数 は \TU/TimesNewRoman(0)/m/n/10.95 clip_to_boun
ds, finite_cost, default_seed_library, hybrid_bounded_minimize, add_candidate,

Underfull \hbox (badness 10000) in paragraph at lines 131--131
[]|$[][][][][][] [] [][][][][][][] []

Underfull \hbox (badness 10000) in paragraph at lines 136--136
[]|$[][][][][][] [] [][][] [] [][][] [] [][][][] []

Underfull \hbox (badness 10000) in paragraph at lines 160--160
[]|$[][][][] [] [][][][][][][] []

Underfull \hbox (badness 10000) in paragraph at lines 161--161
[]|$[][][][][][][][][][][][][][] []

Overfull \hbox (32.0393pt too wide) in paragraph at lines 161--161
[][][][][][][][][][][][][][][][][][][][][][][][][][][][][][][][] [][]

Underfull \hbox (badness 1337) in paragraph at lines 161--162
[]|\TU/TimesNewRoman(0)/m/n/10.95 concurrent.futures \TU/YuGothic(0)/m/n/10.95 
か ら \TU/TimesNewRoman(0)/m/n/10.95 ProcessPoolExecutor, Thread-

Underfull \hbox (badness 10000) in paragraph at lines 165--165
[]|$[][][][][][][][][][][][][][][][][][][][][][][][] [][]

Underfull \hbox (badness 10000) in paragraph at lines 165--165
[][][][][][][][] [][] [][][][] [][] [][][][][][][][] [][]

Underfull \hbox (badness 10000) in paragraph at lines 167--167
[]|$[][][][][][][][][] []
[4]

LaTeX Font Warning: Font shape `TU/YuGothic(0)/m/it' undefined
(Font)              using `TU/YuGothic(0)/m/n' instead on input line 189.

[5] [6] [7] [8] [9] [10]
Underfull \hbox (badness 10000) in paragraph at lines 497--498
[]\TU/YuGothic(0)/m/n/10.95 定 義\TU/TimesNewRoman(0)/m/n/10.95 : $[][][][][][][]
 [] [][][][] [] [][][][][][][][][][] [] [][] [] [][][][][][][] [][] [][][][][][
] [] [][][][][][] [] [][] [][] [][][][][][][][][][][][][][] [][] [][] []
[11] [12]
Underfull \hbox (badness 10000) in paragraph at lines 548--549
[][][][][][] [] [][][][][][] [][] [] [][] [][][][][][][] [] [][][] [][] [][][][
][][][][][][] [] [][][][][] [] [][][][][][][][][][][][][][][][][][] [][] [][] [
] [][][][][][][] [] [] []

Underfull \hbox (badness 10000) in paragraph at lines 548--549
[][][][] [] [][][][] [][] [][][] [] [][][][][][][] [] [][][][] [] [][][][] [][]
 [][][] [] [][][][] [] [][][] [] [][][][][][] [][] [][][][][] [] [][][][][][][]
[][][][] [] [][][] [] [] [][] [][][] []

Underfull \hbox (badness 10000) in paragraph at lines 548--549
[][][][][][][][][][] [] [][][] [] [][] [][] [][][] [] [][][][][] [] [][][] [] [
] [][] [][][][][] [] [][][][][][] [] [][][][] [] [][][] [] [] [][] [][][][] [] 
[][][][][][][] [] [][][][] []

Underfull \hbox (badness 10000) in paragraph at lines 548--549
[][][] [] [][][][][][] [][] [][][][][] [] [][][][] [] [][][] [] [] [][] [][][][
] [] [][][][][][][] [] [][][] [] [][][] [][] [][][][] [] [][][][][] [] [][][] [
] [] [][] [][][][] [] [][][][] []

Underfull \hbox (badness 10000) in paragraph at lines 548--549
[][][][][][] [] [][][] [] [] [][] [][][][] [] [][][][] [] [][][][][][] [] [][][
][][][][][][][][][][][] [] [][][][][] [] [][][][] [][] [][][][] [] [][][] [] []
[][][][][][][][][][] []

Underfull \hbox (badness 10000) in paragraph at lines 548--549
[][][] [] [][][][][][] [][] [][][][] [] [][][][][][][] [] [][][] [] [] [][] [][
][][][][][][] [] [][][][][][][][] [] [][][][][][][][][][][][][][] [] [][][][][]
[] [] [][][][][] [] [][][][] [][]

Underfull \hbox (badness 1748) in paragraph at lines 551--552
[]\TU/YuGothic(0)/m/n/10.95 戻 り 値 の 要 点\TU/TimesNewRoman(0)/m/n/10.95 : (np.asa
rray(best[’x’], dtype=float), {’success’: bool(best.get(’success’, True)), ’fun
’:

Overfull \hbox (20.50336pt too wide) in paragraph at lines 551--552
\TU/TimesNewRoman(0)/m/n/10.95 float(best[’fun’]), ’label’: str(best.get(’label
’, ’best’)), ’nit’: int(best.get(’nit’, 0) or 0), ’method’: str(best.get(’sourc
e’,

Overfull \hbox (21.56053pt too wide) in paragraph at lines 551--552
\TU/TimesNewRoman(0)/m/n/10.95 ’seed’)), ’message’: str(best.get(’message’, ”))
, ’candidates_evaluated’: int(len(evaluated) + discrete_grid_candidates

Overfull \hbox (1.25842pt too wide) in paragraph at lines 551--552
\TU/TimesNewRoman(0)/m/n/10.95 crete_global_proof’: discrete_global_proof, ’dis
crete_grid_levels’: discrete_grid_levels, ’discrete_grid_values’:

Underfull \hbox (badness 1783) in paragraph at lines 551--552
\TU/TimesNewRoman(0)/m/n/10.95 grid_values.tolist() if grid_values.size else []
, ’discrete_grid_candidates’: discrete_grid_candidates, ’dis-

Underfull \hbox (badness 10000) in paragraph at lines 551--552
\TU/TimesNewRoman(0)/m/n/10.95 crete_grid_nonfinite’: discrete_grid_nonfinite, 
’discrete_grid_best_fun’: discrete_grid_best_fun, ’dis-

Overfull \hbox (41.54312pt too wide) in paragraph at lines 551--552
\TU/TimesNewRoman(0)/m/n/10.95 terministic_seed_nonfinite’: deterministic_seed_
nonfinite, ’finite_library_candidates’: int(deterministic_seed_candidates

Overfull \hbox (11.8805pt too wide) in paragraph at lines 551--552
\TU/TimesNewRoman(0)/m/n/10.95 dtype=float).tolist(), ’selected_no_worse_than_g
rid’: selected_no_worse_than_grid, ’finite_library_global_proof’:

Underfull \hbox (badness 3428) in paragraph at lines 551--552
\TU/TimesNewRoman(0)/m/n/10.95 finite_library_global_proof, ’continuous_global_
proof’: False, ’certificate_scope’: certificate_scope}) /

Underfull \hbox (badness 10000) in paragraph at lines 552--553
\TU/TimesNewRoman(0)/m/n/10.95 candidate_x, cem_mode_norm, cem_used, certificat
e_scope, clipped, completed, consensus_spread,

Underfull \hbox (badness 10000) in paragraph at lines 552--553
\TU/TimesNewRoman(0)/m/n/10.95 declared_grid_values, default_seeds, determinist
ic_seed_candidates, deterministic_seed_nonfinite, dis-
[13] [14] [15] [16] [17] [18] [19] [20] [21] [22]
(C:\Users\user\OneDrive - 和歌山大学\ソーラー\エネマネ\solar_ws0129-main\docs\program_refere
nce_complete_20260729\build\17_mpc_solarcar_upper_solver_py\17_mpc_solarcar_upp
er_solver_py.aux)

LaTeX Font Warning: Some font shapes were not available, defaults substituted.

 )
(see the transcript file for additional information)
Output written on C:\Users\user\OneDrive - 和歌山大学\ソーラー\エネマネ\solar_ws0129-main\do
cs\program_reference_complete_20260729\build\17_mpc_solarcar_upper_solver_py\17
_mpc_solarcar_upper_solver_py.pdf (22 pages).
Transcript written on "C:\Users\user\OneDrive - 和歌山大学\ソーラー\エネマネ\solar_ws0129-ma
in\docs\program_reference_complete_20260729\build\17_mpc_solarcar_upper_solver_
py\17_mpc_solarcar_upper_solver_py.log".

miktex-dvipdfmx: major issue: So far, you have not checked for MiKTeX updates.
xelatex: major issue: So far, you have not checked for MiKTeX updates.


===== xelatex pass 2 =====
This is XeTeX, Version 3.141592653-2.6-0.999997 (MiKTeX 25.12) (preloaded format=xelatex.fmt)
 restricted \write18 enabled.
entering extended mode

(C:/Users/user/OneDrive - 和歌山大学/ソーラー/エネマネ/solar_ws0129-main/docs/program_refere
nce_complete_20260729/tex/17_mpc_solarcar_upper_solver_py.tex
LaTeX2e <2025-11-01>
L3 programming layer <2025-12-24>
(C:\Users\user\AppData\Local\Programs\MiKTeX\tex/latex/base\article.cls
Document Class: article 2025/01/22 v1.4n Standard LaTeX document class
(C:\Users\user\AppData\Local\Programs\MiKTeX\tex/latex/base\size11.clo))
(C:\Users\user\AppData\Local\Programs\MiKTeX\tex/latex/geometry\geometry.sty
(C:\Users\user\AppData\Local\Programs\MiKTeX\tex/latex/graphics\keyval.sty)
(C:\Users\user\AppData\Local\Programs\MiKTeX\tex/generic/iftex\ifvtex.sty
(C:\Users\user\AppData\Local\Programs\MiKTeX\tex/generic/iftex\iftex.sty))
(C:\Users\user\AppData\Local\Programs\MiKTeX\tex/latex/geometry\geometry.cfg))
(C:\Users\user\AppData\Local\Programs\MiKTeX\tex/latex/fontspec\fontspec.sty
(C:\Users\user\AppData\Local\Programs\MiKTeX\tex/latex/l3packages/xparse\xparse
.sty (C:\Users\user\AppData\Local\Programs\MiKTeX\tex/latex/l3kernel\expl3.sty
(C:\Users\user\AppData\Local\Programs\MiKTeX\tex/latex/l3backend\l3backend-xete
x.def)))
(C:\Users\user\AppData\Local\Programs\MiKTeX\tex/latex/fontspec\fontspec-xetex.
sty (C:\Users\user\AppData\Local\Programs\MiKTeX\tex/latex/base\fontenc.sty)
(C:\Users\user\AppData\Local\Programs\MiKTeX\tex/latex/fontspec\fontspec.cfg)))
(C:\Users\user\AppData\Local\Programs\MiKTeX\tex/xelatex/xecjk\xeCJK.sty
(C:\Users\user\AppData\Local\Programs\MiKTeX\tex/latex/ctex\ctexhook.sty)
(C:\Users\user\AppData\Local\Programs\MiKTeX\tex/latex/l3packages/xtemplate\xte
mplate.sty)
(C:\Users\user\AppData\Local\Programs\MiKTeX\tex/xelatex/xecjk\xeCJK.cfg))
(C:\Users\user\AppData\Local\Programs\MiKTeX\tex/latex/booktabs\booktabs.sty)
(C:\Users\user\AppData\Local\Programs\MiKTeX\tex/latex/tools\longtable.sty)
(C:\Users\user\AppData\Local\Programs\MiKTeX\tex/latex/tools\tabularx.sty
(C:\Users\user\AppData\Local\Programs\MiKTeX\tex/latex/tools\array.sty))
(C:\Users\user\AppData\Local\Programs\MiKTeX\tex/latex/enumitem\enumitem.sty)
(C:\Users\user\AppData\Local\Programs\MiKTeX\tex/latex/hyperref\hyperref.sty
(C:\Users\user\AppData\Local\Programs\MiKTeX\tex/latex/kvsetkeys\kvsetkeys.sty)

(C:\Users\user\AppData\Local\Programs\MiKTeX\tex/generic/kvdefinekeys\kvdefinek
eys.sty)
(C:\Users\user\AppData\Local\Programs\MiKTeX\tex/generic/pdfescape\pdfescape.st
y (C:\Users\user\AppData\Local\Programs\MiKTeX\tex/generic/ltxcmds\ltxcmds.sty)

(C:\Users\user\AppData\Local\Programs\MiKTeX\tex/generic/pdftexcmds\pdftexcmds.
sty
(C:\Users\user\AppData\Local\Programs\MiKTeX\tex/generic/infwarerr\infwarerr.st
y))) (C:\Users\user\AppData\Local\Programs\MiKTeX\tex/latex/hycolor\hycolor.sty
) (C:\Users\user\AppData\Local\Programs\MiKTeX\tex/latex/hyperref\nameref.sty
(C:\Users\user\AppData\Local\Programs\MiKTeX\tex/latex/refcount\refcount.sty)
(C:\Users\user\AppData\Local\Programs\MiKTeX\tex/generic/gettitlestring\gettitl
estring.sty
(C:\Users\user\AppData\Local\Programs\MiKTeX\tex/latex/kvoptions\kvoptions.sty)
)) (C:\Users\user\AppData\Local\Programs\MiKTeX\tex/latex/etoolbox\etoolbox.sty
)
(C:\Users\user\AppData\Local\Programs\MiKTeX\tex/generic/stringenc\stringenc.st
y) (C:\Users\user\AppData\Local\Programs\MiKTeX\tex/latex/hyperref\pd1enc.def)
(C:\Users\user\AppData\Local\Programs\MiKTeX\tex/generic/intcalc\intcalc.sty)
(C:\Users\user\AppData\Local\Programs\MiKTeX\tex/latex/hyperref\puenc.def)
(C:\Users\user\AppData\Local\Programs\MiKTeX\tex/latex/url\url.sty)
(C:\Users\user\AppData\Local\Programs\MiKTeX\tex/generic/bitset\bitset.sty
(C:\Users\user\AppData\Local\Programs\MiKTeX\tex/generic/bigintcalc\bigintcalc.
sty)))
(C:\Users\user\AppData\Local\Programs\MiKTeX\tex/latex/hyperref\hxetex.def
(C:\Users\user\AppData\Local\Programs\MiKTeX\tex/latex/rerunfilecheck\rerunfile
check.sty
(C:\Users\user\AppData\Local\Programs\MiKTeX\tex/generic/uniquecounter\uniqueco
unter.sty)))
(C:\Users\user\AppData\Local\Programs\MiKTeX\tex/latex/listings\listings.sty
(C:\Users\user\AppData\Local\Programs\MiKTeX\tex/latex/listings\lstpatch.sty)
(C:\Users\user\AppData\Local\Programs\MiKTeX\tex/latex/listings\lstmisc.sty)
(C:\Users\user\AppData\Local\Programs\MiKTeX\tex/latex/listings\listings.cfg))
(C:\Users\user\AppData\Local\Programs\MiKTeX\tex/xelatex/xecjk\xeCJK-listings.s
ty)
==> First Aid for listings.sty no longer applied!
    Expected:
        2024/09/23 1.10c (Carsten Heinz)
    but found:
        2025/11/14 1.11b (Carsten Heinz)
    so I'm assuming it got fixed.
(C:\Users\user\AppData\Local\Programs\MiKTeX\tex/latex/xcolor\xcolor.sty
(C:\Users\user\AppData\Local\Programs\MiKTeX\tex/latex/graphics-cfg\color.cfg)
(C:\Users\user\AppData\Local\Programs\MiKTeX\tex/latex/graphics-def\xetex.def)
(C:\Users\user\AppData\Local\Programs\MiKTeX\tex/latex/graphics\mathcolor.ltx))
 (C:\Users\user\AppData\Local\Programs\MiKTeX\tex/latex/amsmath\amsmath.sty
For additional information on amsmath, use the `?' option.
(C:\Users\user\AppData\Local\Programs\MiKTeX\tex/latex/amsmath\amstext.sty
(C:\Users\user\AppData\Local\Programs\MiKTeX\tex/latex/amsmath\amsgen.sty))
(C:\Users\user\AppData\Local\Programs\MiKTeX\tex/latex/amsmath\amsbsy.sty)
(C:\Users\user\AppData\Local\Programs\MiKTeX\tex/latex/amsmath\amsopn.sty))
(C:\Users\user\AppData\Local\Programs\MiKTeX\tex/latex/amsfonts\amssymb.sty
(C:\Users\user\AppData\Local\Programs\MiKTeX\tex/latex/amsfonts\amsfonts.sty))
(C:\Users\user\OneDrive - 和歌山大学\ソーラー\エネマネ\solar_ws0129-main\docs\program_refere
nce_complete_20260729\build\17_mpc_solarcar_upper_solver_py\17_mpc_solarcar_upp
er_solver_py.aux)
*geometry* driver: auto-detecting
*geometry* detected driver: xetex

(C:\Users\user\OneDrive - 和歌山大学\ソーラー\エネマネ\solar_ws0129-main\docs\program_refere
nce_complete_20260729\build\17_mpc_solarcar_upper_solver_py\17_mpc_solarcar_upp
er_solver_py.out)
(C:\Users\user\OneDrive - 和歌山大学\ソーラー\エネマネ\solar_ws0129-main\docs\program_refere
nce_complete_20260729\build\17_mpc_solarcar_upper_solver_py\17_mpc_solarcar_upp
er_solver_py.out)
(C:\Users\user\AppData\Local\Programs\MiKTeX\tex/latex/amsfonts\umsa.fd)
(C:\Users\user\AppData\Local\Programs\MiKTeX\tex/latex/amsfonts\umsb.fd)
(C:\Users\user\OneDrive - 和歌山大学\ソーラー\エネマネ\solar_ws0129-main\docs\program_refere
nce_complete_20260729\build\17_mpc_solarcar_upper_solver_py\17_mpc_solarcar_upp
er_solver_py.toc [1]) [2]
(C:\Users\user\AppData\Local\Programs\MiKTeX\tex/latex/listings\lstlang1.sty)
[3]
Underfull \hbox (badness 3088) in paragraph at lines 120--121
\TU/YuGothic(0)/m/n/10.95 主 要 関 数 は \TU/TimesNewRoman(0)/m/n/10.95 clip_to_boun
ds, finite_cost, default_seed_library, hybrid_bounded_minimize, add_candidate,

Underfull \hbox (badness 10000) in paragraph at lines 131--131
[]|$[][][][][][] [] [][][][][][][] []

Underfull \hbox (badness 10000) in paragraph at lines 136--136
[]|$[][][][][][] [] [][][] [] [][][] [] [][][][] []

Underfull \hbox (badness 10000) in paragraph at lines 160--160
[]|$[][][][] [] [][][][][][][] []

Underfull \hbox (badness 10000) in paragraph at lines 161--161
[]|$[][][][][][][][][][][][][][] []

Overfull \hbox (32.0393pt too wide) in paragraph at lines 161--161
[][][][][][][][][][][][][][][][][][][][][][][][][][][][][][][][] [][]

Underfull \hbox (badness 1337) in paragraph at lines 161--162
[]|\TU/TimesNewRoman(0)/m/n/10.95 concurrent.futures \TU/YuGothic(0)/m/n/10.95 
か ら \TU/TimesNewRoman(0)/m/n/10.95 ProcessPoolExecutor, Thread-

Underfull \hbox (badness 10000) in paragraph at lines 165--165
[]|$[][][][][][][][][][][][][][][][][][][][][][][][] [][]

Underfull \hbox (badness 10000) in paragraph at lines 165--165
[][][][][][][][] [][] [][][][] [][] [][][][][][][][] [][]

Underfull \hbox (badness 10000) in paragraph at lines 167--167
[]|$[][][][][][][][][] []
[4]

LaTeX Font Warning: Font shape `TU/YuGothic(0)/m/it' undefined
(Font)              using `TU/YuGothic(0)/m/n' instead on input line 189.

[5] [6] [7] [8] [9] [10]
Underfull \hbox (badness 10000) in paragraph at lines 497--498
[]\TU/YuGothic(0)/m/n/10.95 定 義\TU/TimesNewRoman(0)/m/n/10.95 : $[][][][][][][]
 [] [][][][] [] [][][][][][][][][][] [] [][] [] [][][][][][][] [][] [][][][][][
] [] [][][][][][] [] [][] [][] [][][][][][][][][][][][][][] [][] [][] []
[11] [12]
Underfull \hbox (badness 10000) in paragraph at lines 548--549
[][][][][][] [] [][][][][][] [][] [] [][] [][][][][][][] [] [][][] [][] [][][][
][][][][][][] [] [][][][][] [] [][][][][][][][][][][][][][][][][][] [][] [][] [
] [][][][][][][] [] [] []

Underfull \hbox (badness 10000) in paragraph at lines 548--549
[][][][] [] [][][][] [][] [][][] [] [][][][][][][] [] [][][][] [] [][][][] [][]
 [][][] [] [][][][] [] [][][] [] [][][][][][] [][] [][][][][] [] [][][][][][][]
[][][][] [] [][][] [] [] [][] [][][] []

Underfull \hbox (badness 10000) in paragraph at lines 548--549
[][][][][][][][][][] [] [][][] [] [][] [][] [][][] [] [][][][][] [] [][][] [] [
] [][] [][][][][] [] [][][][][][] [] [][][][] [] [][][] [] [] [][] [][][][] [] 
[][][][][][][] [] [][][][] []

Underfull \hbox (badness 10000) in paragraph at lines 548--549
[][][] [] [][][][][][] [][] [][][][][] [] [][][][] [] [][][] [] [] [][] [][][][
] [] [][][][][][][] [] [][][] [] [][][] [][] [][][][] [] [][][][][] [] [][][] [
] [] [][] [][][][] [] [][][][] []

Underfull \hbox (badness 10000) in paragraph at lines 548--549
[][][][][][] [] [][][] [] [] [][] [][][][] [] [][][][] [] [][][][][][] [] [][][
][][][][][][][][][][][] [] [][][][][] [] [][][][] [][] [][][][] [] [][][] [] []
[][][][][][][][][][] []

Underfull \hbox (badness 10000) in paragraph at lines 548--549
[][][] [] [][][][][][] [][] [][][][] [] [][][][][][][] [] [][][] [] [] [][] [][
][][][][][][] [] [][][][][][][][] [] [][][][][][][][][][][][][][] [] [][][][][]
[] [] [][][][][] [] [][][][] [][]

Underfull \hbox (badness 1748) in paragraph at lines 551--552
[]\TU/YuGothic(0)/m/n/10.95 戻 り 値 の 要 点\TU/TimesNewRoman(0)/m/n/10.95 : (np.asa
rray(best[’x’], dtype=float), {’success’: bool(best.get(’success’, True)), ’fun
’:

Overfull \hbox (20.50336pt too wide) in paragraph at lines 551--552
\TU/TimesNewRoman(0)/m/n/10.95 float(best[’fun’]), ’label’: str(best.get(’label
’, ’best’)), ’nit’: int(best.get(’nit’, 0) or 0), ’method’: str(best.get(’sourc
e’,

Overfull \hbox (21.56053pt too wide) in paragraph at lines 551--552
\TU/TimesNewRoman(0)/m/n/10.95 ’seed’)), ’message’: str(best.get(’message’, ”))
, ’candidates_evaluated’: int(len(evaluated) + discrete_grid_candidates

Overfull \hbox (1.25842pt too wide) in paragraph at lines 551--552
\TU/TimesNewRoman(0)/m/n/10.95 crete_global_proof’: discrete_global_proof, ’dis
crete_grid_levels’: discrete_grid_levels, ’discrete_grid_values’:

Underfull \hbox (badness 1783) in paragraph at lines 551--552
\TU/TimesNewRoman(0)/m/n/10.95 grid_values.tolist() if grid_values.size else []
, ’discrete_grid_candidates’: discrete_grid_candidates, ’dis-

Underfull \hbox (badness 10000) in paragraph at lines 551--552
\TU/TimesNewRoman(0)/m/n/10.95 crete_grid_nonfinite’: discrete_grid_nonfinite, 
’discrete_grid_best_fun’: discrete_grid_best_fun, ’dis-

Overfull \hbox (41.54312pt too wide) in paragraph at lines 551--552
\TU/TimesNewRoman(0)/m/n/10.95 terministic_seed_nonfinite’: deterministic_seed_
nonfinite, ’finite_library_candidates’: int(deterministic_seed_candidates

Overfull \hbox (11.8805pt too wide) in paragraph at lines 551--552
\TU/TimesNewRoman(0)/m/n/10.95 dtype=float).tolist(), ’selected_no_worse_than_g
rid’: selected_no_worse_than_grid, ’finite_library_global_proof’:

Underfull \hbox (badness 3428) in paragraph at lines 551--552
\TU/TimesNewRoman(0)/m/n/10.95 finite_library_global_proof, ’continuous_global_
proof’: False, ’certificate_scope’: certificate_scope}) /

Underfull \hbox (badness 10000) in paragraph at lines 552--553
\TU/TimesNewRoman(0)/m/n/10.95 candidate_x, cem_mode_norm, cem_used, certificat
e_scope, clipped, completed, consensus_spread,

Underfull \hbox (badness 10000) in paragraph at lines 552--553
\TU/TimesNewRoman(0)/m/n/10.95 declared_grid_values, default_seeds, determinist
ic_seed_candidates, deterministic_seed_nonfinite, dis-
[13] [14] [15] [16] [17] [18] [19] [20] [21] [22]
(C:\Users\user\OneDrive - 和歌山大学\ソーラー\エネマネ\solar_ws0129-main\docs\program_refere
nce_complete_20260729\build\17_mpc_solarcar_upper_solver_py\17_mpc_solarcar_upp
er_solver_py.aux)

LaTeX Font Warning: Some font shapes were not available, defaults substituted.

 )
(see the transcript file for additional information)
Output written on C:\Users\user\OneDrive - 和歌山大学\ソーラー\エネマネ\solar_ws0129-main\do
cs\program_reference_complete_20260729\build\17_mpc_solarcar_upper_solver_py\17
_mpc_solarcar_upper_solver_py.pdf (22 pages).
Transcript written on "C:\Users\user\OneDrive - 和歌山大学\ソーラー\エネマネ\solar_ws0129-ma
in\docs\program_reference_complete_20260729\build\17_mpc_solarcar_upper_solver_
py\17_mpc_solarcar_upper_solver_py.log".

miktex-dvipdfmx: major issue: So far, you have not checked for MiKTeX updates.
xelatex: major issue: So far, you have not checked for MiKTeX updates.

