This is XeTeX, Version 3.141592653-2.6-0.999997 (MiKTeX 25.12) (preloaded format=xelatex 2026.5.1)  29 JUL 2026 12:20
entering extended mode
 restricted \write18 enabled.
 %&-line parsing enabled.
**"C:/Users/user/OneDrive - 和歌山大学/ソーラー/エネマネ/solar_ws0129-main/docs/program_refe
rence_complete_20260729/tex/40_scripts_generate_fit_fullsim_report_py.tex"

(C:/Users/user/OneDrive - 和歌山大学/ソーラー/エネマネ/solar_ws0129-main/docs/program_refere
nce_complete_20260729/tex/40_scripts_generate_fit_fullsim_report_py.tex
LaTeX2e <2025-11-01>
L3 programming layer <2025-12-24>
(C:\Users\user\AppData\Local\Programs\MiKTeX\tex/latex/base\article.cls
Document Class: article 2025/01/22 v1.4n Standard LaTeX document class
(C:\Users\user\AppData\Local\Programs\MiKTeX\tex/latex/base\size11.clo
File: size11.clo 2025/01/22 v1.4n Standard LaTeX file (size option)
)
\c@part=\count271
\c@section=\count272
\c@subsection=\count273
\c@subsubsection=\count274
\c@paragraph=\count275
\c@subparagraph=\count276
\c@figure=\count277
\c@table=\count278
\abovecaptionskip=\skip49
\belowcaptionskip=\skip50
\bibindent=\dimen148
)
(C:\Users\user\AppData\Local\Programs\MiKTeX\tex/latex/geometry\geometry.sty
Package: geometry 2026/03/07 v6.0 Page Geometry

(C:\Users\user\AppData\Local\Programs\MiKTeX\tex/latex/graphics\keyval.sty
Package: keyval 2022/05/29 v1.15 key=value parser (DPC)
\KV@toks@=\toks17
)
(C:\Users\user\AppData\Local\Programs\MiKTeX\tex/generic/iftex\ifvtex.sty
Package: ifvtex 2019/10/25 v1.7 ifvtex legacy package. Use iftex instead.

(C:\Users\user\AppData\Local\Programs\MiKTeX\tex/generic/iftex\iftex.sty
Package: iftex 2024/12/12 v1.0g TeX engine tests
))
\Gm@cnth=\count279
\Gm@cntv=\count280
\c@Gm@tempcnt=\count281
\Gm@bindingoffset=\dimen149
\Gm@wd@mp=\dimen150
\Gm@odd@mp=\dimen151
\Gm@even@mp=\dimen152
\Gm@layoutwidth=\dimen153
\Gm@layoutheight=\dimen154
\Gm@layouthoffset=\dimen155
\Gm@layoutvoffset=\dimen156
\Gm@dimlist=\toks18

(C:\Users\user\AppData\Local\Programs\MiKTeX\tex/latex/geometry\geometry.cfg))
(C:\Users\user\AppData\Local\Programs\MiKTeX\tex/latex/fontspec\fontspec.sty
(C:\Users\user\AppData\Local\Programs\MiKTeX\tex/latex/l3packages/xparse\xparse
.sty (C:\Users\user\AppData\Local\Programs\MiKTeX\tex/latex/l3kernel\expl3.sty
Package: expl3 2025-12-24 L3 programming layer (loader) 

(C:\Users\user\AppData\Local\Programs\MiKTeX\tex/latex/l3backend\l3backend-xete
x.def
File: l3backend-xetex.def 2025-10-09 L3 backend support: XeTeX
\g__graphics_track_int=\count282
\g__pdfannot_backend_int=\count283
\g__pdfannot_backend_link_int=\count284
))
Package: xparse 2025-10-09 L3 Experimental document command parser
)
Package: fontspec 2025/09/29 v2.9g Font selection for XeLaTeX and LuaLaTeX

(C:\Users\user\AppData\Local\Programs\MiKTeX\tex/latex/fontspec\fontspec-xetex.
sty
Package: fontspec-xetex 2025/09/29 v2.9g Font selection for XeLaTeX and LuaLaTe
X
\l__fontspec_script_int=\count285
\l__fontspec_language_int=\count286
\l__fontspec_strnum_int=\count287
\l__fontspec_tmp_int=\count288
\l__fontspec_tmpa_int=\count289
\l__fontspec_tmpb_int=\count290
\l__fontspec_tmpc_int=\count291
\l__fontspec_em_int=\count292
\l__fontspec_emdef_int=\count293
\l__fontspec_strong_int=\count294
\l__fontspec_strongdef_int=\count295
\l__fontspec_tmpa_dim=\dimen157
\l__fontspec_tmpb_dim=\dimen158
\l__fontspec_tmpc_dim=\dimen159
 (C:\Users\user\AppData\Local\Programs\MiKTeX\tex/latex/base\fontenc.sty
Package: fontenc 2025/07/18 v2.1d Standard LaTeX package
)
(C:\Users\user\AppData\Local\Programs\MiKTeX\tex/latex/fontspec\fontspec.cfg)))
(C:\Users\user\AppData\Local\Programs\MiKTeX\tex/xelatex/xecjk\xeCJK.sty
Package: xeCJK 2022/08/05 v3.9.1 Typesetting CJK scripts with XeLaTeX

(C:\Users\user\AppData\Local\Programs\MiKTeX\tex/latex/ctex\ctexhook.sty
Package: ctexhook 2022/07/14 v2.5.10 Document and package hooks (CTEX)
)
(C:\Users\user\AppData\Local\Programs\MiKTeX\tex/latex/l3packages/xtemplate\xte
mplate.sty
Package: xtemplate 2025-10-09 L3 Experimental prototype document functions
)
\l__xeCJK_tmp_int=\count296
\l__xeCJK_tmp_box=\box53
\l__xeCJK_tmp_dim=\dimen160
\l__xeCJK_tmp_skip=\skip51
\g__xeCJK_space_factor_int=\count297
\l__xeCJK_begin_int=\count298
\l__xeCJK_end_int=\count299
\c__xeCJK_CJK_class_int=\XeTeXcharclass1
\c__xeCJK_FullLeft_class_int=\XeTeXcharclass2
\c__xeCJK_FullRight_class_int=\XeTeXcharclass3
\c__xeCJK_HalfLeft_class_int=\XeTeXcharclass4
\c__xeCJK_HalfRight_class_int=\XeTeXcharclass5
\c__xeCJK_NormalSpace_class_int=\XeTeXcharclass6
\c__xeCJK_CM_class_int=\XeTeXcharclass7
\c__xeCJK_HangulJamo_class_int=\XeTeXcharclass8
\l__xeCJK_last_skip=\skip52
\c__xeCJK_none_node=\count300
\g__xeCJK_node_int=\count301
\c__xeCJK_CJK_node_dim=\dimen161
\c__xeCJK_CJK-space_node_dim=\dimen162
\c__xeCJK_default_node_dim=\dimen163
\c__xeCJK_CJK-widow_node_dim=\dimen164
\c__xeCJK_normalspace_node_dim=\dimen165
\c__xeCJK_default-space_node_skip=\skip53
\l__xeCJK_ccglue_skip=\skip54
\l__xeCJK_ecglue_skip=\skip55
\l__xeCJK_punct_kern_skip=\skip56
\l__xeCJK_indent_box=\box54
\l__xeCJK_last_penalty_int=\count302
\l__xeCJK_last_bound_dim=\dimen166
\l__xeCJK_last_kern_dim=\dimen167
\l__xeCJK_widow_penalty_int=\count303

LaTeX template Info: Declaring template type 'xeCJK/punctuation' taking 0
(template)           argument(s) on line 2396.

\l__xeCJK_fixed_punct_width_dim=\dimen168
\l__xeCJK_mixed_punct_width_dim=\dimen169
\l__xeCJK_middle_punct_width_dim=\dimen170
\l__xeCJK_fixed_margin_width_dim=\dimen171
\l__xeCJK_mixed_margin_width_dim=\dimen172
\l__xeCJK_middle_margin_width_dim=\dimen173
\l__xeCJK_bound_punct_width_dim=\dimen174
\l__xeCJK_bound_margin_width_dim=\dimen175
\l__xeCJK_margin_minimum_dim=\dimen176
\l__xeCJK_kerning_total_width_dim=\dimen177
\l__xeCJK_same_align_margin_dim=\dimen178
\l__xeCJK_different_align_margin_dim=\dimen179
\l__xeCJK_kerning_margin_width_dim=\dimen180
\l__xeCJK_kerning_margin_minimum_dim=\dimen181
\l__xeCJK_bound_dim=\dimen182
\l__xeCJK_reverse_bound_dim=\dimen183
\l__xeCJK_margin_dim=\dimen184
\l__xeCJK_minimum_bound_dim=\dimen185
\l__xeCJK_kerning_margin_dim=\dimen186
\g__xeCJK_family_int=\count304
\l__xeCJK_fam_int=\count305
\g__xeCJK_fam_allocation_int=\count306
\l__xeCJK_verb_case_int=\count307
\l__xeCJK_verb_exspace_skip=\skip57

(C:\Users\user\AppData\Local\Programs\MiKTeX\tex/xelatex/xecjk\xeCJK.cfg
File: xeCJK.cfg 2022/08/05 v3.9.1 Configuration file for xeCJK package
))

Package fontspec Info: 
(fontspec)             Font family 'TimesNewRoman(0)' created for font 'Times
(fontspec)             New Roman' with options [Ligatures=TeX].
(fontspec)              
(fontspec)              This font family consists of the following NFSS
(fontspec)             series/shapes:
(fontspec)              
(fontspec)             - 'normal' (m/n) with NFSS spec.: <->"Times New
(fontspec)             Roman/OT:script=latn;language=dflt;mapping=tex-text;"
(fontspec)             - 'small caps'  (m/sc) with NFSS spec.: <->"Times New
(fontspec)             Roman/OT:script=latn;language=dflt;+smcp;mapping=tex-tex
t;"
(fontspec)             - 'bold' (b/n) with NFSS spec.: <->"Times New
(fontspec)             Roman/B/OT:script=latn;language=dflt;mapping=tex-text;"
(fontspec)             - 'bold small caps'  (b/sc) with NFSS spec.: <->"Times
(fontspec)             New
(fontspec)             Roman/B/OT:script=latn;language=dflt;+smcp;mapping=tex-t
ext;"
(fontspec)             - 'italic' (m/it) with NFSS spec.: <->"Times New
(fontspec)             Roman/I/OT:script=latn;language=dflt;mapping=tex-text;"
(fontspec)             - 'italic small caps'  (m/scit) with NFSS spec.:
(fontspec)             <->"Times New
(fontspec)             Roman/I/OT:script=latn;language=dflt;+smcp;mapping=tex-t
ext;"
(fontspec)             - 'bold italic' (b/it) with NFSS spec.: <->"Times New
(fontspec)             Roman/BI/OT:script=latn;language=dflt;mapping=tex-text;"

(fontspec)             - 'bold italic small caps'  (b/scit) with NFSS spec.:
(fontspec)             <->"Times New
(fontspec)             Roman/BI/OT:script=latn;language=dflt;+smcp;mapping=tex-
text;"


Package fontspec Info: 
(fontspec)             Could not resolve font "Yu Gothic/I" (it probably
(fontspec)             doesn't exist).


Package fontspec Info: 
(fontspec)             Font family 'YuGothic(0)' created for font 'Yu Gothic'
(fontspec)             with options [Script={CJK}].
(fontspec)              
(fontspec)              This font family consists of the following NFSS
(fontspec)             series/shapes:
(fontspec)              
(fontspec)             - 'normal' (m/n) with NFSS spec.: <->"Yu
(fontspec)             Gothic/OT:script=hani;language=dflt;"
(fontspec)             - 'bold' (b/n) with NFSS spec.: <->"Yu
(fontspec)             Gothic/B/OT:script=hani;language=dflt;"
(fontspec)             - 'bold italic' (b/it) with NFSS spec.: <->"Yu
(fontspec)             Gothic/BI/OT:script=hani;language=dflt;"


Package fontspec Info: 
(fontspec)             Font family 'Consolas(0)' created for font 'Consolas'
(fontspec)             with options
(fontspec)             [WordSpace={1,0,0},HyphenChar=None,PunctuationSpace=Word
Space].
(fontspec)              
(fontspec)              This font family consists of the following NFSS
(fontspec)             series/shapes:
(fontspec)              
(fontspec)             - 'normal' (m/n) with NFSS spec.:
(fontspec)             <->"Consolas/OT:script=latn;language=dflt;"
(fontspec)             - 'bold' (b/n) with NFSS spec.:
(fontspec)             <->"Consolas/B/OT:script=latn;language=dflt;"
(fontspec)             - 'italic' (m/it) with NFSS spec.:
(fontspec)             <->"Consolas/I/OT:script=latn;language=dflt;"
(fontspec)             - 'bold italic' (b/it) with NFSS spec.:
(fontspec)             <->"Consolas/BI/OT:script=latn;language=dflt;"


(C:\Users\user\AppData\Local\Programs\MiKTeX\tex/latex/booktabs\booktabs.sty
Package: booktabs 2020/01/12 v1.61803398 Publication quality tables
\heavyrulewidth=\dimen187
\lightrulewidth=\dimen188
\cmidrulewidth=\dimen189
\belowrulesep=\dimen190
\belowbottomsep=\dimen191
\aboverulesep=\dimen192
\abovetopsep=\dimen193
\cmidrulesep=\dimen194
\cmidrulekern=\dimen195
\defaultaddspace=\dimen196
\@cmidla=\count308
\@cmidlb=\count309
\@aboverulesep=\dimen197
\@belowrulesep=\dimen198
\@thisruleclass=\count310
\@lastruleclass=\count311
\@thisrulewidth=\dimen199
)
(C:\Users\user\AppData\Local\Programs\MiKTeX\tex/latex/tools\longtable.sty
Package: longtable 2025-10-13 v4.24 Multi-page Table package (DPC)
\LTleft=\skip58
\LTright=\skip59
\LTpre=\skip60
\LTpost=\skip61
\LTchunksize=\count312
\LTcapwidth=\dimen256
\LT@head=\box55
\LT@firsthead=\box56
\LT@foot=\box57
\LT@lastfoot=\box58
\LT@gbox=\box59
\LT@cols=\count313
\LT@rows=\count314
\c@LT@tables=\count315
\c@LT@chunks=\count316
\LT@p@ftn=\toks19
)
(C:\Users\user\AppData\Local\Programs\MiKTeX\tex/latex/tools\tabularx.sty
Package: tabularx 2023/12/11 v2.12a `tabularx' package (DPC)

(C:\Users\user\AppData\Local\Programs\MiKTeX\tex/latex/tools\array.sty
Package: array 2025/09/25 v2.6n Tabular extension package (FMi)
\col@sep=\dimen257
\ar@mcellbox=\box60
\extrarowheight=\dimen258
\NC@list=\toks20
\extratabsurround=\skip62
\backup@length=\skip63
\ar@cellbox=\box61
)
\TX@col@width=\dimen259
\TX@old@table=\dimen260
\TX@old@col=\dimen261
\TX@target=\dimen262
\TX@delta=\dimen263
\TX@cols=\count317
\TX@ftn=\toks21
)
(C:\Users\user\AppData\Local\Programs\MiKTeX\tex/latex/enumitem\enumitem.sty
Package: enumitem 2025/02/06 v3.11 Customized lists
\labelindent=\skip64
\enit@outerparindent=\dimen264
\enit@toks=\toks22
\enit@inbox=\box62
\enit@count@id=\count318
\enitdp@description=\count319
)
(C:\Users\user\AppData\Local\Programs\MiKTeX\tex/latex/hyperref\hyperref.sty
Package: hyperref 2025-07-12 v7.01o Hypertext links for LaTeX

(C:\Users\user\AppData\Local\Programs\MiKTeX\tex/latex/kvsetkeys\kvsetkeys.sty
Package: kvsetkeys 2022-10-05 v1.19 Key value parser (HO)
)
(C:\Users\user\AppData\Local\Programs\MiKTeX\tex/generic/kvdefinekeys\kvdefinek
eys.sty
Package: kvdefinekeys 2019-12-19 v1.6 Define keys (HO)
)
(C:\Users\user\AppData\Local\Programs\MiKTeX\tex/generic/pdfescape\pdfescape.st
y
Package: pdfescape 2019/12/09 v1.15 Implements pdfTeX's escape features (HO)
 (C:\Users\user\AppData\Local\Programs\MiKTeX\tex/generic/ltxcmds\ltxcmds.sty
Package: ltxcmds 2023-12-04 v1.26 LaTeX kernel commands for general use (HO)
)
(C:\Users\user\AppData\Local\Programs\MiKTeX\tex/generic/pdftexcmds\pdftexcmds.
sty
Package: pdftexcmds 2020-06-27 v0.33 Utility functions of pdfTeX for LuaTeX (HO
)

(C:\Users\user\AppData\Local\Programs\MiKTeX\tex/generic/infwarerr\infwarerr.st
y
Package: infwarerr 2019/12/03 v1.5 Providing info/warning/error messages (HO)
)
Package pdftexcmds Info: \pdf@primitive is available.
Package pdftexcmds Info: \pdf@ifprimitive is available.
Package pdftexcmds Info: \pdfdraftmode not found.
)) (C:\Users\user\AppData\Local\Programs\MiKTeX\tex/latex/hycolor\hycolor.sty
Package: hycolor 2020-01-27 v1.10 Color options for hyperref/bookmark (HO)
) (C:\Users\user\AppData\Local\Programs\MiKTeX\tex/latex/hyperref\nameref.sty
Package: nameref 2025-06-21 v2.57 Cross-referencing by name of section

(C:\Users\user\AppData\Local\Programs\MiKTeX\tex/latex/refcount\refcount.sty
Package: refcount 2019/12/15 v3.6 Data extraction from label references (HO)
)
(C:\Users\user\AppData\Local\Programs\MiKTeX\tex/generic/gettitlestring\gettitl
estring.sty
Package: gettitlestring 2019/12/15 v1.6 Cleanup title references (HO)

(C:\Users\user\AppData\Local\Programs\MiKTeX\tex/latex/kvoptions\kvoptions.sty
Package: kvoptions 2022-06-15 v3.15 Key value format for package options (HO)
))
\c@section@level=\count320
) (C:\Users\user\AppData\Local\Programs\MiKTeX\tex/latex/etoolbox\etoolbox.sty
Package: etoolbox 2025/10/02 v2.5m e-TeX tools for LaTeX (JAW)
\etb@tempcnta=\count321
)
(C:\Users\user\AppData\Local\Programs\MiKTeX\tex/generic/stringenc\stringenc.st
y
Package: stringenc 2019/11/29 v1.12 Convert strings between diff. encodings (HO
)
)
\@linkdim=\dimen265
\Hy@linkcounter=\count322
\Hy@pagecounter=\count323
 (C:\Users\user\AppData\Local\Programs\MiKTeX\tex/latex/hyperref\pd1enc.def
File: pd1enc.def 2025-07-12 v7.01o Hyperref: PDFDocEncoding definition (HO)
)
(C:\Users\user\AppData\Local\Programs\MiKTeX\tex/generic/intcalc\intcalc.sty
Package: intcalc 2019/12/15 v1.3 Expandable calculations with integers (HO)
)
\Hy@SavedSpaceFactor=\count324

(C:\Users\user\AppData\Local\Programs\MiKTeX\tex/latex/hyperref\puenc.def
File: puenc.def 2025-07-12 v7.01o Hyperref: PDF Unicode definition (HO)
)
Package hyperref Info: Hyper figures OFF on input line 4195.
Package hyperref Info: Link nesting OFF on input line 4200.
Package hyperref Info: Hyper index ON on input line 4203.
Package hyperref Info: Plain pages OFF on input line 4210.
Package hyperref Info: Backreferencing OFF on input line 4215.
Package hyperref Info: Implicit mode ON; LaTeX internals redefined.
Package hyperref Info: Bookmarks ON on input line 4462.
\c@Hy@tempcnt=\count325

(C:\Users\user\AppData\Local\Programs\MiKTeX\tex/latex/url\url.sty
\Urlmuskip=\muskip17
Package: url 2013/09/16  ver 3.4  Verb mode for urls, etc.
)
LaTeX Info: Redefining \url on input line 4801.
\XeTeXLinkMargin=\dimen266

(C:\Users\user\AppData\Local\Programs\MiKTeX\tex/generic/bitset\bitset.sty
Package: bitset 2019/12/09 v1.3 Handle bit-vector datatype (HO)

(C:\Users\user\AppData\Local\Programs\MiKTeX\tex/generic/bigintcalc\bigintcalc.
sty
Package: bigintcalc 2019/12/15 v1.5 Expandable calculations on big integers (HO
)
))
\Fld@menulength=\count326
\Field@Width=\dimen267
\Fld@charsize=\dimen268
Package hyperref Info: Hyper figures OFF on input line 6078.
Package hyperref Info: Link nesting OFF on input line 6083.
Package hyperref Info: Hyper index ON on input line 6086.
Package hyperref Info: backreferencing OFF on input line 6093.
Package hyperref Info: Link coloring OFF on input line 6098.
Package hyperref Info: Link coloring with OCG OFF on input line 6103.
Package hyperref Info: PDF/A mode OFF on input line 6108.
\Hy@abspage=\count327
\c@Item=\count328
\c@Hfootnote=\count329
)
Package hyperref Info: Driver (autodetected): hxetex.

(C:\Users\user\AppData\Local\Programs\MiKTeX\tex/latex/hyperref\hxetex.def
File: hxetex.def 2025-07-12 v7.01o Hyperref driver for XeTeX
\pdfm@box=\box63
\c@Hy@AnnotLevel=\count330
\HyField@AnnotCount=\count331
\Fld@listcount=\count332
\c@bookmark@seq@number=\count333

(C:\Users\user\AppData\Local\Programs\MiKTeX\tex/latex/rerunfilecheck\rerunfile
check.sty
Package: rerunfilecheck 2025-06-21 v1.11 Rerun checks for auxiliary files (HO)

(C:\Users\user\AppData\Local\Programs\MiKTeX\tex/generic/uniquecounter\uniqueco
unter.sty
Package: uniquecounter 2019/12/15 v1.4 Provide unlimited unique counter (HO)
)
Package uniquecounter Info: New unique counter `rerunfilecheck' on input line 2
84.
)
\Hy@SectionHShift=\skip65
)
(C:\Users\user\AppData\Local\Programs\MiKTeX\tex/latex/listings\listings.sty
\lst@mode=\count334
\lst@gtempboxa=\box64
\lst@token=\toks23
\lst@length=\count335
\lst@currlwidth=\dimen269
\lst@column=\count336
\lst@pos=\count337
\lst@lostspace=\dimen270
\lst@width=\dimen271
\lst@newlines=\count338
\lst@lineno=\count339
\lst@maxwidth=\dimen272

(C:\Users\user\AppData\Local\Programs\MiKTeX\tex/latex/listings\lstpatch.sty
File: lstpatch.sty 2025/11/14 1.11b (Carsten Heinz)
)
(C:\Users\user\AppData\Local\Programs\MiKTeX\tex/latex/listings\lstmisc.sty
File: lstmisc.sty 2025/11/14 1.11b (Carsten Heinz)
\c@lstnumber=\count340
\lst@skipnumbers=\count341
\lst@framebox=\box65
)
(C:\Users\user\AppData\Local\Programs\MiKTeX\tex/latex/listings\listings.cfg
File: listings.cfg 2025/11/14 1.11b listings configuration
))
Package: listings 2025/11/14 1.11b (Carsten Heinz)

(C:\Users\user\AppData\Local\Programs\MiKTeX\tex/xelatex/xecjk\xeCJK-listings.s
ty
Package: xeCJK-listings 2022/08/05 v3.9.1 xeCJK patch file for listings
\l__xeCJK_listings_max_char_int=\count342
\l__xeCJK_listings_flag_int=\count343
)
==> First Aid for listings.sty no longer applied!
    Expected:
        2024/09/23 1.10c (Carsten Heinz)
    but found:
        2025/11/14 1.11b (Carsten Heinz)
    so I'm assuming it got fixed.
(C:\Users\user\AppData\Local\Programs\MiKTeX\tex/latex/xcolor\xcolor.sty
Package: xcolor 2024/09/29 v3.02 LaTeX color extensions (UK)

(C:\Users\user\AppData\Local\Programs\MiKTeX\tex/latex/graphics-cfg\color.cfg
File: color.cfg 2016/01/02 v1.6 sample color configuration
)
Package xcolor Info: Driver file: xetex.def on input line 274.

(C:\Users\user\AppData\Local\Programs\MiKTeX\tex/latex/graphics-def\xetex.def
File: xetex.def 2025/11/01 v5.0p Graphics/color driver for xetex
)
(C:\Users\user\AppData\Local\Programs\MiKTeX\tex/latex/graphics\mathcolor.ltx)
Package xcolor Info: Model `cmy' substituted by `cmy0' on input line 1349.
Package xcolor Info: Model `RGB' extended on input line 1365.
Package xcolor Info: Model `HTML' substituted by `rgb' on input line 1367.
Package xcolor Info: Model `Hsb' substituted by `hsb' on input line 1368.
Package xcolor Info: Model `tHsb' substituted by `hsb' on input line 1369.
Package xcolor Info: Model `HSB' substituted by `hsb' on input line 1370.
Package xcolor Info: Model `Gray' substituted by `gray' on input line 1371.
Package xcolor Info: Model `wave' substituted by `hsb' on input line 1372.
) (C:\Users\user\AppData\Local\Programs\MiKTeX\tex/latex/amsmath\amsmath.sty
Package: amsmath 2025/07/09 v2.17z AMS math features
\@mathmargin=\skip66

For additional information on amsmath, use the `?' option.
(C:\Users\user\AppData\Local\Programs\MiKTeX\tex/latex/amsmath\amstext.sty
Package: amstext 2024/11/17 v2.01 AMS text

(C:\Users\user\AppData\Local\Programs\MiKTeX\tex/latex/amsmath\amsgen.sty
File: amsgen.sty 1999/11/30 v2.0 generic functions
\@emptytoks=\toks24
\ex@=\dimen273
))
(C:\Users\user\AppData\Local\Programs\MiKTeX\tex/latex/amsmath\amsbsy.sty
Package: amsbsy 1999/11/29 v1.2d Bold Symbols
\pmbraise@=\dimen274
)
(C:\Users\user\AppData\Local\Programs\MiKTeX\tex/latex/amsmath\amsopn.sty
Package: amsopn 2022/04/08 v2.04 operator names
)
\inf@bad=\count344
LaTeX Info: Redefining \frac on input line 233.
\uproot@=\count345
\leftroot@=\count346
LaTeX Info: Redefining \overline on input line 398.
LaTeX Info: Redefining \colon on input line 409.
\classnum@=\count347
\DOTSCASE@=\count348
LaTeX Info: Redefining \ldots on input line 495.
LaTeX Info: Redefining \dots on input line 498.
LaTeX Info: Redefining \cdots on input line 619.
\Mathstrutbox@=\box66
\strutbox@=\box67
LaTeX Info: Redefining \big on input line 721.
LaTeX Info: Redefining \Big on input line 722.
LaTeX Info: Redefining \bigg on input line 723.
LaTeX Info: Redefining \Bigg on input line 724.
\big@size=\dimen275
LaTeX Font Info:    Redeclaring font encoding OML on input line 742.
LaTeX Font Info:    Redeclaring font encoding OMS on input line 743.
\macc@depth=\count349
LaTeX Info: Redefining \bmod on input line 904.
LaTeX Info: Redefining \pmod on input line 909.
LaTeX Info: Redefining \smash on input line 939.
LaTeX Info: Redefining \relbar on input line 969.
LaTeX Info: Redefining \Relbar on input line 970.
\c@MaxMatrixCols=\count350
\dotsspace@=\muskip18
\c@parentequation=\count351
\dspbrk@lvl=\count352
\tag@help=\toks25
\row@=\count353
\column@=\count354
\maxfields@=\count355
\andhelp@=\toks26
\eqnshift@=\dimen276
\alignsep@=\dimen277
\tagshift@=\dimen278
\tagwidth@=\dimen279
\totwidth@=\dimen280
\lineht@=\dimen281
\@envbody=\toks27
\multlinegap=\skip67
\multlinetaggap=\skip68
\mathdisplay@stack=\toks28
LaTeX Info: Redefining \[ on input line 2950.
LaTeX Info: Redefining \] on input line 2951.
)
(C:\Users\user\AppData\Local\Programs\MiKTeX\tex/latex/amsfonts\amssymb.sty
Package: amssymb 2013/01/14 v3.01 AMS font symbols

(C:\Users\user\AppData\Local\Programs\MiKTeX\tex/latex/amsfonts\amsfonts.sty
Package: amsfonts 2013/01/14 v3.01 Basic AMSFonts support
\symAMSa=\mathgroup4
\symAMSb=\mathgroup5
LaTeX Font Info:    Redeclaring math symbol \hbar on input line 98.
LaTeX Font Info:    Overwriting math alphabet `\mathfrak' in version `bold'
(Font)                  U/euf/m/n --> U/euf/b/n on input line 106.
))
Package hyperref Info: Option `colorlinks' set `true' on input line 25.

(C:\Users\user\OneDrive - 和歌山大学\ソーラー\エネマネ\solar_ws0129-main\docs\program_refere
nce_complete_20260729\build\40_scripts_generate_fit_fullsim_report_py\40_script
s_generate_fit_fullsim_report_py.aux)
\openout1 = `40_scripts_generate_fit_fullsim_report_py.aux'.

LaTeX Font Info:    Checking defaults for OML/cmm/m/it on input line 43.
LaTeX Font Info:    ... okay on input line 43.
LaTeX Font Info:    Checking defaults for OMS/cmsy/m/n on input line 43.
LaTeX Font Info:    ... okay on input line 43.
LaTeX Font Info:    Checking defaults for OT1/cmr/m/n on input line 43.
LaTeX Font Info:    ... okay on input line 43.
LaTeX Font Info:    Checking defaults for T1/cmr/m/n on input line 43.
LaTeX Font Info:    ... okay on input line 43.
LaTeX Font Info:    Checking defaults for TS1/cmr/m/n on input line 43.
LaTeX Font Info:    ... okay on input line 43.
LaTeX Font Info:    Checking defaults for TU/lmr/m/n on input line 43.
LaTeX Font Info:    ... okay on input line 43.
LaTeX Font Info:    Checking defaults for OMX/cmex/m/n on input line 43.
LaTeX Font Info:    ... okay on input line 43.
LaTeX Font Info:    Checking defaults for U/cmr/m/n on input line 43.
LaTeX Font Info:    ... okay on input line 43.
LaTeX Font Info:    Checking defaults for PD1/pdf/m/n on input line 43.
LaTeX Font Info:    ... okay on input line 43.
LaTeX Font Info:    Checking defaults for PU/pdf/m/n on input line 43.
LaTeX Font Info:    ... okay on input line 43.

*geometry* driver: auto-detecting
*geometry* detected driver: xetex
*geometry* verbose mode - [ preamble ] result:
* driver: xetex
* paper: a4paper
* layout: <same size as paper>
* layoutoffset:(h,v)=(0.0pt,0.0pt)
* modes: 
* h-part:(L,W,R)=(45.5244pt, 506.45908pt, 45.5244pt)
* v-part:(T,H,B)=(42.67912pt, 751.15277pt, 51.21495pt)
* \paperwidth=597.50787pt
* \paperheight=845.04684pt
* \textwidth=506.45908pt
* \textheight=751.15277pt
* \oddsidemargin=-26.74559pt
* \evensidemargin=-26.74559pt
* \topmargin=-66.59087pt
* \headheight=12.0pt
* \headsep=25.0pt
* \topskip=11.0pt
* \footskip=30.0pt
* \marginparwidth=50.0pt
* \marginparsep=10.0pt
* \columnsep=10.0pt
* \skip\footins=10.0pt plus 4.0pt minus 2.0pt
* \hoffset=0.0pt
* \voffset=0.0pt
* \mag=1000
* \@twocolumnfalse
* \@twosidefalse
* \@mparswitchfalse
* \@reversemarginfalse
* (1in=72.27pt=25.4mm, 1cm=28.453pt)


Package fontspec Info: 
(fontspec)             Adjusting the maths setup (use [no-math] to avoid
(fontspec)             this).

\symlegacymaths=\mathgroup6
LaTeX Font Info:    Overwriting symbol font `legacymaths' in version `bold'
(Font)                  OT1/cmr/m/n --> OT1/cmr/bx/n on input line 43.
LaTeX Font Info:    Redeclaring math accent \acute on input line 43.
LaTeX Font Info:    Redeclaring math accent \grave on input line 43.
LaTeX Font Info:    Redeclaring math accent \ddot on input line 43.
LaTeX Font Info:    Redeclaring math accent \tilde on input line 43.
LaTeX Font Info:    Redeclaring math accent \bar on input line 43.
LaTeX Font Info:    Redeclaring math accent \breve on input line 43.
LaTeX Font Info:    Redeclaring math accent \check on input line 43.
LaTeX Font Info:    Redeclaring math accent \hat on input line 43.
LaTeX Font Info:    Redeclaring math accent \dot on input line 43.
LaTeX Font Info:    Redeclaring math accent \mathring on input line 43.
LaTeX Font Info:    Redeclaring math symbol \Gamma on input line 43.
LaTeX Font Info:    Redeclaring math symbol \Delta on input line 43.
LaTeX Font Info:    Redeclaring math symbol \Theta on input line 43.
LaTeX Font Info:    Redeclaring math symbol \Lambda on input line 43.
LaTeX Font Info:    Redeclaring math symbol \Xi on input line 43.
LaTeX Font Info:    Redeclaring math symbol \Pi on input line 43.
LaTeX Font Info:    Redeclaring math symbol \Sigma on input line 43.
LaTeX Font Info:    Redeclaring math symbol \Upsilon on input line 43.
LaTeX Font Info:    Redeclaring math symbol \Phi on input line 43.
LaTeX Font Info:    Redeclaring math symbol \Psi on input line 43.
LaTeX Font Info:    Redeclaring math symbol \Omega on input line 43.
LaTeX Font Info:    Redeclaring math symbol \mathdollar on input line 43.
LaTeX Font Info:    Redeclaring symbol font `operators' on input line 43.
LaTeX Font Info:    Encoding `OT1' has changed to `TU' for symbol font
(Font)              `operators' in the math version `normal' on input line 43.
LaTeX Font Info:    Overwriting symbol font `operators' in version `normal'
(Font)                  OT1/cmr/m/n --> TU/TimesNewRoman(0)/m/n on input line 4
3.
LaTeX Font Info:    Encoding `OT1' has changed to `TU' for symbol font
(Font)              `operators' in the math version `bold' on input line 43.
LaTeX Font Info:    Overwriting symbol font `operators' in version `bold'
(Font)                  OT1/cmr/bx/n --> TU/TimesNewRoman(0)/m/n on input line 
43.
LaTeX Font Info:    Overwriting symbol font `operators' in version `normal'
(Font)                  TU/TimesNewRoman(0)/m/n --> TU/TimesNewRoman(0)/m/n on 
input line 43.
LaTeX Font Info:    Overwriting math alphabet `\mathit' in version `normal'
(Font)                  OT1/cmr/m/it --> TU/TimesNewRoman(0)/m/it on input line
 43.
LaTeX Font Info:    Overwriting math alphabet `\mathbf' in version `normal'
(Font)                  OT1/cmr/bx/n --> TU/TimesNewRoman(0)/b/n on input line 
43.
LaTeX Font Info:    Overwriting math alphabet `\mathsf' in version `normal'
(Font)                  OT1/cmss/m/n --> TU/lmss/m/n on input line 43.
LaTeX Font Info:    Overwriting math alphabet `\mathtt' in version `normal'
(Font)                  OT1/cmtt/m/n --> TU/Consolas(0)/m/n on input line 43.
LaTeX Font Info:    Overwriting symbol font `operators' in version `bold'
(Font)                  TU/TimesNewRoman(0)/m/n --> TU/TimesNewRoman(0)/b/n on 
input line 43.
LaTeX Font Info:    Overwriting math alphabet `\mathit' in version `bold'
(Font)                  OT1/cmr/bx/it --> TU/TimesNewRoman(0)/b/it on input lin
e 43.
LaTeX Font Info:    Overwriting math alphabet `\mathsf' in version `bold'
(Font)                  OT1/cmss/bx/n --> TU/lmss/b/n on input line 43.
LaTeX Font Info:    Overwriting math alphabet `\mathtt' in version `bold'
(Font)                  OT1/cmtt/m/n --> TU/Consolas(0)/b/n on input line 43.
Package hyperref Info: Link coloring ON on input line 43.

(C:\Users\user\OneDrive - 和歌山大学\ソーラー\エネマネ\solar_ws0129-main\docs\program_refere
nce_complete_20260729\build\40_scripts_generate_fit_fullsim_report_py\40_script
s_generate_fit_fullsim_report_py.out)
(C:\Users\user\OneDrive - 和歌山大学\ソーラー\エネマネ\solar_ws0129-main\docs\program_refere
nce_complete_20260729\build\40_scripts_generate_fit_fullsim_report_py\40_script
s_generate_fit_fullsim_report_py.out)
\@outlinefile=\write3
\openout3 = `40_scripts_generate_fit_fullsim_report_py.out'.

\c@lstlisting=\count356
LaTeX Font Info:    Trying to load font information for U+msa on input line 45.


(C:\Users\user\AppData\Local\Programs\MiKTeX\tex/latex/amsfonts\umsa.fd
File: umsa.fd 2013/01/14 v3.01 AMS symbols A
)
LaTeX Font Info:    Trying to load font information for U+msb on input line 45.


(C:\Users\user\AppData\Local\Programs\MiKTeX\tex/latex/amsfonts\umsb.fd
File: umsb.fd 2013/01/14 v3.01 AMS symbols B
)
(C:\Users\user\OneDrive - 和歌山大学\ソーラー\エネマネ\solar_ws0129-main\docs\program_refere
nce_complete_20260729\build\40_scripts_generate_fit_fullsim_report_py\40_script
s_generate_fit_fullsim_report_py.toc [1

])
\tf@toc=\write4
\openout4 = `40_scripts_generate_fit_fullsim_report_py.toc'.

 [2]
(C:\Users\user\AppData\Local\Programs\MiKTeX\tex/latex/listings\lstlang1.sty
File: lstlang1.sty 2025/11/14 1.11b listings language file
)
[3

]
Overfull \hbox (47.7143pt too wide) in paragraph at lines 120--121
\TU/YuGothic(0)/m/n/10.95 主 要 関 数 は \TU/TimesNewRoman(0)/m/n/10.95 resolve_path
, latex_escape, rel_display, locate_package_dir, locate_fit_summary, rms, day_b
lock_bootstrap_rmse,
 []


Underfull \hbox (badness 10000) in paragraph at lines 133--133
[]|$[][][] [] [][][][][] [] [][][][][][][][][] []
 []


Underfull \hbox (badness 10000) in paragraph at lines 134--134
[]|$[][][][] [] [][][][][][] []
 []


Underfull \hbox (badness 10000) in paragraph at lines 135--135
[]|$[][][][][][] [] [][][][][][][] []
 []


Underfull \hbox (badness 10000) in paragraph at lines 136--136
[]|$[][][][][][][] [] [][][][][][][][] []
 []


Underfull \hbox (badness 10000) in paragraph at lines 137--138
[]|\TU/TimesNewRoman(0)/m/n/10.95 args: package_dir, profile_yaml, mani-
 []


Underfull \hbox (badness 10000) in paragraph at lines 139--139
[]|$[][][][][][][][][][][] [] [][] []
 []


Underfull \hbox (badness 10000) in paragraph at lines 140--140
[]|$[][][][][][] [] [][][][][] [] [][] []
 []


Underfull \hbox (badness 10000) in paragraph at lines 141--141
[]|$[][][][][] [] [][][][][] [] [][][] []
 []


Underfull \hbox (badness 10000) in paragraph at lines 141--142
[]|\TU/TimesNewRoman(0)/m/n/10.95 args: replay_df, fullsim_df, re-
 []


Underfull \hbox (badness 10000) in paragraph at lines 142--142
[]|$[][][][][] [] [][][][][] [] [][][][][][][][] []
 []


Underfull \hbox (badness 10000) in paragraph at lines 143--143
[]|$[][][][][] [] [][][][][] [] [][][] []
 []

ignored error: Infinite glue shrinkage found in box being split [4]
Underfull \hbox (badness 2368) in paragraph at lines 171--172
[]|\TU/TimesNewRoman(0)/m/n/10.95 DETAIL_REQUIRED_COLUMNS \TU/YuGothic(0)/m/n/1
0.95 に \TU/TimesNewRoman(0)/m/n/10.95 {’lower_command_index’, ’time_utc’, ’step
_dt_sec’,
 []


Underfull \hbox (badness 10000) in paragraph at lines 171--172
\TU/TimesNewRoman(0)/m/n/10.95 ’detail_target_dt_sec’, ’outer_step_requested_dt
_sec’, ’outer_step_actual_dt_sec’,
 []


Underfull \hbox (badness 4492) in paragraph at lines 171--172
\TU/TimesNewRoman(0)/m/n/10.95 ’outer_step_boundary_reason’, ’s_km’, ’upper_spe
ed_cmd_kmh’, ’lower_speed_cmd_kmh’,
 []


Underfull \hbox (badness 2671) in paragraph at lines 171--172
\TU/TimesNewRoman(0)/m/n/10.95 ’P_inertia’, ’param_m’, ’param_CdA’, ’param_Crr’
, ’param_P_aux’, ’param_E_nom_Wh’,
 []


Underfull \hbox (badness 10000) in paragraph at lines 171--172
\TU/TimesNewRoman(0)/m/n/10.95 ’map_drive_eff_map’, ’map_regen_eff_map’, ’map_r
int_map’, ’map_panel_eff_map’,
 []


Underfull \hbox (badness 10000) in paragraph at lines 192--192
[]|$[][][][] [] [][][][][][][] []
 []


Underfull \hbox (badness 10000) in paragraph at lines 200--200
[]|$[][][][][][][][][][][][][][][][][][][][] [][]
 []


Underfull \hbox (badness 10000) in paragraph at lines 205--205
[]|$[][][][][][][][][][][][][][][][] []
 []


Underfull \hbox (badness 10000) in paragraph at lines 206--206
[]|$[][][][][][][][][][][] [] [][][][][] []
 []


Underfull \hbox (badness 10000) in paragraph at lines 206--206
[][][][][][][][] [] [][][][][][] []
 []


Underfull \hbox (badness 10000) in paragraph at lines 206--206
[][][][][][][][][][][][][][][][][][][][] [] [] []
 []


Underfull \hbox (badness 10000) in paragraph at lines 206--206
[][][] [] [][][] [] [][] [][] [][][][][][][] [] [] [] [][][] []
 []


Underfull \hbox (badness 10000) in paragraph at lines 206--206
[][][] [] [][] [][] [][][][][][][] [] [][][] [] [][][][][][] []
 []


Underfull \hbox (badness 10000) in paragraph at lines 206--206
[][][] [][] [][][][][][][] [] [][][] [] [][][][][][] []
 []


Underfull \hbox (badness 10000) in paragraph at lines 206--206
[][][] [][] [][][][][][][] [] [][][][] [] [][][][][] []
 []


Underfull \hbox (badness 10000) in paragraph at lines 206--206
[][][] [][] [][][][][][][] [] [][][][] [] [][][][][] [] [][][] [][]
 []


Underfull \hbox (badness 10000) in paragraph at lines 206--207
[]|\TU/TimesNewRoman(0)/m/n/10.95 build_bwsc2025_fitted_package.py \TU/YuGothic
(0)/m/n/10.95 か
 []


Underfull \hbox (badness 10000) in paragraph at lines 206--207
\TU/YuGothic(0)/m/n/10.95 ら \TU/TimesNewRoman(0)/m/n/10.95 BATTERY_E_NOM_MAX_WH
,
 []


Underfull \hbox (badness 10000) in paragraph at lines 206--207
\TU/TimesNewRoman(0)/m/n/10.95 BATTERY_E_NOM_MIN_WH, BAT-
 []


Underfull \hbox (badness 10000) in paragraph at lines 206--207
\TU/TimesNewRoman(0)/m/n/10.95 TERY_ETA_CHARGE_MAX, BAT-
 []


Underfull \hbox (badness 10000) in paragraph at lines 206--207
\TU/TimesNewRoman(0)/m/n/10.95 TERY_ETA_CHARGE_MIN, BAT-
 []


Underfull \hbox (badness 10000) in paragraph at lines 206--207
\TU/TimesNewRoman(0)/m/n/10.95 TERY_RINT_SCALE_MAX, BAT-
 []


Underfull \hbox (badness 10000) in paragraph at lines 206--207
\TU/TimesNewRoman(0)/m/n/10.95 TERY_RINT_SCALE_MIN, compile_tex, en-
 []


Underfull \hbox (badness 3417) in paragraph at lines 206--207
\TU/TimesNewRoman(0)/m/n/10.95 sure_dir \TU/YuGothic(0)/m/n/10.95 を 読 み 込 み、|  
こ の フ ァ イ ル の 内 部
 []


Underfull \hbox (badness 3343) in paragraph at lines 206--207
\TU/YuGothic(0)/m/n/10.95 処 理 を 分 担 さ せ る た め。|  実 体 フ ァ イ ル は
 []


Underfull \hbox (badness 10000) in paragraph at lines 206--207
\TU/TimesNewRoman(0)/m/n/10.95 scripts/build_bwsc2025_fitted_package.py\TU/YuGo
thic(0)/m/n/10.95 。|  こ の フ
 []


Underfull \hbox (badness 10000) in paragraph at lines 207--207
[]|$[][][][][][][][][][][] [] [][][][][] []
 []


Underfull \hbox (badness 10000) in paragraph at lines 207--207
[][][][][][][][][][][][][][] []
 []


Underfull \hbox (badness 10000) in paragraph at lines 207--207
[][][][][][][][][][][][][][][][][][][][][][] []
 []


Underfull \hbox (badness 10000) in paragraph at lines 207--208
[]|\TU/TimesNewRoman(0)/m/n/10.95 audit_identification_residuals.py \TU/YuGothi
c(0)/m/n/10.95 か ら
 []


Underfull \hbox (badness 2608) in paragraph at lines 207--208
\TU/TimesNewRoman(0)/m/n/10.95 weather_and_cruise_metrics \TU/YuGothic(0)/m/n/1
0.95 を 読 み 込 み、|  こ の フ
 []

ignored error: Infinite glue shrinkage found in box being split [5]
ignored error: Infinite glue shrinkage found in box being split [6]

LaTeX Font Warning: Font shape `TU/YuGothic(0)/m/it' undefined
(Font)              using `TU/YuGothic(0)/m/n' instead on input line 229.

[7] [8] [9] [10] [11] [12] [13] [14]
Overfull \hbox (46.65714pt too wide) in paragraph at lines 628--629
[]\TU/TimesNewRoman(0)/m/n/10.95 tagged \TU/YuGothic(0)/m/n/10.95 に \TU/TimesNe
wRoman(0)/m/n/10.95 package_dir / ’outputs’ / ’identification’ / ’runs’ / outpu
t_tag / f’{package_dir.name}_generic_fit_summary.yaml’
 []


Underfull \hbox (badness 10000) in paragraph at lines 635--636
[]\TU/TimesNewRoman(0)/m/n/10.95 candidates \TU/YuGothic(0)/m/n/10.95 に \TU/Tim
esNewRoman(0)/m/n/10.95 sorted((package_dir / ’outputs’ / ’identification’).glo
b(’*_generic_fit_summary.yaml’),
 []

[15] [16]
Underfull \hbox (badness 10000) in paragraph at lines 713--714
[]\TU/YuGothic(0)/m/n/10.95 定 義\TU/TimesNewRoman(0)/m/n/10.95 : $[][][] [] [][]
[][][] [] [][][][][][][][][] [] [][][][][][][] [] [][] [] [][][][][][][][][] []
[] [][][][][][][][] [] [][][][][][] [] [][][] [][] [] [][] [][][][][] []
 []


Underfull \hbox (badness 2922) in paragraph at lines 716--717
\TU/TimesNewRoman(0)/m/n/10.95 0.025)), ’ci95_max’: float(np.quantile(sampled_r
mse, 0.975)), ’day_blocks’: int(len(blocks)), ’draws’:
 []


Overfull \hbox (10.03656pt too wide) in paragraph at lines 732--733
[]\TU/TimesNewRoman(0)/m/n/10.95 work \TU/YuGothic(0)/m/n/10.95 に \TU/TimesNewR
oman(0)/m/n/10.95 pd.DataFrame({’local_date’: df[’local_date’].astype(str), ’re
sidual’: pd.to_numeric(df[residual_column],
 []

[17]
Underfull \hbox (badness 3514) in paragraph at lines 741--742
[]\TU/TimesNewRoman(0)/m/n/10.95 {’rmse’: float(np.sqrt(sse.sum() / count.sum()
)), ’ci95_min’: float(np.quantile(sampled_rmse, 0.025)),
 []

[18]
Underfull \hbox (badness 10000) in paragraph at lines 787--788
[]\TU/YuGothic(0)/m/n/10.95 定 義\TU/TimesNewRoman(0)/m/n/10.95 : $[][][][] [] []
[][][][][] [] [][][][][][][][][][][][][][][][][][][] [] [][][] [] [][][][] [][]
 [][][][][][] [] [][][] [] [][][][] [] [][][][] [] [][][][] [] [][] [][]
 []


Underfull \hbox (badness 2894) in paragraph at lines 790--791
\TU/TimesNewRoman(0)/m/n/10.95 worst_power, ’worst_voltage’: worst_voltage} / {
’replay_csv’: replay_csv, ’frame’: pd.DataFrame(),
 []


Overfull \hbox (145.28226pt too wide) in paragraph at lines 808--809
[]\TU/TimesNewRoman(0)/m/n/10.95 fallback_ts \TU/YuGothic(0)/m/n/10.95 に \TU/Ti
mesNewRoman(0)/m/n/10.95 pd.to_datetime(df[’time_utc’], format=’mixed’, utc=Tru
e, errors=’coerce’).dt.tz_convert(’Australia/Darwin’).dt.tz_localize(None)
 []

[19]
Overfull \hbox (85.7402pt too wide) in paragraph at lines 817--818
[]\TU/TimesNewRoman(0)/m/n/10.95 df[’power_resid_w’] \TU/YuGothic(0)/m/n/10.95 
に \TU/TimesNewRoman(0)/m/n/10.95 pd.to_numeric(df[’battery_power_w_obs’], error
s=’coerce’) - pd.to_numeric(df[’battery_power_w_pred’],
 []


Overfull \hbox (93.03842pt too wide) in paragraph at lines 818--819
[]\TU/TimesNewRoman(0)/m/n/10.95 df[’voltage_resid_v’] \TU/YuGothic(0)/m/n/10.9
5 に \TU/TimesNewRoman(0)/m/n/10.95 pd.to_numeric(df[’battery_voltage_v_obs’], e
rrors=’coerce’) - pd.to_numeric(df[’battery_voltage_v_pred’],
 []


Underfull \hbox (badness 3769) in paragraph at lines 828--829
[]\TU/TimesNewRoman(0)/m/n/10.95 daily \TU/YuGothic(0)/m/n/10.95 に \TU/TimesNew
Roman(0)/m/n/10.95 clean.groupby(’local_date’, dropna=False).agg(rows=(’local_d
ate’, ’size’), max_s_km=(’s_km’,
 []


Overfull \hbox (98.74731pt too wide) in paragraph at lines 828--829
\TU/TimesNewRoman(0)/m/n/10.95 ’max’), power_rmse_w=(’power_resid_w’, rms), pow
er_mae_w=(’power_resid_w’, lambda s: float(np.mean(np.abs(pd.to_numeric(s,
 []

[20] [21]
Underfull \hbox (badness 1454) in paragraph at lines 902--903
\TU/TimesNewRoman(0)/m/n/10.95 age_dir / ’outputs’ / ’prerace_final_selflearned
’ / ’latest_simulation_run.json’, package_dir / ’outputs’ /
 []

[22]
Underfull \hbox (badness 10000) in paragraph at lines 983--984
[]\TU/YuGothic(0)/m/n/10.95 定 義\TU/TimesNewRoman(0)/m/n/10.95 : $[][][][] [] []
[][][][][][] [] [][][][][][][][][][][][][][][] [] [][][] [] [][][][] [][] [][][
][][][][] [] [][][][] [] [][][][] [][] [][][][][][][][] [] [][][][] []
 []

[23]
Overfull \hbox (123.39832pt too wide) in paragraph at lines 1009--1010
[]\TU/TimesNewRoman(0)/m/n/10.95 utc_ts \TU/YuGothic(0)/m/n/10.95 に \TU/TimesNe
wRoman(0)/m/n/10.95 pd.to_datetime(df[’time_utc’], format=’mixed’, utc=True, er
rors=’coerce’).dt.tz_convert(’Australia/Darwin’).dt.tz_localize(None)
 []

[24]
Overfull \hbox (37.13608pt too wide) in paragraph at lines 1019--1020
[]\TU/TimesNewRoman(0)/m/n/10.95 energy_columns \TU/YuGothic(0)/m/n/10.95 に \TU
/TimesNewRoman(0)/m/n/10.95 {’pv_energy_wh’: ’P_pv’, ’vehicle_load_energy_wh’: 
’P_vehicle_load_w’, ’drive_dc_energy_wh’:
 []


Underfull \hbox (badness 1337) in paragraph at lines 1026--1027
[]\TU/TimesNewRoman(0)/m/n/10.95 daily_agg \TU/YuGothic(0)/m/n/10.95 に \TU/Time
sNewRoman(0)/m/n/10.95 {’rows’: (’local_date’, ’size’), ’end_s_km’: (’s_km’, ’m
ax’), ’min_soc’: (’soc’, ’min’),
 []


Underfull \hbox (badness 3872) in paragraph at lines 1027--1028
[]\TU/TimesNewRoman(0)/m/n/10.95 optional_aggregates \TU/YuGothic(0)/m/n/10.95 
に \TU/TimesNewRoman(0)/m/n/10.95 {’mean_poa_wm2’: (’G_poa’, ’mean’), ’max_poa_w
m2’: (’G_poa’, ’max’),
 []

[25]
Underfull \hbox (badness 10000) in paragraph at lines 1081--1082
\TU/TimesNewRoman(0)/m/n/10.95 boundary_partial_rows, ’nonfinite_step_rows’: no
nfinite_step_rows, ’nonpositive_step_rows’: non-
 []


Underfull \hbox (badness 10000) in paragraph at lines 1081--1082
\TU/TimesNewRoman(0)/m/n/10.95 positive_rows, ’over_one_second_rows’: over_one_
second_rows, ’target_not_one_second_rows’: tar-
 []

[26] [27]
Underfull \hbox (badness 10000) in paragraph at lines 1129--1130
\TU/TimesNewRoman(0)/m/n/10.95 quired_column_count’: len(DETAIL_REQUIRED_COLUMN
S), ’missing_required_columns’: miss-
 []


Underfull \hbox (badness 2173) in paragraph at lines 1129--1130
\TU/TimesNewRoman(0)/m/n/10.95 ing, ’min_step_dt_sec’: min_dt if np.isfinite(mi
n_dt) else float(’nan’), ’max_step_dt_sec’: max_dt if
 []


Underfull \hbox (badness 10000) in paragraph at lines 1129--1130
\TU/TimesNewRoman(0)/m/n/10.95 boundary_partial_rows, ’nonfinite_step_rows’: no
nfinite_step_rows, ’nonpositive_step_rows’: non-
 []


Underfull \hbox (badness 7012) in paragraph at lines 1129--1130
\TU/TimesNewRoman(0)/m/n/10.95 positive_rows, ’over_one_second_rows’: over_one_
second_rows, ’target_not_one_second_rows’: tar-
 []

[28]
Overfull \hbox (9.41885pt too wide) in paragraph at lines 1193--1194
[]\TU/TimesNewRoman(0)/m/n/10.95 work \TU/YuGothic(0)/m/n/10.95 に \TU/TimesNewR
oman(0)/m/n/10.95 pd.DataFrame({’s_km’: pd.to_numeric(df[’s_km’], errors=’coerc
e’), ’value’: pd.to_numeric(df[column],
 []

[29]
Underfull \hbox (badness 4229) in paragraph at lines 1228--1229
[]\TU/YuGothic(0)/m/n/10.95 定 義\TU/TimesNewRoman(0)/m/n/10.95 : $[][][][][][] [
] [][][][][] [] [][] [] [][][][][][][][][][][] [] [][] [] [][][][][][][][][] []
[] [][][][][][] [] [][][] [][] [][][][][] [] [][] [] [][][][][] [][] [][][] [] 
[][] []
 []

[30]
Underfull \hbox (badness 10000) in paragraph at lines 1273--1274
[]\TU/YuGothic(0)/m/n/10.95 定 義\TU/TimesNewRoman(0)/m/n/10.95 : $[][][][][] [] 
[][][][][] [] [][][] [] [][][][][][][][] [] [][][][][][][][][][][][][][][][][] 
[] [][] [] [][] [] [][][][][][][][][] [][] [][][][][][][] [] [][] []
 []

[31]
Underfull \hbox (badness 10000) in paragraph at lines 1351--1352
[]\TU/YuGothic(0)/m/n/10.95 定 義\TU/TimesNewRoman(0)/m/n/10.95 : $[][][][][] [] 
[][][][][] [] [][][][][][][][] [] [][][][][][][][][][][][][][][][][] [] [][] []
 [][] [] [][][][][][][][][] [][] [][][][][][][] [] [][] [] [][] []
 []

[32]
Underfull \hbox (badness 1314) in paragraph at lines 1369--1370
[]\TU/TimesNewRoman(0)/m/n/10.95 human \TU/YuGothic(0)/m/n/10.95 に \TU/TimesNew
Roman(0)/m/n/10.95 replay_df.groupby(’local_date’, as_index=False)[’s_km’].max(
).rename(columns={’s_km’: ’hu-
 []


Underfull \hbox (badness 10000) in paragraph at lines 1370--1371
[]\TU/TimesNewRoman(0)/m/n/10.95 mpc \TU/YuGothic(0)/m/n/10.95 に \TU/TimesNewRo
man(0)/m/n/10.95 fullsim_df.groupby(’local_date’, as_index=False)[’s_km’].max()
.rename(columns={’s_km’:
 []

[33]
Overfull \hbox (3.76434pt too wide) in paragraph at lines 1402--1403
[]\TU/YuGothic(0)/m/n/10.95 定 義\TU/TimesNewRoman(0)/m/n/10.95 : $[][][][][] [] 
[][][][][] [] [][][] [] [][][][][][][][] [] [][][][][][][][][][][] [] [][] [] [
][] [] [][][][][][][][][] [][] [][][][][][][] [] [][] [] [][] [] [][][][][][][]
[][] [][]
 []

[34] [35] [36] [37]
Overfull \hbox (11.20157pt too wide) in paragraph at lines 1608--1609
[]\TU/TimesNewRoman(0)/m/n/10.95 rows \TU/YuGothic(0)/m/n/10.95 に\TU/TimesNewRo
man(0)/m/n/10.95 ’\n’.join((’ & ’.join((latex_escape(v) for v in row)) + ’ \\\\
’ for row in data.astype(str).itertuples(index=False,
 []

[38] [39]
Underfull \hbox (badness 10000) in paragraph at lines 1662--1663
[]\TU/YuGothic(0)/m/n/10.95 定 義\TU/TimesNewRoman(0)/m/n/10.95 : $[][][][][] [] 
[][][][][][][][][][][][][][] [] [][][] [] [][][][] [][] [][][][][][][] [] [][][
][] [] [][][][] [][] [] [][] [][][] [] [][][][][][][] [] [][][][] [] [][][][] [
]
 []


Overfull \hbox (1.20975pt too wide) in paragraph at lines 1662--1663
[][][][] [] [][][][] [][] [][][][][][] [] [][][] [] [][][][] [] [][][][] [] [][
][][] [][] [][][][][][][] [] [][][][][][][][] [] [][][][] [] [][][][] [] [][][]
[] [] [][] [][] [][][][][][][][][][] [][]
 []


Underfull \hbox (badness 1867) in paragraph at lines 1664--1665
\TU/TimesNewRoman(0)/m/n/10.95 dit_fullsim_detail, bool, build_daily_progress_c
omparison, build_human_mpc_distance_comparison, com-
 []


Underfull \hbox (badness 10000) in paragraph at lines 1666--1667
\TU/TimesNewRoman(0)/m/n/10.95 counterfactual, counterfactual_analysis, counter
factual_path, counterfactual_scenario, cruise_70kmh,
 []


Overfull \hbox (28.32759pt too wide) in paragraph at lines 1689--1690
[]\TU/TimesNewRoman(0)/m/n/10.95 end_to_end_replay \TU/YuGothic(0)/m/n/10.95 に 
\TU/TimesNewRoman(0)/m/n/10.95 pd.read_csv(end_to_end_replay_path, low_memory=F
alse) if end_to_end_replay_path.is_file()
 []

[40]
Underfull \hbox (badness 7796) in paragraph at lines 1718--1719
[]\TU/TimesNewRoman(0)/m/n/10.95 observed_power \TU/YuGothic(0)/m/n/10.95 に \TU
/TimesNewRoman(0)/m/n/10.95 pd.to_numeric(clean_replay.get(’battery_power_w_obs
’, pd.Series(dtype=float)), er-
 []

[41]
Underfull \hbox (badness 1655) in paragraph at lines 1719--1720
[]\TU/TimesNewRoman(0)/m/n/10.95 observed_power_rms \TU/YuGothic(0)/m/n/10.95 に
 \TU/TimesNewRoman(0)/m/n/10.95 float(np.sqrt(np.mean(observed_power.to_numpy(d
type=float) ** 2))) if not ob-
 []


Overfull \hbox (35.96902pt too wide) in paragraph at lines 1720--1721
[]\TU/TimesNewRoman(0)/m/n/10.95 conditional_power_nrmse \TU/YuGothic(0)/m/n/10
.95 に \TU/TimesNewRoman(0)/m/n/10.95 float(power_bootstrap[’rmse’]) / observed_
power_rms if np.isfinite(observed_power_rms)
 []


Underfull \hbox (badness 5771) in paragraph at lines 1725--1726
[]\TU/TimesNewRoman(0)/m/n/10.95 physical_parameter_gate_pass \TU/YuGothic(0)/m
/n/10.95 に \TU/TimesNewRoman(0)/m/n/10.95 bool(np.isfinite(fitted_e_nom_wh) and
 BATTERY_E_NOM_MIN_WH
 []


Underfull \hbox (badness 6188) in paragraph at lines 1725--1726
\TU/TimesNewRoman(0)/m/n/10.95 <= fitted_e_nom_wh <= BATTERY_E_NOM_MAX_WH and n
p.isfinite(fitted_rint_scale) and (BAT-
 []


Overfull \hbox (43.49533pt too wide) in paragraph at lines 1725--1726
\TU/TimesNewRoman(0)/m/n/10.95 TERY_RINT_SCALE_MIN <= fitted_rint_scale <= BATT
ERY_RINT_SCALE_MAX) and np.isfinite(fitted_eta_charge)
 []


Underfull \hbox (badness 2197) in paragraph at lines 1725--1726
\TU/TimesNewRoman(0)/m/n/10.95 and (BATTERY_ETA_CHARGE_MIN <= fitted_eta_charge
 <= BATTERY_ETA_CHARGE_MAX) and
 []


Underfull \hbox (badness 10000) in paragraph at lines 1727--1728
[]\TU/TimesNewRoman(0)/m/n/10.95 boundary_flags \TU/YuGothic(0)/m/n/10.95 に \TU
/TimesNewRoman(0)/m/n/10.95 {’e_nom_at_min’: abs(fitted_e_nom_wh - BATTERY_E_NO
M_MIN_WH) <=
 []


Underfull \hbox (badness 10000) in paragraph at lines 1727--1728
\TU/TimesNewRoman(0)/m/n/10.95 boundary_tolerance, ’e_nom_at_max’: abs(fitted_e
_nom_wh - BATTERY_E_NOM_MAX_WH) <=
 []


Underfull \hbox (badness 10000) in paragraph at lines 1727--1728
\TU/TimesNewRoman(0)/m/n/10.95 boundary_tolerance, ’rint_scale_at_min’: abs(fit
ted_rint_scale - BATTERY_RINT_SCALE_MIN) <=
 []


Underfull \hbox (badness 5203) in paragraph at lines 1727--1728
\TU/TimesNewRoman(0)/m/n/10.95 boundary_tolerance, ’rint_scale_at_max’: abs(fit
ted_rint_scale - BATTERY_RINT_SCALE_MAX) <=
 []


Underfull \hbox (badness 2073) in paragraph at lines 1727--1728
\TU/TimesNewRoman(0)/m/n/10.95 boundary_tolerance, ’eta_charge_at_min’: abs(fit
ted_eta_charge - BATTERY_ETA_CHARGE_MIN) <=
 []


Underfull \hbox (badness 1400) in paragraph at lines 1734--1735
[]\TU/TimesNewRoman(0)/m/n/10.95 shape_rows \TU/YuGothic(0)/m/n/10.95 に \TU/Tim
esNewRoman(0)/m/n/10.95 pd.DataFrame([{’map’: name, ’samples’: values.get(’samp
le_count’, ”), ’reason’: val-
 []


Overfull \hbox (15.02145pt too wide) in paragraph at lines 1736--1737
[]\TU/TimesNewRoman(0)/m/n/10.95 grounded_summary_path \TU/YuGothic(0)/m/n/10.9
5 に \TU/TimesNewRoman(0)/m/n/10.95 resolve_path(package_dir, str(evidence_bundl
e.get(’grounded_map_summary_yaml’,
 []


Underfull \hbox (badness 10000) in paragraph at lines 1737--1738
[]\TU/TimesNewRoman(0)/m/n/10.95 grounded_summary \TU/YuGothic(0)/m/n/10.95 に \
TU/TimesNewRoman(0)/m/n/10.95 yaml.safe_load(grounded_summary_path.read_text(en
coding=’utf-8’)) or {} if
 []

[42]
Overfull \hbox (37.60693pt too wide) in paragraph at lines 1746--1747
[]\TU/TimesNewRoman(0)/m/n/10.95 grounded_detail_tex \TU/YuGothic(0)/m/n/10.95 
に\TU/TimesNewRoman(0)/m/n/10.95 ’\n’.join((’\\subsubsection*{’ + latex_escape(r
ow[’component’]) + ’}\n’ + tex_kv_table([(’source
 []


Overfull \hbox (2.71815pt too wide) in paragraph at lines 1746--1747
\TU/TimesNewRoman(0)/m/n/10.95 files’, row[’source_files’]), (’physical/test ba
sis’, row[’method’]), (’reference values’, row[’reference_values’])])
 []


Underfull \hbox (badness 10000) in paragraph at lines 1754--1755
[]\TU/TimesNewRoman(0)/m/n/10.95 distance_comparison \TU/YuGothic(0)/m/n/10.95 
に \TU/TimesNewRoman(0)/m/n/10.95 build_human_mpc_distance_comparison(replay.get
(’frame’, pd.DataFrame()),
 []


Underfull \hbox (badness 4181) in paragraph at lines 1755--1756
[]\TU/TimesNewRoman(0)/m/n/10.95 distance_comparison_display \TU/YuGothic(0)/m/
n/10.95 に \TU/TimesNewRoman(0)/m/n/10.95 distance_comparison.rename(columns={’s
egment_km’: ’segment’, ’hu-
 []


Overfull \hbox (32.11192pt too wide) in paragraph at lines 1755--1756
\TU/TimesNewRoman(0)/m/n/10.95 man_moving_speed_kmh’: ’v_human_kmh’, ’mpc_movin
g_speed_kmh’: ’v_mpc_kmh’, ’human_reconstructed_soc’:
 []


Underfull \hbox (badness 1253) in paragraph at lines 1758--1759
[]\TU/TimesNewRoman(0)/m/n/10.95 daily_progress_comparison \TU/YuGothic(0)/m/n/
10.95 に \TU/TimesNewRoman(0)/m/n/10.95 build_daily_progress_comparison(replay.g
et(’frame’, pd.DataFrame()), full-
 []


Overfull \hbox (8.51706pt too wide) in paragraph at lines 1759--1760
[]\TU/TimesNewRoman(0)/m/n/10.95 distance_plot_path \TU/YuGothic(0)/m/n/10.95 に
 \TU/TimesNewRoman(0)/m/n/10.95 write_human_mpc_distance_plot(replay.get(’frame
’, pd.DataFrame()), fullsim.get(’frame’,
 []

[43] [44]
Underfull \hbox (badness 7012) in paragraph at lines 1832--1833
[]\TU/TimesNewRoman(0)/m/n/10.95 (md_path, pdf_path) \TU/YuGothic(0)/m/n/10.95 
に \TU/TimesNewRoman(0)/m/n/10.95 build_report(package_dir, profile_yaml, fit_su
mmary_path=fit_summary_path,
 []

[45] [46]
(C:\Users\user\OneDrive - 和歌山大学\ソーラー\エネマネ\solar_ws0129-main\docs\program_refere
nce_complete_20260729\build\40_scripts_generate_fit_fullsim_report_py\40_script
s_generate_fit_fullsim_report_py.aux)
 ***********
LaTeX2e <2025-11-01>
L3 programming layer <2022/08/05>
 ***********


LaTeX Font Warning: Some font shapes were not available, defaults substituted.

Package rerunfilecheck Info: File `40_scripts_generate_fit_fullsim_report_py.ou
t' has not changed.
(rerunfilecheck)             Checksum: D2E966980EC8CAE6E199DD3BC8E8361A;9594.
 ) 
Here is how much of TeX's memory you used:
 16341 strings out of 402986
 326364 string characters out of 5448711
 1304153 words of memory out of 5000000
 44848 multiletter control sequences out of 15000+600000
 635208 words of font info for 114 fonts, out of 8000000 for 9000
 1348 hyphenation exceptions out of 8191
 73i,9n,93p,1217b,1956s stack positions out of 10000i,1000n,20000p,200000b,200000s

Output written on C:\Users\user\OneDrive - 和歌山大学\ソーラー\エネマネ\solar_ws0129-main\do
cs\program_reference_complete_20260729\build\40_scripts_generate_fit_fullsim_re
port_py\40_scripts_generate_fit_fullsim_report_py.pdf (46 pages).
