\BOOKMARK [1][-]{section.1}{\376\377\133\376\214\141}{}% 1
\BOOKMARK [1][-]{section.2}{\376\377\060\123\060\156\060\325\060\241\060\244\060\353\060\222\212\255\060\200\164\006\165\061}{}% 2
\BOOKMARK [1][-]{section.3}{\376\377\124\174\060\163\121\372\060\127\225\242\117\302}{}% 3
\BOOKMARK [2][-]{subsection.3.1}{\376\377\060\151\060\123\060\113\060\211\124\174\060\160\060\214\060\213\060\113}{section.3}% 4
\BOOKMARK [2][-]{subsection.3.2}{\376\377\153\041\060\153\212\255\060\200\060\150\164\006\211\343\060\114\220\062\060\200\060\325\060\241\060\244\060\353}{section.3}% 5
\BOOKMARK [2][-]{subsection.3.3}{\376\377\124\014\116\000\060\352\060\335\060\270\060\310\060\352\121\205\060\156\116\073\211\201\117\235\133\130}{section.3}% 6
\BOOKMARK [1][-]{section.4}{\376\377\060\275\060\374\060\271\121\222\230\055\060\156\142\212\143\341}{}% 7
\BOOKMARK [2][-]{subsection.4.1}{\376\377\116\343\210\150\060\263\060\374\060\311\145\255\162\107}{section.4}% 8
\BOOKMARK [1][-]{section.5}{\376\377\116\073\211\201\151\313\220\040\060\156\212\255\060\177\123\326\060\212}{}% 9
\BOOKMARK [2][-]{subsection.5.1}{\376\377\116\073\211\201\060\257\060\351\060\271\060\373\225\242\145\160}{section.5}% 10
\BOOKMARK [2][-]{subsection.5.2}{\376\377\060\325\060\241\060\244\060\353\060\222\116\012\060\113\060\211\212\255\060\223\060\140\060\150\060\115\060\156\133\232\177\251\230\006}{section.5}% 11
\BOOKMARK [2][-]{subsection.5.3}{\376\377\000i\000m\000p\000o\000r\000t\000\040\177\244\060\156\212\163\175\060}{section.5}% 12
\BOOKMARK [1][-]{section.6}{\376\377\060\123\060\156\060\325\060\241\060\244\060\353\060\222\212\255\060\200\122\115\060\153\137\305\211\201\060\152\127\372\171\016\167\345\213\130}{}% 13
\BOOKMARK [2][-]{subsection.6.1}{\376\377\060\327\060\355\060\260\060\351\060\340\060\001\060\327\060\355\060\273\060\271\060\001\060\341\060\342\060\352\060\001\060\252\060\326\060\270\060\247\060\257\060\310\060\222\123\072\122\045\060\131\060\213}{section.6}% 14
\BOOKMARK [2][-]{subsection.6.2}{\376\377\124\015\122\115\060\001\116\343\121\145\060\001\127\213\060\001\123\302\161\147}{section.6}% 15
\BOOKMARK [2][-]{subsection.6.3}{\376\377\225\242\145\160\060\001\137\025\145\160\060\001\142\073\060\212\120\044\060\001\060\271\060\263\060\374\060\327}{section.6}% 16
\BOOKMARK [2][-]{subsection.6.4}{\376\377\000m\000o\000d\000u\000l\000e\060\001\000p\000a\000c\000k\000a\000g\000e\060\001\000i\000m\000p\000o\000r\000t\060\001\000c\000o\000n\000s\000o\000l\000e\000\137\000s\000c\000r\000i\000p\000t\000s}{section.6}% 17
\BOOKMARK [2][-]{subsection.6.5}{\376\377\117\213\131\026\060\001\000t\000r\000y\000/\000f\000i\000n\000a\000l\000l\000y\060\001\000w\000i\000t\000h\060\001\214\307\156\220\211\343\145\076}{section.6}% 18
\BOOKMARK [2][-]{subsection.6.6}{\376\377\000c\000l\000a\000s\000s\060\001\162\354\201\352\060\257\060\351\060\271\060\001\060\244\060\363\060\271\060\277\060\363\060\271\060\001\000s\000e\000l\000f\060\001\175\231\142\177}{section.6}% 19
\BOOKMARK [2][-]{subsection.6.7}{\376\377\121\110\230\055\060\242\060\363\060\300\060\374\060\271\060\263\060\242\060\001\000\137\000\137\000i\000n\000i\000t\000\137\000\137\060\001\124\015\122\115\116\330\060\121\060\156\117\134\154\325}{section.6}% 20
\BOOKMARK [2][-]{subsection.6.8}{\376\377\000r\000c\000l\000p\000y\060\001\000r\000c\000l\060\001\000r\000m\000w\060\001\000D\000D\000S\000/\000R\000T\000P\000S\060\156\134\144}{section.6}% 21
\BOOKMARK [2][-]{subsection.6.9}{\376\377\000R\000O\000S\000\040\000g\000r\000a\000p\000h\060\001\000N\000o\000d\000e\060\001\000t\000o\000p\000i\000c\060\001\000s\000e\000r\000v\000i\000c\000e\060\001\000a\000c\000t\000i\000o\000n\060\001\000p\000a\000r\000a\000m\000e\000t\000e\000r}{section.6}% 22
\BOOKMARK [2][-]{subsection.6.10}{\376\377\000c\000a\000l\000l\000b\000a\000c\000k\060\001\000t\000i\000m\000e\000r\060\001\000E\000x\000e\000c\000u\000t\000o\000r\060\001\000s\000p\000i\000n\060\001\000C\000a\000l\000l\000b\000a\000c\000k\000\040\000G\000r\000o\000u\000p}{section.6}% 23
\BOOKMARK [2][-]{subsection.6.11}{\376\377\000r\000q\000t\000\137\000g\000r\000a\000p\000h\060\001\000r\000o\000s\0002\000\040\000C\000L\000I\060\001\000r\000o\000s\000b\000a\000g\0002\060\222\060\104\060\144\117\177\060\106\060\113}{section.6}% 24
\BOOKMARK [2][-]{subsection.6.12}{\376\377\122\066\137\241\060\001\162\266\141\113\060\001\121\145\122\233\060\001\060\342\060\307\060\353\116\210\156\054\122\066\137\241\000M\000P\000C}{section.6}% 25
\BOOKMARK [1][-]{section.7}{\376\377\225\242\145\160\060\373\060\257\060\351\060\271\060\222\116\012\060\113\060\211\230\006\060\153\211\343\212\254}{}% 26
\BOOKMARK [2][-]{subsection.7.1}{\376\377\000L\0001\0002\000\040\060\257\060\351\060\271\000\040\000S\000o\000l\000a\000r\000P\000r\000e\000f\000l\000i\000g\000h\000t\000N\000o\000d\000e}{section.7}% 27
\BOOKMARK [2][-]{subsection.7.2}{\376\377\000L\0001\0005\000\040\225\242\145\160\000\040\000S\000o\000l\000a\000r\000P\000r\000e\000f\000l\000i\000g\000h\000t\000N\000o\000d\000e\000.\000\137\000\137\000i\000n\000i\000t\000\137\000\137}{section.7}% 28
\BOOKMARK [2][-]{subsection.7.3}{\376\377\000L\0004\0001\000\040\225\242\145\160\000\040\000S\000o\000l\000a\000r\000P\000r\000e\000f\000l\000i\000g\000h\000t\000N\000o\000d\000e\000.\000\137\000s\000e\000e\000n}{section.7}% 29
\BOOKMARK [2][-]{subsection.7.4}{\376\377\000L\0004\0002\000\040\225\242\145\160\000\040\000S\000o\000l\000a\000r\000P\000r\000e\000f\000l\000i\000g\000h\000t\000N\000o\000d\000e\000.\000\137\000s\000e\000e\000n\000.\000c\000a\000l\000l\000b\000a\000c\000k}{section.7}% 30
\BOOKMARK [2][-]{subsection.7.5}{\376\377\000L\0004\0007\000\040\225\242\145\160\000\040\000S\000o\000l\000a\000r\000P\000r\000e\000f\000l\000i\000g\000h\000t\000N\000o\000d\000e\000.\000\137\000r\000e\000q\000u\000i\000r\000e\000d}{section.7}% 31
\BOOKMARK [2][-]{subsection.7.6}{\376\377\000L\0005\0009\000\040\225\242\145\160\000\040\000S\000o\000l\000a\000r\000P\000r\000e\000f\000l\000i\000g\000h\000t\000N\000o\000d\000e\000.\000\137\000s\000t\000e\000p}{section.7}% 32
\BOOKMARK [2][-]{subsection.7.7}{\376\377\000L\0007\0008\000\040\225\242\145\160\000\040\000m\000a\000i\000n}{section.7}% 33
\BOOKMARK [2][-]{subsection.7.8}{\376\377\212\055\133\232\120\044\060\150\121\145\122\233\060\321\060\351\060\341\060\374\060\277}{section.7}% 34
\BOOKMARK [2][-]{subsection.7.9}{\376\377\000R\000O\000S\000\040\000t\000o\000p\000i\000c\000\040\000I\000/\000O}{section.7}% 35
\BOOKMARK [1][-]{section.8}{\376\377\121\346\164\006\060\156\155\101\060\214}{}% 36
\BOOKMARK [1][-]{section.9}{\376\377\060\123\060\156\060\325\060\241\060\244\060\353\060\156\117\115\177\156\060\145\060\121}{}% 37
