===== xelatex pass 1 =====
This is XeTeX, Version 3.141592653-2.6-0.999997 (MiKTeX 25.12) (preloaded format=xelatex.fmt)
 restricted \write18 enabled.
entering extended mode

(C:/Users/user/OneDrive - 和歌山大学/ソーラー/エネマネ/solar_ws0129-main/docs/program_refere
nce_complete_20260729/tex/24_mpc_solarcar_solar_autocal_node_py.tex
LaTeX2e <2025-11-01>
L3 programming layer <2025-12-24>
(C:\Users\user\AppData\Local\Programs\MiKTeX\tex/latex/base\article.cls
Document Class: article 2025/01/22 v1.4n Standard LaTeX document class
(C:\Users\user\AppData\Local\Programs\MiKTeX\tex/latex/base\size11.clo))
(C:\Users\user\AppData\Local\Programs\MiKTeX\tex/latex/geometry\geometry.sty
(C:\Users\user\AppData\Local\Programs\MiKTeX\tex/latex/graphics\keyval.sty)
(C:\Users\user\AppData\Local\Programs\MiKTeX\tex/generic/iftex\ifvtex.sty
(C:\Users\user\AppData\Local\Programs\MiKTeX\tex/generic/iftex\iftex.sty))
(C:\Users\user\AppData\Local\Programs\MiKTeX\tex/latex/geometry\geometry.cfg))
(C:\Users\user\AppData\Local\Programs\MiKTeX\tex/latex/fontspec\fontspec.sty
(C:\Users\user\AppData\Local\Programs\MiKTeX\tex/latex/l3packages/xparse\xparse
.sty (C:\Users\user\AppData\Local\Programs\MiKTeX\tex/latex/l3kernel\expl3.sty
(C:\Users\user\AppData\Local\Programs\MiKTeX\tex/latex/l3backend\l3backend-xete
x.def)))
(C:\Users\user\AppData\Local\Programs\MiKTeX\tex/latex/fontspec\fontspec-xetex.
sty (C:\Users\user\AppData\Local\Programs\MiKTeX\tex/latex/base\fontenc.sty)
(C:\Users\user\AppData\Local\Programs\MiKTeX\tex/latex/fontspec\fontspec.cfg)))
(C:\Users\user\AppData\Local\Programs\MiKTeX\tex/xelatex/xecjk\xeCJK.sty
(C:\Users\user\AppData\Local\Programs\MiKTeX\tex/latex/ctex\ctexhook.sty)
(C:\Users\user\AppData\Local\Programs\MiKTeX\tex/latex/l3packages/xtemplate\xte
mplate.sty)
(C:\Users\user\AppData\Local\Programs\MiKTeX\tex/xelatex/xecjk\xeCJK.cfg))
(C:\Users\user\AppData\Local\Programs\MiKTeX\tex/latex/booktabs\booktabs.sty)
(C:\Users\user\AppData\Local\Programs\MiKTeX\tex/latex/tools\longtable.sty)
(C:\Users\user\AppData\Local\Programs\MiKTeX\tex/latex/tools\tabularx.sty
(C:\Users\user\AppData\Local\Programs\MiKTeX\tex/latex/tools\array.sty))
(C:\Users\user\AppData\Local\Programs\MiKTeX\tex/latex/enumitem\enumitem.sty)
(C:\Users\user\AppData\Local\Programs\MiKTeX\tex/latex/hyperref\hyperref.sty
(C:\Users\user\AppData\Local\Programs\MiKTeX\tex/latex/kvsetkeys\kvsetkeys.sty)

(C:\Users\user\AppData\Local\Programs\MiKTeX\tex/generic/kvdefinekeys\kvdefinek
eys.sty)
(C:\Users\user\AppData\Local\Programs\MiKTeX\tex/generic/pdfescape\pdfescape.st
y (C:\Users\user\AppData\Local\Programs\MiKTeX\tex/generic/ltxcmds\ltxcmds.sty)

(C:\Users\user\AppData\Local\Programs\MiKTeX\tex/generic/pdftexcmds\pdftexcmds.
sty
(C:\Users\user\AppData\Local\Programs\MiKTeX\tex/generic/infwarerr\infwarerr.st
y))) (C:\Users\user\AppData\Local\Programs\MiKTeX\tex/latex/hycolor\hycolor.sty
) (C:\Users\user\AppData\Local\Programs\MiKTeX\tex/latex/hyperref\nameref.sty
(C:\Users\user\AppData\Local\Programs\MiKTeX\tex/latex/refcount\refcount.sty)
(C:\Users\user\AppData\Local\Programs\MiKTeX\tex/generic/gettitlestring\gettitl
estring.sty
(C:\Users\user\AppData\Local\Programs\MiKTeX\tex/latex/kvoptions\kvoptions.sty)
)) (C:\Users\user\AppData\Local\Programs\MiKTeX\tex/latex/etoolbox\etoolbox.sty
)
(C:\Users\user\AppData\Local\Programs\MiKTeX\tex/generic/stringenc\stringenc.st
y) (C:\Users\user\AppData\Local\Programs\MiKTeX\tex/latex/hyperref\pd1enc.def)
(C:\Users\user\AppData\Local\Programs\MiKTeX\tex/generic/intcalc\intcalc.sty)
(C:\Users\user\AppData\Local\Programs\MiKTeX\tex/latex/hyperref\puenc.def)
(C:\Users\user\AppData\Local\Programs\MiKTeX\tex/latex/url\url.sty)
(C:\Users\user\AppData\Local\Programs\MiKTeX\tex/generic/bitset\bitset.sty
(C:\Users\user\AppData\Local\Programs\MiKTeX\tex/generic/bigintcalc\bigintcalc.
sty)))
(C:\Users\user\AppData\Local\Programs\MiKTeX\tex/latex/hyperref\hxetex.def
(C:\Users\user\AppData\Local\Programs\MiKTeX\tex/latex/rerunfilecheck\rerunfile
check.sty
(C:\Users\user\AppData\Local\Programs\MiKTeX\tex/generic/uniquecounter\uniqueco
unter.sty)))
(C:\Users\user\AppData\Local\Programs\MiKTeX\tex/latex/listings\listings.sty
(C:\Users\user\AppData\Local\Programs\MiKTeX\tex/latex/listings\lstpatch.sty)
(C:\Users\user\AppData\Local\Programs\MiKTeX\tex/latex/listings\lstmisc.sty)
(C:\Users\user\AppData\Local\Programs\MiKTeX\tex/latex/listings\listings.cfg))
(C:\Users\user\AppData\Local\Programs\MiKTeX\tex/xelatex/xecjk\xeCJK-listings.s
ty)
==> First Aid for listings.sty no longer applied!
    Expected:
        2024/09/23 1.10c (Carsten Heinz)
    but found:
        2025/11/14 1.11b (Carsten Heinz)
    so I'm assuming it got fixed.
(C:\Users\user\AppData\Local\Programs\MiKTeX\tex/latex/xcolor\xcolor.sty
(C:\Users\user\AppData\Local\Programs\MiKTeX\tex/latex/graphics-cfg\color.cfg)
(C:\Users\user\AppData\Local\Programs\MiKTeX\tex/latex/graphics-def\xetex.def)
(C:\Users\user\AppData\Local\Programs\MiKTeX\tex/latex/graphics\mathcolor.ltx))
 (C:\Users\user\AppData\Local\Programs\MiKTeX\tex/latex/amsmath\amsmath.sty
For additional information on amsmath, use the `?' option.
(C:\Users\user\AppData\Local\Programs\MiKTeX\tex/latex/amsmath\amstext.sty
(C:\Users\user\AppData\Local\Programs\MiKTeX\tex/latex/amsmath\amsgen.sty))
(C:\Users\user\AppData\Local\Programs\MiKTeX\tex/latex/amsmath\amsbsy.sty)
(C:\Users\user\AppData\Local\Programs\MiKTeX\tex/latex/amsmath\amsopn.sty))
(C:\Users\user\AppData\Local\Programs\MiKTeX\tex/latex/amsfonts\amssymb.sty
(C:\Users\user\AppData\Local\Programs\MiKTeX\tex/latex/amsfonts\amsfonts.sty))
(C:\Users\user\OneDrive - 和歌山大学\ソーラー\エネマネ\solar_ws0129-main\docs\program_refere
nce_complete_20260729\build\24_mpc_solarcar_solar_autocal_node_py\24_mpc_solarc
ar_solar_autocal_node_py.aux)
*geometry* driver: auto-detecting
*geometry* detected driver: xetex

(C:\Users\user\OneDrive - 和歌山大学\ソーラー\エネマネ\solar_ws0129-main\docs\program_refere
nce_complete_20260729\build\24_mpc_solarcar_solar_autocal_node_py\24_mpc_solarc
ar_solar_autocal_node_py.out)
(C:\Users\user\OneDrive - 和歌山大学\ソーラー\エネマネ\solar_ws0129-main\docs\program_refere
nce_complete_20260729\build\24_mpc_solarcar_solar_autocal_node_py\24_mpc_solarc
ar_solar_autocal_node_py.out)
(C:\Users\user\AppData\Local\Programs\MiKTeX\tex/latex/amsfonts\umsa.fd)
(C:\Users\user\AppData\Local\Programs\MiKTeX\tex/latex/amsfonts\umsb.fd)
(C:\Users\user\OneDrive - 和歌山大学\ソーラー\エネマネ\solar_ws0129-main\docs\program_refere
nce_complete_20260729\build\24_mpc_solarcar_solar_autocal_node_py\24_mpc_solarc
ar_solar_autocal_node_py.toc [1]) [2]
(C:\Users\user\AppData\Local\Programs\MiKTeX\tex/latex/listings\lstlang1.sty)
[3]
Underfull \hbox (badness 10000) in paragraph at lines 158--158
[]|$[][][][] [] [][][][][][][] []

Underfull \hbox (badness 10000) in paragraph at lines 162--162
[]|$[][][][][][][] [] [][][][] []

Underfull \hbox (badness 10000) in paragraph at lines 162--162
[][][][][][][][][][][][][][][][] [][]

Underfull \hbox (badness 10000) in paragraph at lines 163--163
[]|$[][][][] [] [][][][][] [] [][][][][][][] []

Underfull \hbox (badness 10000) in paragraph at lines 163--163
[][][][][][][][][][][][][][][][][][] []

Underfull \hbox (badness 10000) in paragraph at lines 163--164
[]|\TU/YuGothic(0)/m/n/10.95 自 動 校 正 ロ ジ ッ ク 関 数 群 か ら \TU/TimesNewRoman(0)/m/n
/10.95 day-

Underfull \hbox (badness 6348) in paragraph at lines 163--164
\TU/TimesNewRoman(0)/m/n/10.95 time_stationary_aux_estimate \TU/YuGothic(0)/m/n
/10.95 を 読 み 込 み、|  こ の
ignored error: Infinite glue shrinkage found in box being split [4]

LaTeX Font Warning: Font shape `TU/YuGothic(0)/m/it' undefined
(Font)              using `TU/YuGothic(0)/m/n' instead on input line 185.

[5] [6] [7]
(C:\Users\user\AppData\Local\Programs\MiKTeX\tex/latex/listings\lstlang1.sty)
(C:\Users\user\AppData\Local\Programs\MiKTeX\tex/latex/listings\lstlang1.sty)
[8] [9] [10] [11]
Underfull \hbox (badness 1087) in paragraph at lines 526--527
[]\TU/YuGothic(0)/m/n/10.95 読 み 取 る 主 な イ ン ス タ ン ス 属 性\TU/TimesNewRoman(0)/m/n
/10.95 : self._on_current, self._on_env, self._on_metrics, self._on_solar,

Underfull \hbox (badness 10000) in paragraph at lines 527--528
\TU/TimesNewRoman(0)/m/n/10.95 self.aux_min, self.aux_power, self.day_ghi, self
.drive_gain, self.drive_gain_max, self.drive_gain_min,

Underfull \hbox (badness 4254) in paragraph at lines 527--528
\TU/TimesNewRoman(0)/m/n/10.95 self.pub_drive, self.pub_solar, self.pub_status,
 self.solar_gain, self.solar_gain_max, self.solar_gain_min,
[12] [13] [14] [15] [16] [17] [18] [19]
Underfull \hbox (badness 3189) in paragraph at lines 862--863
\TU/TimesNewRoman(0)/m/n/10.95 self.drive_gain, self.drive_gain_max, self.drive
_gain_min, self.drive_speed, self.ghi, self.pack_power_w,

Overfull \hbox (6.5742pt too wide) in paragraph at lines 862--863
\TU/TimesNewRoman(0)/m/n/10.95 self.pred_pack_w, self.pred_solar_w, self.pub_au
x, self.pub_drive, self.pub_solar, self.pub_status, self.solar_gain,

Overfull \hbox (4.58365pt too wide) in paragraph at lines 874--875
\TU/TimesNewRoman(0)/m/n/10.95 speed_kmh=self.speed_kmh, stationary_speed_kmh=s
elf.stationary_speed, pack_power_w=self.pack_power_w,

Overfull \hbox (69.32169pt too wide) in paragraph at lines 877--878
[]\TU/YuGothic(0)/m/n/10.95 条 件 \TU/TimesNewRoman(0)/m/n/10.95 math.isfinite(se
lf.ghi) and self.ghi >= self.day_ghi and math.isfinite(self.solar_obs_w) and ma
th.isfinite(self.pred_solar_w)

Overfull \hbox (10.30678pt too wide) in paragraph at lines 880--881
[]\TU/YuGothic(0)/m/n/10.95 条 件 \TU/TimesNewRoman(0)/m/n/10.95 math.isfinite(se
lf.speed_kmh) and self.speed_kmh >= self.drive_speed and math.isfinite(self.pac
k_power_w)

Overfull \hbox (46.18831pt too wide) in paragraph at lines 886--887
[]\TU/TimesNewRoman(0)/m/n/10.95 status \TU/YuGothic(0)/m/n/10.95 に \TU/TimesNe
wRoman(0)/m/n/10.95 f’solar_gain={self.solar_gain:.3f} drive_power_gain={self.d
rive_gain:.3f} aux_power_w={self.aux_power:.1f}’
[20] [21]
ignored error: Infinite glue shrinkage found in box being split [22] [23]
(C:\Users\user\OneDrive - 和歌山大学\ソーラー\エネマネ\solar_ws0129-main\docs\program_refere
nce_complete_20260729\build\24_mpc_solarcar_solar_autocal_node_py\24_mpc_solarc
ar_solar_autocal_node_py.aux)

LaTeX Font Warning: Some font shapes were not available, defaults substituted.

 )
(see the transcript file for additional information)
Output written on C:\Users\user\OneDrive - 和歌山大学\ソーラー\エネマネ\solar_ws0129-main\do
cs\program_reference_complete_20260729\build\24_mpc_solarcar_solar_autocal_node
_py\24_mpc_solarcar_solar_autocal_node_py.pdf (23 pages).
Transcript written on "C:\Users\user\OneDrive - 和歌山大学\ソーラー\エネマネ\solar_ws0129-ma
in\docs\program_reference_complete_20260729\build\24_mpc_solarcar_solar_autocal
_node_py\24_mpc_solarcar_solar_autocal_node_py.log".

miktex-dvipdfmx: major issue: So far, you have not checked for MiKTeX updates.
xelatex: major issue: So far, you have not checked for MiKTeX updates.


===== xelatex pass 2 =====
This is XeTeX, Version 3.141592653-2.6-0.999997 (MiKTeX 25.12) (preloaded format=xelatex.fmt)
 restricted \write18 enabled.
entering extended mode

(C:/Users/user/OneDrive - 和歌山大学/ソーラー/エネマネ/solar_ws0129-main/docs/program_refere
nce_complete_20260729/tex/24_mpc_solarcar_solar_autocal_node_py.tex
LaTeX2e <2025-11-01>
L3 programming layer <2025-12-24>
(C:\Users\user\AppData\Local\Programs\MiKTeX\tex/latex/base\article.cls
Document Class: article 2025/01/22 v1.4n Standard LaTeX document class
(C:\Users\user\AppData\Local\Programs\MiKTeX\tex/latex/base\size11.clo))
(C:\Users\user\AppData\Local\Programs\MiKTeX\tex/latex/geometry\geometry.sty
(C:\Users\user\AppData\Local\Programs\MiKTeX\tex/latex/graphics\keyval.sty)
(C:\Users\user\AppData\Local\Programs\MiKTeX\tex/generic/iftex\ifvtex.sty
(C:\Users\user\AppData\Local\Programs\MiKTeX\tex/generic/iftex\iftex.sty))
(C:\Users\user\AppData\Local\Programs\MiKTeX\tex/latex/geometry\geometry.cfg))
(C:\Users\user\AppData\Local\Programs\MiKTeX\tex/latex/fontspec\fontspec.sty
(C:\Users\user\AppData\Local\Programs\MiKTeX\tex/latex/l3packages/xparse\xparse
.sty (C:\Users\user\AppData\Local\Programs\MiKTeX\tex/latex/l3kernel\expl3.sty
(C:\Users\user\AppData\Local\Programs\MiKTeX\tex/latex/l3backend\l3backend-xete
x.def)))
(C:\Users\user\AppData\Local\Programs\MiKTeX\tex/latex/fontspec\fontspec-xetex.
sty (C:\Users\user\AppData\Local\Programs\MiKTeX\tex/latex/base\fontenc.sty)
(C:\Users\user\AppData\Local\Programs\MiKTeX\tex/latex/fontspec\fontspec.cfg)))
(C:\Users\user\AppData\Local\Programs\MiKTeX\tex/xelatex/xecjk\xeCJK.sty
(C:\Users\user\AppData\Local\Programs\MiKTeX\tex/latex/ctex\ctexhook.sty)
(C:\Users\user\AppData\Local\Programs\MiKTeX\tex/latex/l3packages/xtemplate\xte
mplate.sty)
(C:\Users\user\AppData\Local\Programs\MiKTeX\tex/xelatex/xecjk\xeCJK.cfg))
(C:\Users\user\AppData\Local\Programs\MiKTeX\tex/latex/booktabs\booktabs.sty)
(C:\Users\user\AppData\Local\Programs\MiKTeX\tex/latex/tools\longtable.sty)
(C:\Users\user\AppData\Local\Programs\MiKTeX\tex/latex/tools\tabularx.sty
(C:\Users\user\AppData\Local\Programs\MiKTeX\tex/latex/tools\array.sty))
(C:\Users\user\AppData\Local\Programs\MiKTeX\tex/latex/enumitem\enumitem.sty)
(C:\Users\user\AppData\Local\Programs\MiKTeX\tex/latex/hyperref\hyperref.sty
(C:\Users\user\AppData\Local\Programs\MiKTeX\tex/latex/kvsetkeys\kvsetkeys.sty)

(C:\Users\user\AppData\Local\Programs\MiKTeX\tex/generic/kvdefinekeys\kvdefinek
eys.sty)
(C:\Users\user\AppData\Local\Programs\MiKTeX\tex/generic/pdfescape\pdfescape.st
y (C:\Users\user\AppData\Local\Programs\MiKTeX\tex/generic/ltxcmds\ltxcmds.sty)

(C:\Users\user\AppData\Local\Programs\MiKTeX\tex/generic/pdftexcmds\pdftexcmds.
sty
(C:\Users\user\AppData\Local\Programs\MiKTeX\tex/generic/infwarerr\infwarerr.st
y))) (C:\Users\user\AppData\Local\Programs\MiKTeX\tex/latex/hycolor\hycolor.sty
) (C:\Users\user\AppData\Local\Programs\MiKTeX\tex/latex/hyperref\nameref.sty
(C:\Users\user\AppData\Local\Programs\MiKTeX\tex/latex/refcount\refcount.sty)
(C:\Users\user\AppData\Local\Programs\MiKTeX\tex/generic/gettitlestring\gettitl
estring.sty
(C:\Users\user\AppData\Local\Programs\MiKTeX\tex/latex/kvoptions\kvoptions.sty)
)) (C:\Users\user\AppData\Local\Programs\MiKTeX\tex/latex/etoolbox\etoolbox.sty
)
(C:\Users\user\AppData\Local\Programs\MiKTeX\tex/generic/stringenc\stringenc.st
y) (C:\Users\user\AppData\Local\Programs\MiKTeX\tex/latex/hyperref\pd1enc.def)
(C:\Users\user\AppData\Local\Programs\MiKTeX\tex/generic/intcalc\intcalc.sty)
(C:\Users\user\AppData\Local\Programs\MiKTeX\tex/latex/hyperref\puenc.def)
(C:\Users\user\AppData\Local\Programs\MiKTeX\tex/latex/url\url.sty)
(C:\Users\user\AppData\Local\Programs\MiKTeX\tex/generic/bitset\bitset.sty
(C:\Users\user\AppData\Local\Programs\MiKTeX\tex/generic/bigintcalc\bigintcalc.
sty)))
(C:\Users\user\AppData\Local\Programs\MiKTeX\tex/latex/hyperref\hxetex.def
(C:\Users\user\AppData\Local\Programs\MiKTeX\tex/latex/rerunfilecheck\rerunfile
check.sty
(C:\Users\user\AppData\Local\Programs\MiKTeX\tex/generic/uniquecounter\uniqueco
unter.sty)))
(C:\Users\user\AppData\Local\Programs\MiKTeX\tex/latex/listings\listings.sty
(C:\Users\user\AppData\Local\Programs\MiKTeX\tex/latex/listings\lstpatch.sty)
(C:\Users\user\AppData\Local\Programs\MiKTeX\tex/latex/listings\lstmisc.sty)
(C:\Users\user\AppData\Local\Programs\MiKTeX\tex/latex/listings\listings.cfg))
(C:\Users\user\AppData\Local\Programs\MiKTeX\tex/xelatex/xecjk\xeCJK-listings.s
ty)
==> First Aid for listings.sty no longer applied!
    Expected:
        2024/09/23 1.10c (Carsten Heinz)
    but found:
        2025/11/14 1.11b (Carsten Heinz)
    so I'm assuming it got fixed.
(C:\Users\user\AppData\Local\Programs\MiKTeX\tex/latex/xcolor\xcolor.sty
(C:\Users\user\AppData\Local\Programs\MiKTeX\tex/latex/graphics-cfg\color.cfg)
(C:\Users\user\AppData\Local\Programs\MiKTeX\tex/latex/graphics-def\xetex.def)
(C:\Users\user\AppData\Local\Programs\MiKTeX\tex/latex/graphics\mathcolor.ltx))
 (C:\Users\user\AppData\Local\Programs\MiKTeX\tex/latex/amsmath\amsmath.sty
For additional information on amsmath, use the `?' option.
(C:\Users\user\AppData\Local\Programs\MiKTeX\tex/latex/amsmath\amstext.sty
(C:\Users\user\AppData\Local\Programs\MiKTeX\tex/latex/amsmath\amsgen.sty))
(C:\Users\user\AppData\Local\Programs\MiKTeX\tex/latex/amsmath\amsbsy.sty)
(C:\Users\user\AppData\Local\Programs\MiKTeX\tex/latex/amsmath\amsopn.sty))
(C:\Users\user\AppData\Local\Programs\MiKTeX\tex/latex/amsfonts\amssymb.sty
(C:\Users\user\AppData\Local\Programs\MiKTeX\tex/latex/amsfonts\amsfonts.sty))
(C:\Users\user\OneDrive - 和歌山大学\ソーラー\エネマネ\solar_ws0129-main\docs\program_refere
nce_complete_20260729\build\24_mpc_solarcar_solar_autocal_node_py\24_mpc_solarc
ar_solar_autocal_node_py.aux)
*geometry* driver: auto-detecting
*geometry* detected driver: xetex

(C:\Users\user\OneDrive - 和歌山大学\ソーラー\エネマネ\solar_ws0129-main\docs\program_refere
nce_complete_20260729\build\24_mpc_solarcar_solar_autocal_node_py\24_mpc_solarc
ar_solar_autocal_node_py.out)
(C:\Users\user\OneDrive - 和歌山大学\ソーラー\エネマネ\solar_ws0129-main\docs\program_refere
nce_complete_20260729\build\24_mpc_solarcar_solar_autocal_node_py\24_mpc_solarc
ar_solar_autocal_node_py.out)
(C:\Users\user\AppData\Local\Programs\MiKTeX\tex/latex/amsfonts\umsa.fd)
(C:\Users\user\AppData\Local\Programs\MiKTeX\tex/latex/amsfonts\umsb.fd)
(C:\Users\user\OneDrive - 和歌山大学\ソーラー\エネマネ\solar_ws0129-main\docs\program_refere
nce_complete_20260729\build\24_mpc_solarcar_solar_autocal_node_py\24_mpc_solarc
ar_solar_autocal_node_py.toc [1]) [2]
(C:\Users\user\AppData\Local\Programs\MiKTeX\tex/latex/listings\lstlang1.sty)
[3]
Underfull \hbox (badness 10000) in paragraph at lines 158--158
[]|$[][][][] [] [][][][][][][] []

Underfull \hbox (badness 10000) in paragraph at lines 162--162
[]|$[][][][][][][] [] [][][][] []

Underfull \hbox (badness 10000) in paragraph at lines 162--162
[][][][][][][][][][][][][][][][] [][]

Underfull \hbox (badness 10000) in paragraph at lines 163--163
[]|$[][][][] [] [][][][][] [] [][][][][][][] []

Underfull \hbox (badness 10000) in paragraph at lines 163--163
[][][][][][][][][][][][][][][][][][] []

Underfull \hbox (badness 10000) in paragraph at lines 163--164
[]|\TU/YuGothic(0)/m/n/10.95 自 動 校 正 ロ ジ ッ ク 関 数 群 か ら \TU/TimesNewRoman(0)/m/n
/10.95 day-

Underfull \hbox (badness 6348) in paragraph at lines 163--164
\TU/TimesNewRoman(0)/m/n/10.95 time_stationary_aux_estimate \TU/YuGothic(0)/m/n
/10.95 を 読 み 込 み、|  こ の
ignored error: Infinite glue shrinkage found in box being split [4]

LaTeX Font Warning: Font shape `TU/YuGothic(0)/m/it' undefined
(Font)              using `TU/YuGothic(0)/m/n' instead on input line 185.

[5] [6] [7]
(C:\Users\user\AppData\Local\Programs\MiKTeX\tex/latex/listings\lstlang1.sty)
(C:\Users\user\AppData\Local\Programs\MiKTeX\tex/latex/listings\lstlang1.sty)
[8] [9] [10] [11]
Underfull \hbox (badness 1087) in paragraph at lines 526--527
[]\TU/YuGothic(0)/m/n/10.95 読 み 取 る 主 な イ ン ス タ ン ス 属 性\TU/TimesNewRoman(0)/m/n
/10.95 : self._on_current, self._on_env, self._on_metrics, self._on_solar,

Underfull \hbox (badness 10000) in paragraph at lines 527--528
\TU/TimesNewRoman(0)/m/n/10.95 self.aux_min, self.aux_power, self.day_ghi, self
.drive_gain, self.drive_gain_max, self.drive_gain_min,

Underfull \hbox (badness 4254) in paragraph at lines 527--528
\TU/TimesNewRoman(0)/m/n/10.95 self.pub_drive, self.pub_solar, self.pub_status,
 self.solar_gain, self.solar_gain_max, self.solar_gain_min,
[12] [13] [14] [15] [16] [17] [18] [19]
Underfull \hbox (badness 3189) in paragraph at lines 862--863
\TU/TimesNewRoman(0)/m/n/10.95 self.drive_gain, self.drive_gain_max, self.drive
_gain_min, self.drive_speed, self.ghi, self.pack_power_w,

Overfull \hbox (6.5742pt too wide) in paragraph at lines 862--863
\TU/TimesNewRoman(0)/m/n/10.95 self.pred_pack_w, self.pred_solar_w, self.pub_au
x, self.pub_drive, self.pub_solar, self.pub_status, self.solar_gain,

Overfull \hbox (4.58365pt too wide) in paragraph at lines 874--875
\TU/TimesNewRoman(0)/m/n/10.95 speed_kmh=self.speed_kmh, stationary_speed_kmh=s
elf.stationary_speed, pack_power_w=self.pack_power_w,

Overfull \hbox (69.32169pt too wide) in paragraph at lines 877--878
[]\TU/YuGothic(0)/m/n/10.95 条 件 \TU/TimesNewRoman(0)/m/n/10.95 math.isfinite(se
lf.ghi) and self.ghi >= self.day_ghi and math.isfinite(self.solar_obs_w) and ma
th.isfinite(self.pred_solar_w)

Overfull \hbox (10.30678pt too wide) in paragraph at lines 880--881
[]\TU/YuGothic(0)/m/n/10.95 条 件 \TU/TimesNewRoman(0)/m/n/10.95 math.isfinite(se
lf.speed_kmh) and self.speed_kmh >= self.drive_speed and math.isfinite(self.pac
k_power_w)

Overfull \hbox (46.18831pt too wide) in paragraph at lines 886--887
[]\TU/TimesNewRoman(0)/m/n/10.95 status \TU/YuGothic(0)/m/n/10.95 に \TU/TimesNe
wRoman(0)/m/n/10.95 f’solar_gain={self.solar_gain:.3f} drive_power_gain={self.d
rive_gain:.3f} aux_power_w={self.aux_power:.1f}’
[20] [21]
ignored error: Infinite glue shrinkage found in box being split [22] [23]
(C:\Users\user\OneDrive - 和歌山大学\ソーラー\エネマネ\solar_ws0129-main\docs\program_refere
nce_complete_20260729\build\24_mpc_solarcar_solar_autocal_node_py\24_mpc_solarc
ar_solar_autocal_node_py.aux)

LaTeX Font Warning: Some font shapes were not available, defaults substituted.

 )
(see the transcript file for additional information)
Output written on C:\Users\user\OneDrive - 和歌山大学\ソーラー\エネマネ\solar_ws0129-main\do
cs\program_reference_complete_20260729\build\24_mpc_solarcar_solar_autocal_node
_py\24_mpc_solarcar_solar_autocal_node_py.pdf (23 pages).
Transcript written on "C:\Users\user\OneDrive - 和歌山大学\ソーラー\エネマネ\solar_ws0129-ma
in\docs\program_reference_complete_20260729\build\24_mpc_solarcar_solar_autocal
_node_py\24_mpc_solarcar_solar_autocal_node_py.log".

miktex-dvipdfmx: major issue: So far, you have not checked for MiKTeX updates.
xelatex: major issue: So far, you have not checked for MiKTeX updates.

