This is XeTeX, Version 3.141592653-2.6-0.999997 (MiKTeX 25.12) (preloaded format=xelatex 2026.5.1)  29 JUL 2026 10:19
entering extended mode
 restricted \write18 enabled.
 %&-line parsing enabled.
**"C:/Users/user/OneDrive - 和歌山大学/ソーラー/エネマネ/solar_ws0129-main/docs/program_refe
rence_20260728/tex/10_scripts_solar_sim_py.tex"

(C:/Users/user/OneDrive - 和歌山大学/ソーラー/エネマネ/solar_ws0129-main/docs/program_refere
nce_20260728/tex/10_scripts_solar_sim_py.tex
LaTeX2e <2025-11-01>
L3 programming layer <2025-12-24>
(C:\Users\user\AppData\Local\Programs\MiKTeX\tex/latex/base\article.cls
Document Class: article 2025/01/22 v1.4n Standard LaTeX document class
(C:\Users\user\AppData\Local\Programs\MiKTeX\tex/latex/base\size11.clo
File: size11.clo 2025/01/22 v1.4n Standard LaTeX file (size option)
)
\c@part=\count271
\c@section=\count272
\c@subsection=\count273
\c@subsubsection=\count274
\c@paragraph=\count275
\c@subparagraph=\count276
\c@figure=\count277
\c@table=\count278
\abovecaptionskip=\skip49
\belowcaptionskip=\skip50
\bibindent=\dimen148
)
(C:\Users\user\AppData\Local\Programs\MiKTeX\tex/latex/geometry\geometry.sty
Package: geometry 2026/03/07 v6.0 Page Geometry

(C:\Users\user\AppData\Local\Programs\MiKTeX\tex/latex/graphics\keyval.sty
Package: keyval 2022/05/29 v1.15 key=value parser (DPC)
\KV@toks@=\toks17
)
(C:\Users\user\AppData\Local\Programs\MiKTeX\tex/generic/iftex\ifvtex.sty
Package: ifvtex 2019/10/25 v1.7 ifvtex legacy package. Use iftex instead.

(C:\Users\user\AppData\Local\Programs\MiKTeX\tex/generic/iftex\iftex.sty
Package: iftex 2024/12/12 v1.0g TeX engine tests
))
\Gm@cnth=\count279
\Gm@cntv=\count280
\c@Gm@tempcnt=\count281
\Gm@bindingoffset=\dimen149
\Gm@wd@mp=\dimen150
\Gm@odd@mp=\dimen151
\Gm@even@mp=\dimen152
\Gm@layoutwidth=\dimen153
\Gm@layoutheight=\dimen154
\Gm@layouthoffset=\dimen155
\Gm@layoutvoffset=\dimen156
\Gm@dimlist=\toks18

(C:\Users\user\AppData\Local\Programs\MiKTeX\tex/latex/geometry\geometry.cfg))
(C:\Users\user\AppData\Local\Programs\MiKTeX\tex/latex/fontspec\fontspec.sty
(C:\Users\user\AppData\Local\Programs\MiKTeX\tex/latex/l3packages/xparse\xparse
.sty (C:\Users\user\AppData\Local\Programs\MiKTeX\tex/latex/l3kernel\expl3.sty
Package: expl3 2025-12-24 L3 programming layer (loader) 

(C:\Users\user\AppData\Local\Programs\MiKTeX\tex/latex/l3backend\l3backend-xete
x.def
File: l3backend-xetex.def 2025-10-09 L3 backend support: XeTeX
\g__graphics_track_int=\count282
\g__pdfannot_backend_int=\count283
\g__pdfannot_backend_link_int=\count284
))
Package: xparse 2025-10-09 L3 Experimental document command parser
)
Package: fontspec 2025/09/29 v2.9g Font selection for XeLaTeX and LuaLaTeX

(C:\Users\user\AppData\Local\Programs\MiKTeX\tex/latex/fontspec\fontspec-xetex.
sty
Package: fontspec-xetex 2025/09/29 v2.9g Font selection for XeLaTeX and LuaLaTe
X
\l__fontspec_script_int=\count285
\l__fontspec_language_int=\count286
\l__fontspec_strnum_int=\count287
\l__fontspec_tmp_int=\count288
\l__fontspec_tmpa_int=\count289
\l__fontspec_tmpb_int=\count290
\l__fontspec_tmpc_int=\count291
\l__fontspec_em_int=\count292
\l__fontspec_emdef_int=\count293
\l__fontspec_strong_int=\count294
\l__fontspec_strongdef_int=\count295
\l__fontspec_tmpa_dim=\dimen157
\l__fontspec_tmpb_dim=\dimen158
\l__fontspec_tmpc_dim=\dimen159
 (C:\Users\user\AppData\Local\Programs\MiKTeX\tex/latex/base\fontenc.sty
Package: fontenc 2025/07/18 v2.1d Standard LaTeX package
)
(C:\Users\user\AppData\Local\Programs\MiKTeX\tex/latex/fontspec\fontspec.cfg)))
(C:\Users\user\AppData\Local\Programs\MiKTeX\tex/xelatex/xecjk\xeCJK.sty
Package: xeCJK 2022/08/05 v3.9.1 Typesetting CJK scripts with XeLaTeX

(C:\Users\user\AppData\Local\Programs\MiKTeX\tex/latex/ctex\ctexhook.sty
Package: ctexhook 2022/07/14 v2.5.10 Document and package hooks (CTEX)
)
(C:\Users\user\AppData\Local\Programs\MiKTeX\tex/latex/l3packages/xtemplate\xte
mplate.sty
Package: xtemplate 2025-10-09 L3 Experimental prototype document functions
)
\l__xeCJK_tmp_int=\count296
\l__xeCJK_tmp_box=\box53
\l__xeCJK_tmp_dim=\dimen160
\l__xeCJK_tmp_skip=\skip51
\g__xeCJK_space_factor_int=\count297
\l__xeCJK_begin_int=\count298
\l__xeCJK_end_int=\count299
\c__xeCJK_CJK_class_int=\XeTeXcharclass1
\c__xeCJK_FullLeft_class_int=\XeTeXcharclass2
\c__xeCJK_FullRight_class_int=\XeTeXcharclass3
\c__xeCJK_HalfLeft_class_int=\XeTeXcharclass4
\c__xeCJK_HalfRight_class_int=\XeTeXcharclass5
\c__xeCJK_NormalSpace_class_int=\XeTeXcharclass6
\c__xeCJK_CM_class_int=\XeTeXcharclass7
\c__xeCJK_HangulJamo_class_int=\XeTeXcharclass8
\l__xeCJK_last_skip=\skip52
\c__xeCJK_none_node=\count300
\g__xeCJK_node_int=\count301
\c__xeCJK_CJK_node_dim=\dimen161
\c__xeCJK_CJK-space_node_dim=\dimen162
\c__xeCJK_default_node_dim=\dimen163
\c__xeCJK_CJK-widow_node_dim=\dimen164
\c__xeCJK_normalspace_node_dim=\dimen165
\c__xeCJK_default-space_node_skip=\skip53
\l__xeCJK_ccglue_skip=\skip54
\l__xeCJK_ecglue_skip=\skip55
\l__xeCJK_punct_kern_skip=\skip56
\l__xeCJK_indent_box=\box54
\l__xeCJK_last_penalty_int=\count302
\l__xeCJK_last_bound_dim=\dimen166
\l__xeCJK_last_kern_dim=\dimen167
\l__xeCJK_widow_penalty_int=\count303

LaTeX template Info: Declaring template type 'xeCJK/punctuation' taking 0
(template)           argument(s) on line 2396.

\l__xeCJK_fixed_punct_width_dim=\dimen168
\l__xeCJK_mixed_punct_width_dim=\dimen169
\l__xeCJK_middle_punct_width_dim=\dimen170
\l__xeCJK_fixed_margin_width_dim=\dimen171
\l__xeCJK_mixed_margin_width_dim=\dimen172
\l__xeCJK_middle_margin_width_dim=\dimen173
\l__xeCJK_bound_punct_width_dim=\dimen174
\l__xeCJK_bound_margin_width_dim=\dimen175
\l__xeCJK_margin_minimum_dim=\dimen176
\l__xeCJK_kerning_total_width_dim=\dimen177
\l__xeCJK_same_align_margin_dim=\dimen178
\l__xeCJK_different_align_margin_dim=\dimen179
\l__xeCJK_kerning_margin_width_dim=\dimen180
\l__xeCJK_kerning_margin_minimum_dim=\dimen181
\l__xeCJK_bound_dim=\dimen182
\l__xeCJK_reverse_bound_dim=\dimen183
\l__xeCJK_margin_dim=\dimen184
\l__xeCJK_minimum_bound_dim=\dimen185
\l__xeCJK_kerning_margin_dim=\dimen186
\g__xeCJK_family_int=\count304
\l__xeCJK_fam_int=\count305
\g__xeCJK_fam_allocation_int=\count306
\l__xeCJK_verb_case_int=\count307
\l__xeCJK_verb_exspace_skip=\skip57

(C:\Users\user\AppData\Local\Programs\MiKTeX\tex/xelatex/xecjk\xeCJK.cfg
File: xeCJK.cfg 2022/08/05 v3.9.1 Configuration file for xeCJK package
))

Package fontspec Info: 
(fontspec)             Font family 'TimesNewRoman(0)' created for font 'Times
(fontspec)             New Roman' with options [Ligatures=TeX].
(fontspec)              
(fontspec)              This font family consists of the following NFSS
(fontspec)             series/shapes:
(fontspec)              
(fontspec)             - 'normal' (m/n) with NFSS spec.: <->"Times New
(fontspec)             Roman/OT:script=latn;language=dflt;mapping=tex-text;"
(fontspec)             - 'small caps'  (m/sc) with NFSS spec.: <->"Times New
(fontspec)             Roman/OT:script=latn;language=dflt;+smcp;mapping=tex-tex
t;"
(fontspec)             - 'bold' (b/n) with NFSS spec.: <->"Times New
(fontspec)             Roman/B/OT:script=latn;language=dflt;mapping=tex-text;"
(fontspec)             - 'bold small caps'  (b/sc) with NFSS spec.: <->"Times
(fontspec)             New
(fontspec)             Roman/B/OT:script=latn;language=dflt;+smcp;mapping=tex-t
ext;"
(fontspec)             - 'italic' (m/it) with NFSS spec.: <->"Times New
(fontspec)             Roman/I/OT:script=latn;language=dflt;mapping=tex-text;"
(fontspec)             - 'italic small caps'  (m/scit) with NFSS spec.:
(fontspec)             <->"Times New
(fontspec)             Roman/I/OT:script=latn;language=dflt;+smcp;mapping=tex-t
ext;"
(fontspec)             - 'bold italic' (b/it) with NFSS spec.: <->"Times New
(fontspec)             Roman/BI/OT:script=latn;language=dflt;mapping=tex-text;"

(fontspec)             - 'bold italic small caps'  (b/scit) with NFSS spec.:
(fontspec)             <->"Times New
(fontspec)             Roman/BI/OT:script=latn;language=dflt;+smcp;mapping=tex-
text;"


Package fontspec Info: 
(fontspec)             Could not resolve font "Yu Gothic/I" (it probably
(fontspec)             doesn't exist).


Package fontspec Info: 
(fontspec)             Font family 'YuGothic(0)' created for font 'Yu Gothic'
(fontspec)             with options [Script={CJK}].
(fontspec)              
(fontspec)              This font family consists of the following NFSS
(fontspec)             series/shapes:
(fontspec)              
(fontspec)             - 'normal' (m/n) with NFSS spec.: <->"Yu
(fontspec)             Gothic/OT:script=hani;language=dflt;"
(fontspec)             - 'bold' (b/n) with NFSS spec.: <->"Yu
(fontspec)             Gothic/B/OT:script=hani;language=dflt;"
(fontspec)             - 'bold italic' (b/it) with NFSS spec.: <->"Yu
(fontspec)             Gothic/BI/OT:script=hani;language=dflt;"


Package fontspec Info: 
(fontspec)             Font family 'Consolas(0)' created for font 'Consolas'
(fontspec)             with options
(fontspec)             [WordSpace={1,0,0},HyphenChar=None,PunctuationSpace=Word
Space].
(fontspec)              
(fontspec)              This font family consists of the following NFSS
(fontspec)             series/shapes:
(fontspec)              
(fontspec)             - 'normal' (m/n) with NFSS spec.:
(fontspec)             <->"Consolas/OT:script=latn;language=dflt;"
(fontspec)             - 'bold' (b/n) with NFSS spec.:
(fontspec)             <->"Consolas/B/OT:script=latn;language=dflt;"
(fontspec)             - 'italic' (m/it) with NFSS spec.:
(fontspec)             <->"Consolas/I/OT:script=latn;language=dflt;"
(fontspec)             - 'bold italic' (b/it) with NFSS spec.:
(fontspec)             <->"Consolas/BI/OT:script=latn;language=dflt;"


(C:\Users\user\AppData\Local\Programs\MiKTeX\tex/latex/booktabs\booktabs.sty
Package: booktabs 2020/01/12 v1.61803398 Publication quality tables
\heavyrulewidth=\dimen187
\lightrulewidth=\dimen188
\cmidrulewidth=\dimen189
\belowrulesep=\dimen190
\belowbottomsep=\dimen191
\aboverulesep=\dimen192
\abovetopsep=\dimen193
\cmidrulesep=\dimen194
\cmidrulekern=\dimen195
\defaultaddspace=\dimen196
\@cmidla=\count308
\@cmidlb=\count309
\@aboverulesep=\dimen197
\@belowrulesep=\dimen198
\@thisruleclass=\count310
\@lastruleclass=\count311
\@thisrulewidth=\dimen199
)
(C:\Users\user\AppData\Local\Programs\MiKTeX\tex/latex/tools\longtable.sty
Package: longtable 2025-10-13 v4.24 Multi-page Table package (DPC)
\LTleft=\skip58
\LTright=\skip59
\LTpre=\skip60
\LTpost=\skip61
\LTchunksize=\count312
\LTcapwidth=\dimen256
\LT@head=\box55
\LT@firsthead=\box56
\LT@foot=\box57
\LT@lastfoot=\box58
\LT@gbox=\box59
\LT@cols=\count313
\LT@rows=\count314
\c@LT@tables=\count315
\c@LT@chunks=\count316
\LT@p@ftn=\toks19
)
(C:\Users\user\AppData\Local\Programs\MiKTeX\tex/latex/tools\tabularx.sty
Package: tabularx 2023/12/11 v2.12a `tabularx' package (DPC)

(C:\Users\user\AppData\Local\Programs\MiKTeX\tex/latex/tools\array.sty
Package: array 2025/09/25 v2.6n Tabular extension package (FMi)
\col@sep=\dimen257
\ar@mcellbox=\box60
\extrarowheight=\dimen258
\NC@list=\toks20
\extratabsurround=\skip62
\backup@length=\skip63
\ar@cellbox=\box61
)
\TX@col@width=\dimen259
\TX@old@table=\dimen260
\TX@old@col=\dimen261
\TX@target=\dimen262
\TX@delta=\dimen263
\TX@cols=\count317
\TX@ftn=\toks21
)
(C:\Users\user\AppData\Local\Programs\MiKTeX\tex/latex/enumitem\enumitem.sty
Package: enumitem 2025/02/06 v3.11 Customized lists
\labelindent=\skip64
\enit@outerparindent=\dimen264
\enit@toks=\toks22
\enit@inbox=\box62
\enit@count@id=\count318
\enitdp@description=\count319
)
(C:\Users\user\AppData\Local\Programs\MiKTeX\tex/latex/hyperref\hyperref.sty
Package: hyperref 2025-07-12 v7.01o Hypertext links for LaTeX

(C:\Users\user\AppData\Local\Programs\MiKTeX\tex/latex/kvsetkeys\kvsetkeys.sty
Package: kvsetkeys 2022-10-05 v1.19 Key value parser (HO)
)
(C:\Users\user\AppData\Local\Programs\MiKTeX\tex/generic/kvdefinekeys\kvdefinek
eys.sty
Package: kvdefinekeys 2019-12-19 v1.6 Define keys (HO)
)
(C:\Users\user\AppData\Local\Programs\MiKTeX\tex/generic/pdfescape\pdfescape.st
y
Package: pdfescape 2019/12/09 v1.15 Implements pdfTeX's escape features (HO)
 (C:\Users\user\AppData\Local\Programs\MiKTeX\tex/generic/ltxcmds\ltxcmds.sty
Package: ltxcmds 2023-12-04 v1.26 LaTeX kernel commands for general use (HO)
)
(C:\Users\user\AppData\Local\Programs\MiKTeX\tex/generic/pdftexcmds\pdftexcmds.
sty
Package: pdftexcmds 2020-06-27 v0.33 Utility functions of pdfTeX for LuaTeX (HO
)

(C:\Users\user\AppData\Local\Programs\MiKTeX\tex/generic/infwarerr\infwarerr.st
y
Package: infwarerr 2019/12/03 v1.5 Providing info/warning/error messages (HO)
)
Package pdftexcmds Info: \pdf@primitive is available.
Package pdftexcmds Info: \pdf@ifprimitive is available.
Package pdftexcmds Info: \pdfdraftmode not found.
)) (C:\Users\user\AppData\Local\Programs\MiKTeX\tex/latex/hycolor\hycolor.sty
Package: hycolor 2020-01-27 v1.10 Color options for hyperref/bookmark (HO)
) (C:\Users\user\AppData\Local\Programs\MiKTeX\tex/latex/hyperref\nameref.sty
Package: nameref 2025-06-21 v2.57 Cross-referencing by name of section

(C:\Users\user\AppData\Local\Programs\MiKTeX\tex/latex/refcount\refcount.sty
Package: refcount 2019/12/15 v3.6 Data extraction from label references (HO)
)
(C:\Users\user\AppData\Local\Programs\MiKTeX\tex/generic/gettitlestring\gettitl
estring.sty
Package: gettitlestring 2019/12/15 v1.6 Cleanup title references (HO)

(C:\Users\user\AppData\Local\Programs\MiKTeX\tex/latex/kvoptions\kvoptions.sty
Package: kvoptions 2022-06-15 v3.15 Key value format for package options (HO)
))
\c@section@level=\count320
) (C:\Users\user\AppData\Local\Programs\MiKTeX\tex/latex/etoolbox\etoolbox.sty
Package: etoolbox 2025/10/02 v2.5m e-TeX tools for LaTeX (JAW)
\etb@tempcnta=\count321
)
(C:\Users\user\AppData\Local\Programs\MiKTeX\tex/generic/stringenc\stringenc.st
y
Package: stringenc 2019/11/29 v1.12 Convert strings between diff. encodings (HO
)
)
\@linkdim=\dimen265
\Hy@linkcounter=\count322
\Hy@pagecounter=\count323
 (C:\Users\user\AppData\Local\Programs\MiKTeX\tex/latex/hyperref\pd1enc.def
File: pd1enc.def 2025-07-12 v7.01o Hyperref: PDFDocEncoding definition (HO)
)
(C:\Users\user\AppData\Local\Programs\MiKTeX\tex/generic/intcalc\intcalc.sty
Package: intcalc 2019/12/15 v1.3 Expandable calculations with integers (HO)
)
\Hy@SavedSpaceFactor=\count324

(C:\Users\user\AppData\Local\Programs\MiKTeX\tex/latex/hyperref\puenc.def
File: puenc.def 2025-07-12 v7.01o Hyperref: PDF Unicode definition (HO)
)
Package hyperref Info: Hyper figures OFF on input line 4195.
Package hyperref Info: Link nesting OFF on input line 4200.
Package hyperref Info: Hyper index ON on input line 4203.
Package hyperref Info: Plain pages OFF on input line 4210.
Package hyperref Info: Backreferencing OFF on input line 4215.
Package hyperref Info: Implicit mode ON; LaTeX internals redefined.
Package hyperref Info: Bookmarks ON on input line 4462.
\c@Hy@tempcnt=\count325

(C:\Users\user\AppData\Local\Programs\MiKTeX\tex/latex/url\url.sty
\Urlmuskip=\muskip17
Package: url 2013/09/16  ver 3.4  Verb mode for urls, etc.
)
LaTeX Info: Redefining \url on input line 4801.
\XeTeXLinkMargin=\dimen266

(C:\Users\user\AppData\Local\Programs\MiKTeX\tex/generic/bitset\bitset.sty
Package: bitset 2019/12/09 v1.3 Handle bit-vector datatype (HO)

(C:\Users\user\AppData\Local\Programs\MiKTeX\tex/generic/bigintcalc\bigintcalc.
sty
Package: bigintcalc 2019/12/15 v1.5 Expandable calculations on big integers (HO
)
))
\Fld@menulength=\count326
\Field@Width=\dimen267
\Fld@charsize=\dimen268
Package hyperref Info: Hyper figures OFF on input line 6078.
Package hyperref Info: Link nesting OFF on input line 6083.
Package hyperref Info: Hyper index ON on input line 6086.
Package hyperref Info: backreferencing OFF on input line 6093.
Package hyperref Info: Link coloring OFF on input line 6098.
Package hyperref Info: Link coloring with OCG OFF on input line 6103.
Package hyperref Info: PDF/A mode OFF on input line 6108.
\Hy@abspage=\count327
\c@Item=\count328
\c@Hfootnote=\count329
)
Package hyperref Info: Driver (autodetected): hxetex.

(C:\Users\user\AppData\Local\Programs\MiKTeX\tex/latex/hyperref\hxetex.def
File: hxetex.def 2025-07-12 v7.01o Hyperref driver for XeTeX
\pdfm@box=\box63
\c@Hy@AnnotLevel=\count330
\HyField@AnnotCount=\count331
\Fld@listcount=\count332
\c@bookmark@seq@number=\count333

(C:\Users\user\AppData\Local\Programs\MiKTeX\tex/latex/rerunfilecheck\rerunfile
check.sty
Package: rerunfilecheck 2025-06-21 v1.11 Rerun checks for auxiliary files (HO)

(C:\Users\user\AppData\Local\Programs\MiKTeX\tex/generic/uniquecounter\uniqueco
unter.sty
Package: uniquecounter 2019/12/15 v1.4 Provide unlimited unique counter (HO)
)
Package uniquecounter Info: New unique counter `rerunfilecheck' on input line 2
84.
)
\Hy@SectionHShift=\skip65
)
(C:\Users\user\AppData\Local\Programs\MiKTeX\tex/latex/listings\listings.sty
\lst@mode=\count334
\lst@gtempboxa=\box64
\lst@token=\toks23
\lst@length=\count335
\lst@currlwidth=\dimen269
\lst@column=\count336
\lst@pos=\count337
\lst@lostspace=\dimen270
\lst@width=\dimen271
\lst@newlines=\count338
\lst@lineno=\count339
\lst@maxwidth=\dimen272

(C:\Users\user\AppData\Local\Programs\MiKTeX\tex/latex/listings\lstpatch.sty
File: lstpatch.sty 2025/11/14 1.11b (Carsten Heinz)
)
(C:\Users\user\AppData\Local\Programs\MiKTeX\tex/latex/listings\lstmisc.sty
File: lstmisc.sty 2025/11/14 1.11b (Carsten Heinz)
\c@lstnumber=\count340
\lst@skipnumbers=\count341
\lst@framebox=\box65
)
(C:\Users\user\AppData\Local\Programs\MiKTeX\tex/latex/listings\listings.cfg
File: listings.cfg 2025/11/14 1.11b listings configuration
))
Package: listings 2025/11/14 1.11b (Carsten Heinz)

(C:\Users\user\AppData\Local\Programs\MiKTeX\tex/xelatex/xecjk\xeCJK-listings.s
ty
Package: xeCJK-listings 2022/08/05 v3.9.1 xeCJK patch file for listings
\l__xeCJK_listings_max_char_int=\count342
\l__xeCJK_listings_flag_int=\count343
)
==> First Aid for listings.sty no longer applied!
    Expected:
        2024/09/23 1.10c (Carsten Heinz)
    but found:
        2025/11/14 1.11b (Carsten Heinz)
    so I'm assuming it got fixed.
(C:\Users\user\AppData\Local\Programs\MiKTeX\tex/latex/xcolor\xcolor.sty
Package: xcolor 2024/09/29 v3.02 LaTeX color extensions (UK)

(C:\Users\user\AppData\Local\Programs\MiKTeX\tex/latex/graphics-cfg\color.cfg
File: color.cfg 2016/01/02 v1.6 sample color configuration
)
Package xcolor Info: Driver file: xetex.def on input line 274.

(C:\Users\user\AppData\Local\Programs\MiKTeX\tex/latex/graphics-def\xetex.def
File: xetex.def 2025/11/01 v5.0p Graphics/color driver for xetex
)
(C:\Users\user\AppData\Local\Programs\MiKTeX\tex/latex/graphics\mathcolor.ltx)
Package xcolor Info: Model `cmy' substituted by `cmy0' on input line 1349.
Package xcolor Info: Model `RGB' extended on input line 1365.
Package xcolor Info: Model `HTML' substituted by `rgb' on input line 1367.
Package xcolor Info: Model `Hsb' substituted by `hsb' on input line 1368.
Package xcolor Info: Model `tHsb' substituted by `hsb' on input line 1369.
Package xcolor Info: Model `HSB' substituted by `hsb' on input line 1370.
Package xcolor Info: Model `Gray' substituted by `gray' on input line 1371.
Package xcolor Info: Model `wave' substituted by `hsb' on input line 1372.
)
Package hyperref Info: Option `colorlinks' set `true' on input line 23.

(C:\Users\user\OneDrive - 和歌山大学\ソーラー\エネマネ\solar_ws0129-main\docs\program_refere
nce_20260728\build\10_scripts_solar_sim_py\10_scripts_solar_sim_py.aux)
\openout1 = `10_scripts_solar_sim_py.aux'.

LaTeX Font Info:    Checking defaults for OML/cmm/m/it on input line 40.
LaTeX Font Info:    ... okay on input line 40.
LaTeX Font Info:    Checking defaults for OMS/cmsy/m/n on input line 40.
LaTeX Font Info:    ... okay on input line 40.
LaTeX Font Info:    Checking defaults for OT1/cmr/m/n on input line 40.
LaTeX Font Info:    ... okay on input line 40.
LaTeX Font Info:    Checking defaults for T1/cmr/m/n on input line 40.
LaTeX Font Info:    ... okay on input line 40.
LaTeX Font Info:    Checking defaults for TS1/cmr/m/n on input line 40.
LaTeX Font Info:    ... okay on input line 40.
LaTeX Font Info:    Checking defaults for TU/lmr/m/n on input line 40.
LaTeX Font Info:    ... okay on input line 40.
LaTeX Font Info:    Checking defaults for OMX/cmex/m/n on input line 40.
LaTeX Font Info:    ... okay on input line 40.
LaTeX Font Info:    Checking defaults for U/cmr/m/n on input line 40.
LaTeX Font Info:    ... okay on input line 40.
LaTeX Font Info:    Checking defaults for PD1/pdf/m/n on input line 40.
LaTeX Font Info:    ... okay on input line 40.
LaTeX Font Info:    Checking defaults for PU/pdf/m/n on input line 40.
LaTeX Font Info:    ... okay on input line 40.

*geometry* driver: auto-detecting
*geometry* detected driver: xetex
*geometry* verbose mode - [ preamble ] result:
* driver: xetex
* paper: a4paper
* layout: <same size as paper>
* layoutoffset:(h,v)=(0.0pt,0.0pt)
* modes: 
* h-part:(L,W,R)=(45.5244pt, 506.45908pt, 45.5244pt)
* v-part:(T,H,B)=(42.67912pt, 751.15277pt, 51.21495pt)
* \paperwidth=597.50787pt
* \paperheight=845.04684pt
* \textwidth=506.45908pt
* \textheight=751.15277pt
* \oddsidemargin=-26.74559pt
* \evensidemargin=-26.74559pt
* \topmargin=-66.59087pt
* \headheight=12.0pt
* \headsep=25.0pt
* \topskip=11.0pt
* \footskip=30.0pt
* \marginparwidth=50.0pt
* \marginparsep=10.0pt
* \columnsep=10.0pt
* \skip\footins=10.0pt plus 4.0pt minus 2.0pt
* \hoffset=0.0pt
* \voffset=0.0pt
* \mag=1000
* \@twocolumnfalse
* \@twosidefalse
* \@mparswitchfalse
* \@reversemarginfalse
* (1in=72.27pt=25.4mm, 1cm=28.453pt)


Package fontspec Info: 
(fontspec)             Adjusting the maths setup (use [no-math] to avoid
(fontspec)             this).

\symlegacymaths=\mathgroup4
LaTeX Font Info:    Overwriting symbol font `legacymaths' in version `bold'
(Font)                  OT1/cmr/m/n --> OT1/cmr/bx/n on input line 40.
LaTeX Font Info:    Redeclaring math accent \acute on input line 40.
LaTeX Font Info:    Redeclaring math accent \grave on input line 40.
LaTeX Font Info:    Redeclaring math accent \ddot on input line 40.
LaTeX Font Info:    Redeclaring math accent \tilde on input line 40.
LaTeX Font Info:    Redeclaring math accent \bar on input line 40.
LaTeX Font Info:    Redeclaring math accent \breve on input line 40.
LaTeX Font Info:    Redeclaring math accent \check on input line 40.
LaTeX Font Info:    Redeclaring math accent \hat on input line 40.
LaTeX Font Info:    Redeclaring math accent \dot on input line 40.
LaTeX Font Info:    Redeclaring math accent \mathring on input line 40.
LaTeX Font Info:    Redeclaring math symbol \colon on input line 40.
LaTeX Font Info:    Redeclaring math symbol \Gamma on input line 40.
LaTeX Font Info:    Redeclaring math symbol \Delta on input line 40.
LaTeX Font Info:    Redeclaring math symbol \Theta on input line 40.
LaTeX Font Info:    Redeclaring math symbol \Lambda on input line 40.
LaTeX Font Info:    Redeclaring math symbol \Xi on input line 40.
LaTeX Font Info:    Redeclaring math symbol \Pi on input line 40.
LaTeX Font Info:    Redeclaring math symbol \Sigma on input line 40.
LaTeX Font Info:    Redeclaring math symbol \Upsilon on input line 40.
LaTeX Font Info:    Redeclaring math symbol \Phi on input line 40.
LaTeX Font Info:    Redeclaring math symbol \Psi on input line 40.
LaTeX Font Info:    Redeclaring math symbol \Omega on input line 40.
LaTeX Font Info:    Redeclaring math symbol \mathdollar on input line 40.
LaTeX Font Info:    Redeclaring symbol font `operators' on input line 40.
LaTeX Font Info:    Encoding `OT1' has changed to `TU' for symbol font
(Font)              `operators' in the math version `normal' on input line 40.
LaTeX Font Info:    Overwriting symbol font `operators' in version `normal'
(Font)                  OT1/cmr/m/n --> TU/TimesNewRoman(0)/m/n on input line 4
0.
LaTeX Font Info:    Encoding `OT1' has changed to `TU' for symbol font
(Font)              `operators' in the math version `bold' on input line 40.
LaTeX Font Info:    Overwriting symbol font `operators' in version `bold'
(Font)                  OT1/cmr/bx/n --> TU/TimesNewRoman(0)/m/n on input line 
40.
LaTeX Font Info:    Overwriting symbol font `operators' in version `normal'
(Font)                  TU/TimesNewRoman(0)/m/n --> TU/TimesNewRoman(0)/m/n on 
input line 40.
LaTeX Font Info:    Overwriting math alphabet `\mathit' in version `normal'
(Font)                  OT1/cmr/m/it --> TU/TimesNewRoman(0)/m/it on input line
 40.
LaTeX Font Info:    Overwriting math alphabet `\mathbf' in version `normal'
(Font)                  OT1/cmr/bx/n --> TU/TimesNewRoman(0)/b/n on input line 
40.
LaTeX Font Info:    Overwriting math alphabet `\mathsf' in version `normal'
(Font)                  OT1/cmss/m/n --> TU/lmss/m/n on input line 40.
LaTeX Font Info:    Overwriting math alphabet `\mathtt' in version `normal'
(Font)                  OT1/cmtt/m/n --> TU/Consolas(0)/m/n on input line 40.
LaTeX Font Info:    Overwriting symbol font `operators' in version `bold'
(Font)                  TU/TimesNewRoman(0)/m/n --> TU/TimesNewRoman(0)/b/n on 
input line 40.
LaTeX Font Info:    Overwriting math alphabet `\mathit' in version `bold'
(Font)                  OT1/cmr/bx/it --> TU/TimesNewRoman(0)/b/it on input lin
e 40.
LaTeX Font Info:    Overwriting math alphabet `\mathsf' in version `bold'
(Font)                  OT1/cmss/bx/n --> TU/lmss/b/n on input line 40.
LaTeX Font Info:    Overwriting math alphabet `\mathtt' in version `bold'
(Font)                  OT1/cmtt/m/n --> TU/Consolas(0)/b/n on input line 40.
Package hyperref Info: Link coloring ON on input line 40.

(C:\Users\user\OneDrive - 和歌山大学\ソーラー\エネマネ\solar_ws0129-main\docs\program_refere
nce_20260728\build\10_scripts_solar_sim_py\10_scripts_solar_sim_py.out)
(C:\Users\user\OneDrive - 和歌山大学\ソーラー\エネマネ\solar_ws0129-main\docs\program_refere
nce_20260728\build\10_scripts_solar_sim_py\10_scripts_solar_sim_py.out)
\@outlinefile=\write3
\openout3 = `10_scripts_solar_sim_py.out'.

\c@lstlisting=\count344
LaTeX Font Info:    External font `cmex10' loaded for size
(Font)              <12> on input line 42.
LaTeX Font Info:    External font `cmex10' loaded for size
(Font)              <8> on input line 42.
LaTeX Font Info:    External font `cmex10' loaded for size
(Font)              <6> on input line 42.

[1

]
(C:\Users\user\AppData\Local\Programs\MiKTeX\tex/latex/listings\lstlang1.sty
File: lstlang1.sty 2025/11/14 1.11b listings language file
)
Overfull \hbox (42.79407pt too wide) in paragraph at lines 124--125
\TU/YuGothic(0)/m/n/10.95 主 要 ク ラ ス は \TU/TimesNewRoman(0)/m/n/10.95 DetailCsvS
tream\TU/YuGothic(0)/m/n/10.95 。|  主 要 関 数 は \TU/TimesNewRoman(0)/m/n/10.95 loa
d_yaml, sim_log, select_optimized_vector, limit_step_duration_to_distance,
 []


Overfull \hbox (109.50146pt too wide) in paragraph at lines 124--125
\TU/TimesNewRoman(0)/m/n/10.95 terminal_soc_predictions, advance_rate_limiter_t
o_distance_boundary, snap_execution_stop_speed_kmh, choose_integration_step_sec
onds\TU/YuGothic(0)/m/n/10.95 。|
 []


Underfull \hbox (badness 10000) in paragraph at lines 134--134
[]|$[][][][][][] [] [][][][][][][][][] []
 []


Underfull \hbox (badness 10000) in paragraph at lines 135--135
[]|$[][][][][] [] [][][][] [] [][][][][][][][] []
 []


Underfull \hbox (badness 10000) in paragraph at lines 136--136
[]|$[][][][][][][][] [] [][][] []
 []


Underfull \hbox (badness 10000) in paragraph at lines 137--137
[]|$[][][][][][][] [] [][][][] [] [][][][][][][] []
 []


Underfull \hbox (badness 10000) in paragraph at lines 138--138
[]|$[][][][] [] [][][][][][][][][] [] [][][][] []
 []


Underfull \hbox (badness 10000) in paragraph at lines 139--139
[]|$[][][][][][] [] [][][][][][][][][][][] []
 []


Underfull \hbox (badness 10000) in paragraph at lines 140--140
[]|$[][][][][][] [] [][][][][][][][][][] []
 []


Underfull \hbox (badness 10000) in paragraph at lines 140--140
[][][][][][][][][][][] [] [][][][] []
 []


Underfull \hbox (badness 10000) in paragraph at lines 142--142
[]|$[][][] [] [][][][][][][][][] []
 []


Underfull \hbox (badness 10000) in paragraph at lines 146--146
[]|$[][][][][][][][] [] [][][][][][][][] []
 []


Underfull \hbox (badness 10000) in paragraph at lines 147--147
[]|$[][][][] [] [][][][][][][][] []
 []


Underfull \hbox (badness 10000) in paragraph at lines 148--148
[]|$[][][][][] [] [][][][][][][][] []
 []


Underfull \hbox (badness 10000) in paragraph at lines 149--149
[]|$[][][][][] [] [][][][][][][][] [] [][][][] []
 []


Underfull \hbox (badness 10000) in paragraph at lines 151--151
[]|$[][][][] [] [][][][][][][][] []
 []


Underfull \hbox (badness 10000) in paragraph at lines 163--163
[]|$[][][][][] [] [][][][][][][] [] [][][] [] [][] []
 []


Underfull \hbox (badness 10000) in paragraph at lines 164--164
[]|$[][][][][] [] [][][][][][][] []
 []


Underfull \hbox (badness 10000) in paragraph at lines 166--166
[]|$[][][][][][][][] [] [][][][][] []
 []


Underfull \hbox (badness 10000) in paragraph at lines 174--174
[]|$[][][][][][][] [] [][][][][][] [] [][][] []
 []


Underfull \hbox (badness 10000) in paragraph at lines 176--176
[]|$[][][][][] [] [][][][][][][][][][] []
 []


Underfull \hbox (badness 10000) in paragraph at lines 177--178
[]|\TU/TimesNewRoman(0)/m/n/10.95 args: model, data, z0, Tb0, s0_km,
 []


Underfull \hbox (badness 10000) in paragraph at lines 177--178
\TU/TimesNewRoman(0)/m/n/10.95 v0_kmh, v_max_kmh, term_soc_min,
 []


Underfull \hbox (badness 10000) in paragraph at lines 177--178
\TU/TimesNewRoman(0)/m/n/10.95 w_dv, w_dv_limit, dv_max_kmhps,
 []


Underfull \hbox (badness 10000) in paragraph at lines 177--178
\TU/TimesNewRoman(0)/m/n/10.95 w_T, w_speed_limit, w_current,
 []


Underfull \hbox (badness 10000) in paragraph at lines 177--178
\TU/TimesNewRoman(0)/m/n/10.95 speed_profile, soc_target, soc_band,
 []


Underfull \hbox (badness 10000) in paragraph at lines 177--178
\TU/TimesNewRoman(0)/m/n/10.95 w_soc_target, w_soc_band, schedule,
 []


Underfull \hbox (badness 10000) in paragraph at lines 177--178
\TU/TimesNewRoman(0)/m/n/10.95 soc_day_end_max, w_soc_day_max,
 []


Underfull \hbox (badness 10000) in paragraph at lines 177--178
\TU/TimesNewRoman(0)/m/n/10.95 soc_finish_target, soc_finish_tol,
 []


Underfull \hbox (badness 3058) in paragraph at lines 177--178
\TU/TimesNewRoman(0)/m/n/10.95 w_soc_progress, w_soc_terminal, race_km,
 []


Underfull \hbox (badness 10000) in paragraph at lines 177--178
\TU/TimesNewRoman(0)/m/n/10.95 soc_day_end_target, soc_day_end_tol,
 []


Underfull \hbox (badness 3872) in paragraph at lines 180--181
[]|\TU/TimesNewRoman(0)/m/n/10.95 args: model, v_kmh, z, Tb, s_km, d0,
 []


Underfull \hbox (badness 3872) in paragraph at lines 182--183
[]|\TU/TimesNewRoman(0)/m/n/10.95 args: model, v_kmh, z, Tb, s_km, d0,
 []


Underfull \hbox (badness 10000) in paragraph at lines 185--185
[]|$[][][][][][][][][][][] [] [][][][] []
 []


Underfull \hbox (badness 10000) in paragraph at lines 187--187
[]|$[][][][][][][][][] [] [][][][][] [] [][][][] []
 []


Underfull \hbox (badness 10000) in paragraph at lines 188--188
[]|$[][][][][][][][][] [] [][][][][] [] [][] []
 []


Underfull \hbox (badness 10000) in paragraph at lines 189--189
[]|$[][][][][][][][][] [] [][][][][][][][] []
 []

ignored error: Infinite glue shrinkage found in box being split [2]
ignored error: Infinite glue shrinkage found in box being split [3]
Underfull \hbox (badness 10000) in paragraph at lines 201--202
[]|\TU/TimesNewRoman(0)/m/n/10.95 (’OPENBLAS_NUM_THREADS’, ’OMP_NUM_THREADS’, ’
MKL_NUM_THREADS’,
 []

[4]
Underfull \hbox (badness 10000) in paragraph at lines 264--264
[]|$[][][][][][][][][][][][][][][][][][][][][][][][][][] [][]
 []


Underfull \hbox (badness 10000) in paragraph at lines 268--268
[]|$[][][][][][][] [] [][][][][][][][] []
 []


Underfull \hbox (badness 10000) in paragraph at lines 268--268
[][][][][][][][][][][][][][][][][][][][][][][][] [][]
 []


Underfull \hbox (badness 10000) in paragraph at lines 269--269
[]|$[][][][][][][] [] [][][][][][][][] [] [][][][][] []
 []


Underfull \hbox (badness 10000) in paragraph at lines 269--269
[][][][][][][][][][][][][][][][][][] [] [][][][][][][] [][]
 []


Underfull \hbox (badness 10000) in paragraph at lines 270--270
[]|$[][][][][][][] [] [][][][][][][][] [] [][][][][][][][] []
 []


Underfull \hbox (badness 10000) in paragraph at lines 271--271
[]|$[][][][][][][] [] [][][][][][][][] [] [][][][][][] []
 []


Overfull \hbox (1.43753pt too wide) in paragraph at lines 271--271
[][][][][][][][][][][][][][][][][][][][][][][][][][][][]$| 
 []


Underfull \hbox (badness 10000) in paragraph at lines 272--272
[]|$[][][][][][][] [] [][][][][][][][] [] [][][][][] []
 []


Underfull \hbox (badness 10000) in paragraph at lines 272--272
[][][][][][][][][][][][][][][][] [] [][][][] [][] [][][] []
 []


Underfull \hbox (badness 10000) in paragraph at lines 272--272
[][][][][][][] [][] [][][][] [] [][][][][][][][][][][][][] []
 []


Underfull \hbox (badness 10000) in paragraph at lines 273--273
[]|$[][][][][][][] [] [][][][][][][][] [] [][][][][] []
 []


Underfull \hbox (badness 10000) in paragraph at lines 273--273
[][][][][][][][][][][][][][][][] [] [][][][][] []
 []


Underfull \hbox (badness 10000) in paragraph at lines 273--273
[][][][] [] [][][][][] [][] [][][][] [] [][][][][] [] [][][][] []
 []


Underfull \hbox (badness 10000) in paragraph at lines 273--273
[][][][][][] [][] [][][][] [] [][][][][][][] [][] [][][][][] []
 []


Underfull \hbox (badness 10000) in paragraph at lines 273--273
[][][][][] [] [][][][] [][] [][][][][] [] [][][][][][][][] []
 []


Underfull \hbox (badness 10000) in paragraph at lines 274--274
[]|$[][][][][][][] [] [][][][][][][][] [] [][][][][] []
 []


Underfull \hbox (badness 10000) in paragraph at lines 274--274
[][][][][][][][][][][][][][][][][][] [] [][][][][] []
 []


Underfull \hbox (badness 10000) in paragraph at lines 274--274
[][][][][][][][] [] [][][][][][][] [][] [][][][] []
 []


Underfull \hbox (badness 10000) in paragraph at lines 274--275
[]|\TU/YuGothic(0)/m/n/10.95 上 位 \TU/TimesNewRoman(0)/m/n/10.95 MPC \TU/YuGothi
c(0)/m/n/10.95 距 離 メ ッ シ ュ 生 成 か ら
 []


Underfull \hbox (badness 10000) in paragraph at lines 274--275
\TU/TimesNewRoman(0)/m/n/10.95 build_upper_distance_horizon, plan_segment_index

 []


Underfull \hbox (badness 10000) in paragraph at lines 275--275
[]|$[][][][][][][] [] [][][][][][][][] [] [][][][][] []
 []


Underfull \hbox (badness 10000) in paragraph at lines 275--275
[][][][][][][][][][][][][][][][][][][][] []
 []


Underfull \hbox (badness 10000) in paragraph at lines 275--275
[][][][][][][] [] [][][][][][][][][] [][] [][][][][] []
 []


Underfull \hbox (badness 3417) in paragraph at lines 275--276
[]|\TU/YuGothic(0)/m/n/10.95 上 位 速 度 計 画 の 補 間 と \TU/TimesNewRoman(0)/m/n/10.95
 warm start \TU/YuGothic(0)/m/n/10.95 か ら \TU/TimesNewRoman(0)/m/n/10.95 ab-
 []


Underfull \hbox (badness 10000) in paragraph at lines 276--276
[]|$[][][][][][][] [] [][][][][][][][] [] [][][][][] []
 []


Underfull \hbox (badness 10000) in paragraph at lines 276--276
[][][][][][][][][][][][][][][][][][] [] [][][][][][][] []
 []


Underfull \hbox (badness 10000) in paragraph at lines 277--277
[]|$[][][][][][][][][] []
 []

[5]
ignored error: Infinite glue shrinkage found in box being split [6] [7]
[8] [9]
Overfull \hbox (16.80505pt too wide) in paragraph at lines 382--383
[]\TU/YuGothic(0)/m/n/10.95 定 義\TU/TimesNewRoman(0)/m/n/10.95 : $[][][][] [] []
[][][][][][][][] [] [][][][] [] [][][][][] [] [][][][][][][][][] [] [][][] [][]
 [][][][][][] [] [][][] [][] [][][][] [] [][][][][][][][][] [][] [][][][][][][]
[] [] [][][] [][]
 []

[10]
Overfull \hbox (19.08997pt too wide) in paragraph at lines 433--434
[]\TU/TimesNewRoman(0)/m/n/10.95 snapshot_id \TU/YuGothic(0)/m/n/10.95 に \TU/Ti
mesNewRoman(0)/m/n/10.95 hashlib.sha256(json.dumps(canonical, sort_keys=True, e
nsure_ascii=False, default=str).encode(’utf-
 []

[11] [12] [13]
Overfull \hbox (42.2176pt too wide) in paragraph at lines 552--553
[]\TU/YuGothic(0)/m/n/10.95 戻 り 値 の 要 点\TU/TimesNewRoman(0)/m/n/10.95 : {’dist_
col’: dist_col, ’time_ns’: np.array([timestamp_ns(value) for value in time_inde
x], dtype=np.int64),
 []

[14]
Overfull \hbox (43.31325pt too wide) in paragraph at lines 602--603
[]\TU/TimesNewRoman(0)/m/n/10.95 out \TU/YuGothic(0)/m/n/10.95 に \TU/TimesNewRo
man(0)/m/n/10.95 out.dropna(subset=[’time_utc’, ’s_km’]).sort_values(’time_utc’
).drop_duplicates(subset=[’time_utc’], keep=’last’)
 []

[15]
Missing character: There is no な in font Consolas/OT:script=latn;language=dflt;
!
Missing character: There is no し in font Consolas/OT:script=latn;language=dflt;
!
[16] [17]
Overfull \hbox (10.2847pt too wide) in paragraph at lines 709--710
[]\TU/YuGothic(0)/m/n/10.95 定 義\TU/TimesNewRoman(0)/m/n/10.95 : $[][][][][] [] 
[][][][][][][] [] [][][] [] [][] [] [][][][][][][][][][][][] [] [][][][] [][] [
][][][][][][] [] [][][] [][] [][][][] [][] [][][][][] [] [][][][][][] [] [][][]
[][][][][][]$ 
 []

[18]
Overfull \hbox (51.35287pt too wide) in paragraph at lines 776--777
\TU/TimesNewRoman(0)/m/n/10.95 hicle_voltage_rmse_max_v’: float(gate_cfg.get(’v
ehicle_voltage_rmse_max_v’, 1.0)), ’conditional_power_rmse_max_w’:
 []


Overfull \hbox (192.44638pt too wide) in paragraph at lines 776--777
\TU/TimesNewRoman(0)/m/n/10.95 float(gate_cfg.get(’conditional_power_rmse_max_w
’, 150.0)), ’conditional_voltage_rmse_max_v’: float(gate_cfg.get(’conditional_v
oltage_rmse_max_v’,
 []


Overfull \hbox (140.3455pt too wide) in paragraph at lines 776--777
\TU/TimesNewRoman(0)/m/n/10.95 1.0)), ’end_to_end_power_rmse_max_w’: float(gate
_cfg.get(’end_to_end_power_rmse_max_w’, 200.0)), ’end_to_end_voltage_rmse_max_v
’:
 []


Overfull \hbox (116.44872pt too wide) in paragraph at lines 776--777
\TU/TimesNewRoman(0)/m/n/10.95 float(gate_cfg.get(’end_to_end_voltage_rmse_max_
v’, 2.0)), ’moving_pv_rmse_max_w’: float(gate_cfg.get(’moving_pv_rmse_max_w’,
 []


Overfull \hbox (151.96921pt too wide) in paragraph at lines 776--777
\TU/TimesNewRoman(0)/m/n/10.95 150.0)), ’pv_lodo_moving_rmse_max_w’: float(gate
_cfg.get(’pv_lodo_moving_rmse_max_w’, 150.0)), ’pv_lodo_deployed_stop_rmse_max_
w’:
 []


Overfull \hbox (10.49176pt too wide) in paragraph at lines 776--777
\TU/TimesNewRoman(0)/m/n/10.95 float(gate_cfg.get(’pv_lodo_deployed_stop_rmse_m
ax_w’, 200.0)), ’power_residual_mean_120s_rmse_max_w’:
 []


Overfull \hbox (217.33514pt too wide) in paragraph at lines 776--777
\TU/TimesNewRoman(0)/m/n/10.95 float(gate_cfg.get(’energy_error_25km_rmse_max_w
h’, 35.0)), ’terminal_soc_evidence_spread_max’: float(gate_cfg.get(’terminal_so
c_evidence_spread_max’,
 []


Overfull \hbox (111.92003pt too wide) in paragraph at lines 776--777
\TU/TimesNewRoman(0)/m/n/10.95 nal_replay_voltage_error_max_v’: float(gate_cfg.
get(’terminal_replay_voltage_error_max_v’, 0.5)), ’vehicle_terminal_soc_error_m
ax’:
 []


Overfull \hbox (233.72273pt too wide) in paragraph at lines 776--777
\TU/TimesNewRoman(0)/m/n/10.95 float(gate_cfg.get(’vehicle_terminal_soc_error_m
ax’, 0.02)), ’vehicle_terminal_voltage_error_max_v’: float(gate_cfg.get(’vehicl
e_terminal_voltage_error_max_v’,
 []


Overfull \hbox (3.29692pt too wide) in paragraph at lines 776--777
\TU/TimesNewRoman(0)/m/n/10.95 0.5)), ’end_to_end_terminal_soc_error_max’: floa
t(gate_cfg.get(’end_to_end_terminal_soc_error_max’, 0.03)),
 []


Overfull \hbox (3.53784pt too wide) in paragraph at lines 776--777
\TU/TimesNewRoman(0)/m/n/10.95 ’end_to_end_terminal_voltage_error_max_v’: float
(gate_cfg.get(’end_to_end_terminal_voltage_error_max_v’,
 []


Overfull \hbox (1.2573pt too wide) in paragraph at lines 776--777
\TU/TimesNewRoman(0)/m/n/10.95 1.0)), ’acceleration_validation_rmse_ratio_max’:
 float(gate_cfg.get(’acceleration_validation_rmse_ratio_max’,
 []


Overfull \hbox (98.78325pt too wide) in paragraph at lines 776--777
\TU/TimesNewRoman(0)/m/n/10.95 ’grade_validation_rmse_ratio_max’: float(gate_cf
g.get(’grade_validation_rmse_ratio_max’, 1.02)), ’grade_validation_min_samples’
:
 []

[19] [20] [21]
Overfull \hbox (69.71767pt too wide) in paragraph at lines 875--876
[]\TU/YuGothic(0)/m/n/10.95 戻 り 値 の 要 点\TU/TimesNewRoman(0)/m/n/10.95 : f’<svg 
viewBox=”0 0 {width} {height}” class=”chart-svg” role=”img” aria-label=”{html.e
scape(label)}”><rect
 []


Overfull \hbox (12.6223pt too wide) in paragraph at lines 875--876
\TU/TimesNewRoman(0)/m/n/10.95 x1=”{pad}” y1=”{pad}” x2=”{pad}” y2=”{height - p
ad}” stroke=”#a9a293” stroke-width=”1” /><line x1=”{pad}”
 []


Overfull \hbox (0.43362pt too wide) in paragraph at lines 875--876
\TU/TimesNewRoman(0)/m/n/10.95 fill=”none” stroke=”{color}” stroke-width=”2.6” 
points=”{polyline}” /><text x=”{pad}” y=”18” font-size=”12”
 []


Overfull \hbox (13.77965pt too wide) in paragraph at lines 875--876
\TU/TimesNewRoman(0)/m/n/10.95 font-size=”11” fill=”#6f665b”>{format_metric(x_m
ax, 1)}</text><text x=”{pad}” y=”{height - 8}” font-size=”11”
 []


Overfull \hbox (8.73955pt too wide) in paragraph at lines 875--876
\TU/TimesNewRoman(0)/m/n/10.95 fill=”#6f665b”>{format_metric(x_min, 1)}</text><
text x=”{width - pad}” y=”{height / 2:.1f}” text-anchor=”end”
 []


Overfull \hbox (19.42505pt too wide) in paragraph at lines 875--876
\TU/TimesNewRoman(0)/m/n/10.95 16}” text-anchor=”end” font-size=”11” fill=”#6f6
65b”>x</text></svg>’ / ’<div class=”chart-empty”>no data</div>’ 
 []

[22]
Overfull \hbox (34.84846pt too wide) in paragraph at lines 917--918
[]\TU/TimesNewRoman(0)/m/n/10.95 speed_svg \TU/YuGothic(0)/m/n/10.95 に \TU/Time
sNewRoman(0)/m/n/10.95 build_svg_chart(x_index, speed_series, color=’#0f766e’, 
label=’speed exec [km/h]’ if speed_exec_present
 []


Overfull \hbox (22.66405pt too wide) in paragraph at lines 921--922
[]\TU/TimesNewRoman(0)/m/n/10.95 pack_svg \TU/YuGothic(0)/m/n/10.95 に \TU/Times
NewRoman(0)/m/n/10.95 build_svg_chart(x_index, detail_df.get(’P_pack’, pd.Serie
s(dtype=float)), color=’#b91c1c’, label=’pack
 []


Overfull \hbox (4.45326pt too wide) in paragraph at lines 922--923
[]\TU/TimesNewRoman(0)/m/n/10.95 solar_svg \TU/YuGothic(0)/m/n/10.95 に \TU/Time
sNewRoman(0)/m/n/10.95 build_svg_chart(x_index, detail_df.get(’P_pv’, pd.Series
(dtype=float)), color=’#2563eb’, label=’pv
 []


Overfull \hbox (25.82541pt too wide) in paragraph at lines 927--928
[]\TU/YuGothic(0)/m/n/10.95 定 義\TU/TimesNewRoman(0)/m/n/10.95 : $[][][] [] [][]
[][][][][][][][][] [][] [][][][] [][] [][] [][] [][][] [][] [][] [] [][] [][] [
][] [] [][][] [][] [] [] [][][] [] [][][] [][] [][][][] [] [][][] [] [][][] [][
] [] [] [][] [][] [] [] [][] [] [][][][][] [][]
 []


Overfull \hbox (2.20975pt too wide) in paragraph at lines 927--928
[][] [] [][][] [] [][][][][] [][] [] [] [] [][] [] [] [][][][][] [] [][][][][] 
[][] [] [] [][][][][][][] [][] [][][][][] [] [][][][][][][] [][] [][][] [] [][]
[][][][] [][] [][][] [] [][][][] [][] [] [] [][][] []
 []


Overfull \hbox (31.81152pt too wide) in paragraph at lines 927--928
[][][][][][] [][] [] [] [][][] [] [][][][] [][] [][][][][][][][] [][] [][][] []
 [][][] [] [][][] [] [][][] [][] [] [] [][][] [] [][][] [] [][][] [][] [][][] [
] [][][][][][] [] [][][][][][] [][] [][][] [] [][][][][][] []
 []


Overfull \hbox (13.75046pt too wide) in paragraph at lines 927--928
[][][] [][] [] [] [][][] [] [][][][][][][][] [][] [] [] [][][] [] [][][][][][][
][] [][] [][][][] [] [][] [][] [][][] [] [][][] [] [][][] [] [][][][][][] [][] 
[][][] [] [][][] [] [][][] [] [][][] [][] [] [] [][][] []
 []

[23]
Overfull \hbox (4.25691pt too wide) in paragraph at lines 950--951
[]\TU/YuGothic(0)/m/n/10.95 戻 り 値 の 要 点\TU/TimesNewRoman(0)/m/n/10.95 : float(l
o) / model.soc_step(z, P_pack, model.p.dt, current_a=float(out[’I’]), Tbat_C=Tb
) / float(lo)
 []

[24] [25]
ignored error: Infinite glue shrinkage found in box being split [26] [27]
(C:\Users\user\OneDrive - 和歌山大学\ソーラー\エネマネ\solar_ws0129-main\docs\program_refere
nce_20260728\build\10_scripts_solar_sim_py\10_scripts_solar_sim_py.aux)
 ***********
LaTeX2e <2025-11-01>
L3 programming layer <2022/08/05>
 ***********
Package rerunfilecheck Info: File `10_scripts_solar_sim_py.out' has not changed
.
(rerunfilecheck)             Checksum: D41D8CD98F00B204E9800998ECF8427E;0.
 ) 
Here is how much of TeX's memory you used:
 14729 strings out of 402986
 302239 string characters out of 5448711
 1194007 words of memory out of 5000000
 43276 multiletter control sequences out of 15000+600000
 632643 words of font info for 99 fonts, out of 8000000 for 9000
 1348 hyphenation exceptions out of 8191
 73i,9n,93p,2560b,1200s stack positions out of 10000i,1000n,20000p,200000b,200000s

Output written on C:\Users\user\OneDrive - 和歌山大学\ソーラー\エネマネ\solar_ws0129-main\do
cs\program_reference_20260728\build\10_scripts_solar_sim_py\10_scripts_solar_si
m_py.pdf (27 pages).
