\BOOKMARK [1][-]{section.1}{\376\377\133\376\214\141}{}% 1
\BOOKMARK [1][-]{section.2}{\376\377\060\123\060\156\060\325\060\241\060\244\060\353\060\222\212\255\060\200\164\006\165\061}{}% 2
\BOOKMARK [1][-]{section.3}{\376\377\124\174\060\163\121\372\060\127\225\242\117\302}{}% 3
\BOOKMARK [2][-]{subsection.3.1}{\376\377\060\151\060\123\060\113\060\211\124\174\060\160\060\214\060\213\060\113}{section.3}% 4
\BOOKMARK [2][-]{subsection.3.2}{\376\377\153\041\060\153\212\255\060\200\060\150\164\006\211\343\060\114\220\062\060\200\060\325\060\241\060\244\060\353}{section.3}% 5
\BOOKMARK [2][-]{subsection.3.3}{\376\377\124\014\116\000\060\352\060\335\060\270\060\310\060\352\121\205\060\156\116\073\211\201\117\235\133\130}{section.3}% 6
\BOOKMARK [1][-]{section.4}{\376\377\060\275\060\374\060\271\121\222\230\055\060\156\142\212\143\341}{}% 7
\BOOKMARK [2][-]{subsection.4.1}{\376\377\116\343\210\150\060\263\060\374\060\311\145\255\162\107}{section.4}% 8
\BOOKMARK [1][-]{section.5}{\376\377\116\073\211\201\151\313\220\040\060\156\212\255\060\177\123\326\060\212}{}% 9
\BOOKMARK [2][-]{subsection.5.1}{\376\377\116\073\211\201\060\257\060\351\060\271\060\373\225\242\145\160}{section.5}% 10
\BOOKMARK [2][-]{subsection.5.2}{\376\377\060\325\060\241\060\244\060\353\060\222\116\012\060\113\060\211\212\255\060\223\060\140\060\150\060\115\060\156\133\232\177\251\230\006}{section.5}% 11
\BOOKMARK [2][-]{subsection.5.3}{\376\377\000i\000m\000p\000o\000r\000t\000\040\177\244\060\156\212\163\175\060}{section.5}% 12
\BOOKMARK [1][-]{section.6}{\376\377\060\123\060\156\060\325\060\241\060\244\060\353\060\222\212\255\060\200\122\115\060\153\137\305\211\201\060\152\127\372\171\016\167\345\213\130}{}% 13
\BOOKMARK [2][-]{subsection.6.1}{\376\377\060\327\060\355\060\260\060\351\060\340\060\001\060\327\060\355\060\273\060\271\060\001\060\341\060\342\060\352\060\001\060\252\060\326\060\270\060\247\060\257\060\310\060\222\123\072\122\045\060\131\060\213}{section.6}% 14
\BOOKMARK [2][-]{subsection.6.2}{\376\377\124\015\122\115\060\001\116\343\121\145\060\001\127\213\060\001\123\302\161\147}{section.6}% 15
\BOOKMARK [2][-]{subsection.6.3}{\376\377\225\242\145\160\060\001\137\025\145\160\060\001\142\073\060\212\120\044\060\001\060\271\060\263\060\374\060\327}{section.6}% 16
\BOOKMARK [2][-]{subsection.6.4}{\376\377\000m\000o\000d\000u\000l\000e\060\001\000p\000a\000c\000k\000a\000g\000e\060\001\000i\000m\000p\000o\000r\000t\060\001\000c\000o\000n\000s\000o\000l\000e\000\137\000s\000c\000r\000i\000p\000t\000s}{section.6}% 17
\BOOKMARK [2][-]{subsection.6.5}{\376\377\117\213\131\026\060\001\000t\000r\000y\000/\000f\000i\000n\000a\000l\000l\000y\060\001\000w\000i\000t\000h\060\001\214\307\156\220\211\343\145\076}{section.6}% 18
\BOOKMARK [2][-]{subsection.6.6}{\376\377\000c\000l\000a\000s\000s\060\001\162\354\201\352\060\257\060\351\060\271\060\001\060\244\060\363\060\271\060\277\060\363\060\271\060\001\000s\000e\000l\000f\060\001\175\231\142\177}{section.6}% 19
\BOOKMARK [2][-]{subsection.6.7}{\376\377\121\110\230\055\060\242\060\363\060\300\060\374\060\271\060\263\060\242\060\001\000\137\000\137\000i\000n\000i\000t\000\137\000\137\060\001\124\015\122\115\116\330\060\121\060\156\117\134\154\325}{section.6}% 20
\BOOKMARK [2][-]{subsection.6.8}{\376\377\000l\000i\000s\000t\060\001\000d\000i\000c\000t\060\001\000d\000e\000q\000u\000e\060\001\000N\000u\000m\000P\000y\221\115\122\027\060\001\000p\000a\000n\000d\000a\000s\000\040\000D\000a\000t\000a\000F\000r\000a\000m\000e}{section.6}% 21
\BOOKMARK [2][-]{subsection.6.9}{\376\377\000r\000c\000l\000p\000y\060\001\000r\000c\000l\060\001\000r\000m\000w\060\001\000D\000D\000S\000/\000R\000T\000P\000S\060\156\134\144}{section.6}% 22
\BOOKMARK [2][-]{subsection.6.10}{\376\377\000R\000O\000S\000\040\000g\000r\000a\000p\000h\060\001\000N\000o\000d\000e\060\001\000t\000o\000p\000i\000c\060\001\000s\000e\000r\000v\000i\000c\000e\060\001\000a\000c\000t\000i\000o\000n\060\001\000p\000a\000r\000a\000m\000e\000t\000e\000r}{section.6}% 23
\BOOKMARK [2][-]{subsection.6.11}{\376\377\000c\000a\000l\000l\000b\000a\000c\000k\060\001\000t\000i\000m\000e\000r\060\001\000E\000x\000e\000c\000u\000t\000o\000r\060\001\000s\000p\000i\000n\060\001\000C\000a\000l\000l\000b\000a\000c\000k\000\040\000G\000r\000o\000u\000p}{section.6}% 24
\BOOKMARK [2][-]{subsection.6.12}{\376\377\000r\000q\000t\000\137\000g\000r\000a\000p\000h\060\001\000r\000o\000s\0002\000\040\000C\000L\000I\060\001\000r\000o\000s\000b\000a\000g\0002\060\222\060\104\060\144\117\177\060\106\060\113}{section.6}% 25
\BOOKMARK [2][-]{subsection.6.13}{\376\377\166\356\166\204\225\242\145\160\060\001\122\066\175\004\060\001\000L\000-\000B\000F\000G\000S\000-\000B\060\001\000S\000H\000G\000O\060\001\147\011\226\120\000g\000r\000i\000d\212\074\146\016}{section.6}% 26
\BOOKMARK [2][-]{subsection.6.14}{\376\377\000C\000r\000o\000s\000s\000-\000E\000n\000t\000r\000o\000p\000y\000\040\000M\000e\000t\000h\000o\000d\060\222\137\017\060\150\133\237\210\305\060\147\164\006\211\343\060\131\060\213}{section.6}% 27
\BOOKMARK [2][-]{subsection.6.15}{\376\377\000w\000a\000r\000m\000\040\000s\000t\000a\000r\000t\060\157\117\125\060\222\117\335\133\130\060\127\060\001\060\151\060\106\122\271\060\117\060\113}{section.6}% 28
\BOOKMARK [2][-]{subsection.6.16}{\376\377\216\312\116\041\122\233\133\146\060\001\226\373\122\233\123\316\145\057\060\001\122\271\163\207\000m\000a\000p}{section.6}% 29
\BOOKMARK [2][-]{subsection.6.17}{\376\377\000S\000o\000C\060\001\121\205\220\350\142\265\142\227\060\001\172\357\133\120\226\373\127\047\060\001\156\051\136\246\060\001\000M\000H\000E}{section.6}% 30
\BOOKMARK [2][-]{subsection.6.18}{\376\377\131\051\120\031\060\001\000r\000o\000u\000t\000e\060\001\210\334\225\223\060\001\146\102\122\073\060\001\123\130\117\115}{section.6}% 31
\BOOKMARK [2][-]{subsection.6.19}{\376\377\000f\000r\000e\000s\000h\000n\000e\000s\000s\060\001\000f\000i\000l\000t\000e\000r\060\001\000g\000u\000a\000r\000d\060\001\000f\000a\000l\000l\000b\000a\000c\000k\060\001\000f\000a\000i\000l\000-\000s\000a\000f\000e}{section.6}% 32
\BOOKMARK [2][-]{subsection.6.20}{\376\377\122\066\137\241\060\001\162\266\141\113\060\001\121\145\122\233\060\001\060\342\060\307\060\353\116\210\156\054\122\066\137\241\000M\000P\000C}{section.6}% 33
\BOOKMARK [2][-]{subsection.6.21}{\376\377\116\012\117\115\000M\000P\000C\060\150\116\013\117\115\000M\000P\000C\060\156\137\171\122\162}{section.6}% 34
\BOOKMARK [2][-]{subsection.6.22}{\376\377\000l\000a\000u\000n\000c\000h\000\040\000A\000c\000t\000i\000o\000n\060\001\000N\000o\000d\000e\000\040\000A\000c\000t\000i\000o\000n\060\001\133\237\210\114\123\357\200\375\124\015\060\001\000r\000e\000m\000a\000p\000p\000i\000n\000g}{section.6}% 35
\BOOKMARK [2][-]{subsection.6.23}{\376\377\123\130\117\123\212\146\232\023\060\001\000S\000I\000L\000S\060\001\000r\000e\000p\000l\000a\000y\060\001\211\263\156\054\123\357\200\375\140\047}{section.6}% 36
\BOOKMARK [1][-]{section.7}{\376\377\000m\000p\000c\000\137\000n\000o\000d\000e\000.\000p\000y\134\002\165\050\060\156\175\161\124\010\211\343\212\254}{}% 37
\BOOKMARK [2][-]{subsection.7.1}{\376\377\215\167\122\325\175\114\215\357\060\222\131\047\147\054\060\113\060\211\116\000\147\054\060\153\060\144\060\152\060\120}{section.7}% 38
\BOOKMARK [2][-]{subsection.7.2}{\376\377\000m\000a\000i\000n\060\150\000s\000p\000i\000n\060\156\122\115\137\214\060\147\133\237\210\114\145\271\137\017\060\114\131\011\060\217\060\213}{section.7}% 39
\BOOKMARK [2][-]{subsection.7.3}{\376\377\000M\000P\000C\000N\000o\000d\000e\000.\000\137\000\137\000i\000n\000i\000t\000\137\000\137\060\150\000s\000e\000l\000f\060\156\153\143\170\272\060\152\141\017\124\163}{section.7}% 40
\BOOKMARK [2][-]{subsection.7.4}{\376\377\126\333\060\144\060\156\000C\000a\000l\000l\000b\000a\000c\000k\000\040\000G\000r\000o\000u\000p\060\150\121\161\147\011\162\266\141\113}{section.7}% 41
\BOOKMARK [2][-]{subsection.7.5}{\376\377\146\102\225\223\127\372\156\226\116\012\117\115\000M\000P\000C}{section.7}% 42
\BOOKMARK [2][-]{subsection.7.6}{\376\377\215\335\226\342\127\372\156\226\116\012\117\115\000M\000P\000C\060\150\000C\000E\000M}{section.7}% 43
\BOOKMARK [2][-]{subsection.7.7}{\376\377\000w\000a\000r\000m\000\040\000s\000t\000a\000r\000t\060\150\000o\000f\000f\000-\000n\000o\000m\000i\000n\000a\000l\162\266\141\113}{section.7}% 44
\BOOKMARK [2][-]{subsection.7.8}{\376\377\116\013\117\115\000M\000P\000C\060\150\143\007\116\344\175\231\175\232}{section.7}% 45
\BOOKMARK [2][-]{subsection.7.9}{\376\377\133\237\156\054\124\014\147\037\060\001\000f\000r\000e\000s\000h\000n\000e\000s\000s\060\001\000M\000H\000E\060\001\000f\000a\000l\000l\000b\000a\000c\000k}{section.7}% 46
\BOOKMARK [2][-]{subsection.7.10}{\376\377\133\237\152\137\060\147\117\177\060\106\212\072\145\255\230\006}{section.7}% 47
\BOOKMARK [2][-]{subsection.7.11}{\376\377\163\376\210\114\145\071\117\356\060\156\212\055\212\010\141\017\126\363\060\150\153\213\060\213\154\350\141\017\160\271}{section.7}% 48
\BOOKMARK [1][-]{section.8}{\376\377\225\242\145\160\060\373\060\257\060\351\060\271\060\222\116\012\060\113\060\211\230\006\060\153\211\343\212\254}{}% 49
\BOOKMARK [2][-]{subsection.8.1}{\376\377\000L\0004\0002\000\040\060\257\060\351\060\271\000\040\000M\000P\000C\000N\000o\000d\000e}{section.8}% 50
\BOOKMARK [2][-]{subsection.8.2}{\376\377\000L\0004\0009\000\040\225\242\145\160\000\040\000M\000P\000C\000N\000o\000d\000e\000.\000\137\000\137\000i\000n\000i\000t\000\137\000\137}{section.8}% 51
\BOOKMARK [2][-]{subsection.8.3}{\376\377\000L\0006\0006\000\040\225\242\145\160\000\040\000M\000P\000C\000N\000o\000d\000e\000.\000\137\000l\000o\000a\000d\000\137\000s\000t\000o\000p\000s}{section.8}% 52
\BOOKMARK [2][-]{subsection.8.4}{\376\377\000L\0007\0006\000\040\225\242\145\160\000\040\000M\000P\000C\000N\000o\000d\000e\000.\000\137\000l\000o\000a\000d\000\137\000f\000o\000r\000e\000c\000a\000s\000t\000\137\000f\000i\000l\000e}{section.8}% 53
\BOOKMARK [2][-]{subsection.8.5}{\376\377\000L\0001\0000\0002\000\040\225\242\145\160\000\040\000M\000P\000C\000N\000o\000d\000e\000.\000\137\000a\000p\000p\000l\000y\000\137\000p\000a\000r\000a\000m\000s\000\137\000y\000a\000m\000l}{section.8}% 54
\BOOKMARK [2][-]{subsection.8.6}{\376\377\000L\0001\0007\0002\000\040\225\242\145\160\000\040\000M\000P\000C\000N\000o\000d\000e\000.\000\137\000m\000a\000y\000b\000e\000\137\000r\000e\000l\000o\000a\000d\000\137\000f\000o\000r\000e\000c\000a\000s\000t}{section.8}% 55
\BOOKMARK [2][-]{subsection.8.7}{\376\377\000L\0001\0009\0002\000\040\225\242\145\160\000\040\000M\000P\000C\000N\000o\000d\000e\000.\000\137\000o\000n\000\137\000s\000\137\000k\000m\000\137\000s\000o\000l\000a\000r}{section.8}% 56
\BOOKMARK [2][-]{subsection.8.8}{\376\377\000L\0002\0000\0008\000\040\225\242\145\160\000\040\000M\000P\000C\000N\000o\000d\000e\000.\000\137\000o\000n\000\137\000s\000p\000e\000e\000d\000\137\000s\000o\000l\000a\000r}{section.8}% 57
\BOOKMARK [2][-]{subsection.8.9}{\376\377\000L\0002\0001\0006\000\040\225\242\145\160\000\040\000M\000P\000C\000N\000o\000d\000e\000.\000\137\000o\000n\000\137\000s\000o\000c\000\137\000s\000o\000l\000a\000r}{section.8}% 58
\BOOKMARK [2][-]{subsection.8.10}{\376\377\000L\0002\0002\0005\000\040\225\242\145\160\000\040\000M\000P\000C\000N\000o\000d\000e\000.\000\137\000o\000n\000\137\000t\000b\000\137\000s\000o\000l\000a\000r}{section.8}% 59
\BOOKMARK [2][-]{subsection.8.11}{\376\377\000L\0002\0003\0004\000\040\225\242\145\160\000\040\000M\000P\000C\000N\000o\000d\000e\000.\000\137\000o\000n\000\137\000i\000\137\000s\000o\000l\000a\000r}{section.8}% 60
\BOOKMARK [2][-]{subsection.8.12}{\376\377\000L\0002\0004\0002\000\040\225\242\145\160\000\040\000M\000P\000C\000N\000o\000d\000e\000.\000\137\000o\000n\000\137\000v\000\137\000s\000o\000l\000a\000r}{section.8}% 61
\BOOKMARK [2][-]{subsection.8.13}{\376\377\000L\0002\0005\0000\000\040\225\242\145\160\000\040\000M\000P\000C\000N\000o\000d\000e\000.\000\137\000m\000e\000a\000s\000u\000r\000e\000d\000\137\000d\000i\000s\000t\000a\000n\000c\000e\000\137\000k\000m}{section.8}% 62
\BOOKMARK [2][-]{subsection.8.14}{\376\377\000L\0002\0005\0006\000\040\225\242\145\160\000\040\000M\000P\000C\000N\000o\000d\000e\000.\000\137\000s\000y\000n\000c\000\137\000m\000e\000a\000s\000u\000r\000e\000d\000\137\000s\000t\000a\000t\000e}{section.8}% 63
\BOOKMARK [2][-]{subsection.8.15}{\376\377\000L\0002\0007\0000\000\040\225\242\145\160\000\040\000M\000P\000C\000N\000o\000d\000e\000.\000\137\000o\000n\000\137\000c\000a\000l\000i\000b\000\137\000s\000o\000l\000a\000r\000\137\000g\000a\000i\000n}{section.8}% 64
\BOOKMARK [2][-]{subsection.8.16}{\376\377\000L\0002\0007\0006\000\040\225\242\145\160\000\040\000M\000P\000C\000N\000o\000d\000e\000.\000\137\000o\000n\000\137\000c\000a\000l\000i\000b\000\137\000d\000r\000i\000v\000e\000\137\000p\000o\000w\000e\000r\000\137\000g\000a\000i\000n}{section.8}% 65
\BOOKMARK [2][-]{subsection.8.17}{\376\377\000L\0002\0008\0004\000\040\225\242\145\160\000\040\000M\000P\000C\000N\000o\000d\000e\000.\000\137\000o\000n\000\137\000c\000a\000l\000i\000b\000\137\000a\000u\000x\000\137\000p\000o\000w\000e\000r}{section.8}% 66
\BOOKMARK [2][-]{subsection.8.18}{\376\377\000L\0002\0009\0001\000\040\225\242\145\160\000\040\000M\000P\000C\000N\000o\000d\000e\000.\000\137\000i\000n\000i\000t\000\137\000s\000o\000l\000a\000r}{section.8}% 67
\BOOKMARK [2][-]{subsection.8.19}{\376\377\000L\0007\0008\0000\000\040\225\242\145\160\000\040\000M\000P\000C\000N\000o\000d\000e\000.\000\137\000c\000u\000r\000r\000e\000n\000t\000\137\000b\000i\000n\000\137\000i\000n\000d\000e\000x}{section.8}% 68
\BOOKMARK [2][-]{subsection.8.20}{\376\377\000L\0008\0003\0000\000\040\225\242\145\160\000\040\000M\000P\000C\000N\000o\000d\000e\000.\000\137\000h\000o\000r\000i\000z\000o\000n\000\137\000d\000a\000t\000a}{section.8}% 69
\BOOKMARK [2][-]{subsection.8.21}{\376\377\000L\0008\0007\0002\000\040\225\242\145\160\000\040\000M\000P\000C\000N\000o\000d\000e\000.\000\137\000f\000o\000r\000e\000c\000a\000s\000t\000\137\000a\000t\000\137\000t\000i\000m\000e}{section.8}% 70
\BOOKMARK [2][-]{subsection.8.22}{\376\377\000L\0009\0004\0008\000\040\225\242\145\160\000\040\000M\000P\000C\000N\000o\000d\000e\000.\000\137\000s\000a\000m\000p\000l\000e\000\137\000p\000l\000a\000n\000\137\000s\000e\000g\000m\000e\000n\000t\000s}{section.8}% 71
\BOOKMARK [2][-]{subsection.8.23}{\376\377\000L\0009\0005\0009\000\040\225\242\145\160\000\040\000M\000P\000C\000N\000o\000d\000e\000.\000\137\000r\000o\000u\000t\000e\000\137\000v\000a\000l\000u\000e}{section.8}% 72
\BOOKMARK [2][-]{subsection.8.24}{\376\377\000L\0009\0007\0000\000\040\225\242\145\160\000\040\000M\000P\000C\000N\000o\000d\000e\000.\000\137\000r\000o\000u\000t\000e\000\137\000a\000v\000e\000r\000a\000g\000e}{section.8}% 73
\BOOKMARK [2][-]{subsection.8.25}{\376\377\000L\0009\0007\0009\000\040\225\242\145\160\000\040\000M\000P\000C\000N\000o\000d\000e\000.\000\137\000s\000p\000e\000e\000d\000\137\000l\000i\000m\000i\000t\000\137\000a\000t}{section.8}% 74
\BOOKMARK [2][-]{subsection.8.26}{\376\377\000L\0009\0008\0007\000\040\225\242\145\160\000\040\000M\000P\000C\000N\000o\000d\000e\000.\000\137\000s\000o\000c\000\137\000g\000u\000a\000r\000d\000\137\000s\000p\000e\000e\000d}{section.8}% 75
\BOOKMARK [2][-]{subsection.8.27}{\376\377\000L\0009\0009\0009\000\040\225\242\145\160\000\040\000M\000P\000C\000N\000o\000d\000e\000.\000\137\000s\000o\000c\000\137\000g\000u\000a\000r\000d\000\137\000s\000p\000e\000e\000d\000.\000z\000\137\000n\000e\000x\000t\000\137\000f\000o\000r}{section.8}% 76
\BOOKMARK [2][-]{subsection.8.28}{\376\377\000L\0001\0000\0004\0005\000\040\225\242\145\160\000\040\000M\000P\000C\000N\000o\000d\000e\000.\000\137\000c\000o\000n\000t\000r\000o\000l\000\137\000s\000t\000o\000p\000\137\000c\000a\000t\000a\000l\000o\000g}{section.8}% 77
\BOOKMARK [2][-]{subsection.8.29}{\376\377\000L\0001\0000\0006\0005\000\040\225\242\145\160\000\040\000M\000P\000C\000N\000o\000d\000e\000.\000\137\000u\000p\000d\000a\000t\000e\000\137\000l\000i\000v\000e\000\137\000c\000o\000n\000t\000r\000o\000l\000\137\000s\000t\000o\000p\000\137\000h\000o\000l\000d}{section.8}% 78
\BOOKMARK [2][-]{subsection.8.30}{\376\377\000L\0001\0001\0001\0005\000\040\225\242\145\160\000\040\000M\000P\000C\000N\000o\000d\000e\000.\000\137\000d\000w\000e\000l\000l\000\137\000p\000e\000n\000a\000l\000t\000y}{section.8}% 79
\BOOKMARK [2][-]{subsection.8.31}{\376\377\000L\0001\0001\0002\0007\000\040\225\242\145\160\000\040\000M\000P\000C\000N\000o\000d\000e\000.\000\137\000m\000p\000c\000\137\000s\000o\000l\000v\000e\000\137\000s\000o\000l\000a\000r}{section.8}% 80
\BOOKMARK [2][-]{subsection.8.32}{\376\377\000L\0001\0001\0006\0004\000\040\225\242\145\160\000\040\000M\000P\000C\000N\000o\000d\000e\000.\000\137\000m\000p\000c\000\137\000s\000o\000l\000v\000e\000\137\000s\000o\000l\000a\000r\000.\000q\000u\000a\000d\000\137\000p\000e\000n\000a\000l\000t\000y}{section.8}% 81
\BOOKMARK [2][-]{subsection.8.33}{\376\377\000L\0001\0001\0007\0001\000\040\225\242\145\160\000\040\000M\000P\000C\000N\000o\000d\000e\000.\000\137\000m\000p\000c\000\137\000s\000o\000l\000v\000e\000\137\000s\000o\000l\000a\000r\000.\000c\000o\000s\000t}{section.8}% 82
\BOOKMARK [2][-]{subsection.8.34}{\376\377\000L\0001\0002\0009\0001\000\040\225\242\145\160\000\040\000M\000P\000C\000N\000o\000d\000e\000.\000\137\000m\000p\000c\000\137\000s\000o\000l\000v\000e\000\137\000s\000o\000l\000a\000r\000\137\000d\000i\000s\000t\000a\000n\000c\000e}{section.8}% 83
\BOOKMARK [2][-]{subsection.8.35}{\376\377\000L\0001\0003\0007\0009\000\040\225\242\145\160\000\040\000M\000P\000C\000N\000o\000d\000e\000.\000\137\000m\000p\000c\000\137\000s\000o\000l\000v\000e\000\137\000s\000o\000l\000a\000r\000\137\000d\000i\000s\000t\000a\000n\000c\000e\000.\000e\000x\000p\000a\000n\000d\000\137\000c\000t\000r\000l}{section.8}% 84
\BOOKMARK [2][-]{subsection.8.36}{\376\377\000L\0001\0003\0008\0002\000\040\225\242\145\160\000\040\000M\000P\000C\000N\000o\000d\000e\000.\000\137\000m\000p\000c\000\137\000s\000o\000l\000v\000e\000\137\000s\000o\000l\000a\000r\000\137\000d\000i\000s\000t\000a\000n\000c\000e\000.\000b\000u\000i\000l\000d\000\137\000b\000a\000l\000a\000n\000c\000e\000\137\000s\000e\000e\000d}{section.8}% 85
\BOOKMARK [2][-]{subsection.8.37}{\376\377\000L\0001\0004\0008\0003\000\040\225\242\145\160\000\040\000M\000P\000C\000N\000o\000d\000e\000.\000\137\000m\000p\000c\000\137\000s\000o\000l\000v\000e\000\137\000s\000o\000l\000a\000r\000\137\000d\000i\000s\000t\000a\000n\000c\000e\000.\000i\000n\000t\000e\000g\000r\000a\000t\000e\000\137\000s\000t\000a\000t\000i\000o\000n\000a\000r\000y\000\137\000d\000u\000r\000a\000t\000i\000o\000n}{section.8}% 86
\BOOKMARK [2][-]{subsection.8.38}{\376\377\000L\0001\0005\0003\0008\000\040\225\242\145\160\000\040\000M\000P\000C\000N\000o\000d\000e\000.\000\137\000m\000p\000c\000\137\000s\000o\000l\000v\000e\000\137\000s\000o\000l\000a\000r\000\137\000d\000i\000s\000t\000a\000n\000c\000e\000.\000s\000t\000e\000p\000\137\000w\000a\000i\000t}{section.8}% 87
\BOOKMARK [2][-]{subsection.8.39}{\376\377\000L\0001\0005\0004\0007\000\040\225\242\145\160\000\040\000M\000P\000C\000N\000o\000d\000e\000.\000\137\000m\000p\000c\000\137\000s\000o\000l\000v\000e\000\137\000s\000o\000l\000a\000r\000\137\000d\000i\000s\000t\000a\000n\000c\000e\000.\000a\000p\000p\000l\000y\000\137\000c\000o\000n\000t\000r\000o\000l\000\137\000s\000t\000o\000p\000\137\000a\000t}{section.8}% 88
\BOOKMARK [2][-]{subsection.8.40}{\376\377\000L\0001\0005\0006\0005\000\040\225\242\145\160\000\040\000M\000P\000C\000N\000o\000d\000e\000.\000\137\000m\000p\000c\000\137\000s\000o\000l\000v\000e\000\137\000s\000o\000l\000a\000r\000\137\000d\000i\000s\000t\000a\000n\000c\000e\000.\000c\000o\000s\000t}{section.8}% 89
\BOOKMARK [2][-]{subsection.8.41}{\376\377\000L\0001\0008\0001\0006\000\040\225\242\145\160\000\040\000M\000P\000C\000N\000o\000d\000e\000.\000\137\000p\000u\000b\000l\000i\000s\000h\000\137\000u\000p\000p\000e\000r\000\137\000p\000l\000a\000n}{section.8}% 90
\BOOKMARK [2][-]{subsection.8.42}{\376\377\000L\0001\0008\0002\0003\000\040\225\242\145\160\000\040\000M\000P\000C\000N\000o\000d\000e\000.\000\137\000p\000u\000b\000l\000i\000s\000h\000\137\000l\000o\000w\000e\000r\000\137\000p\000l\000a\000n}{section.8}% 91
\BOOKMARK [2][-]{subsection.8.43}{\376\377\000L\0001\0008\0003\0000\000\040\225\242\145\160\000\040\000M\000P\000C\000N\000o\000d\000e\000.\000\137\000p\000u\000b\000l\000i\000s\000h\000\137\000p\000l\000a\000n\000\137\000p\000a\000t\000h}{section.8}% 92
\BOOKMARK [2][-]{subsection.8.44}{\376\377\000L\0001\0008\0005\0008\000\040\225\242\145\160\000\040\000M\000P\000C\000N\000o\000d\000e\000.\000\137\000p\000u\000b\000l\000i\000s\000h\000\137\000m\000e\000t\000r\000i\000c\000s}{section.8}% 93
\BOOKMARK [2][-]{subsection.8.45}{\376\377\000L\0001\0008\0009\0007\000\040\225\242\145\160\000\040\000M\000P\000C\000N\000o\000d\000e\000.\000\137\000p\000u\000b\000l\000i\000s\000h\000\137\000s\000u\000m\000m\000a\000r\000y}{section.8}% 94
\BOOKMARK [2][-]{subsection.8.46}{\376\377\000L\0001\0009\0002\0009\000\040\225\242\145\160\000\040\000M\000P\000C\000N\000o\000d\000e\000.\000\137\000i\000n\000t\000e\000r\000p\000\137\000u\000p\000p\000e\000r\000\137\000s\000p\000e\000e\000d}{section.8}% 95
\BOOKMARK [2][-]{subsection.8.47}{\376\377\000L\0001\0009\0005\0002\000\040\225\242\145\160\000\040\000M\000P\000C\000N\000o\000d\000e\000.\000\137\000d\000i\000s\000t\000a\000n\000c\000e\000\137\000p\000l\000a\000n\000\137\000s\000p\000e\000e\000d}{section.8}% 96
\BOOKMARK [2][-]{subsection.8.48}{\376\377\000L\0001\0009\0005\0008\000\040\225\242\145\160\000\040\000M\000P\000C\000N\000o\000d\000e\000.\000\137\000t\000a\000u\000\137\000m\000a\000x\000\137\000f\000o\000r\000\137\000m\000o\000d\000e}{section.8}% 97
\BOOKMARK [2][-]{subsection.8.49}{\376\377\000L\0001\0009\0006\0005\000\040\225\242\145\160\000\040\000M\000P\000C\000N\000o\000d\000e\000.\000\137\000t\000a\000u\000\137\000l\000i\000m\000i\000t\000s}{section.8}% 98
\BOOKMARK [2][-]{subsection.8.50}{\376\377\000L\0001\0009\0008\0001\000\040\225\242\145\160\000\040\000M\000P\000C\000N\000o\000d\000e\000.\000\137\000t\000r\000a\000c\000t\000i\000o\000n\000\137\000f\000o\000r\000c\000e}{section.8}% 99
\BOOKMARK [2][-]{subsection.8.51}{\376\377\000L\0001\0009\0008\0008\000\040\225\242\145\160\000\040\000M\000P\000C\000N\000o\000d\000e\000.\000\137\000p\000a\000c\000k\000\137\000f\000r\000o\000m\000\137\000t\000a\000u}{section.8}% 100
\BOOKMARK [2][-]{subsection.8.52}{\376\377\000L\0002\0000\0001\0002\000\040\225\242\145\160\000\040\000M\000P\000C\000N\000o\000d\000e\000.\000\137\000b\000u\000i\000l\000d\000\137\000l\000o\000w\000e\000r\000\137\000r\000e\000f}{section.8}% 101
\BOOKMARK [2][-]{subsection.8.53}{\376\377\000L\0002\0000\0003\0009\000\040\225\242\145\160\000\040\000M\000P\000C\000N\000o\000d\000e\000.\000\137\000l\000o\000w\000e\000r\000\137\000r\000o\000l\000l\000o\000u\000t}{section.8}% 102
\BOOKMARK [2][-]{subsection.8.54}{\376\377\000L\0002\0000\0007\0002\000\040\225\242\145\160\000\040\000M\000P\000C\000N\000o\000d\000e\000.\000\137\000l\000o\000w\000e\000r\000\137\000m\000p\000c\000\137\000s\000o\000l\000v\000e}{section.8}% 103
\BOOKMARK [2][-]{subsection.8.55}{\376\377\000L\0002\0001\0008\0005\000\040\225\242\145\160\000\040\000M\000P\000C\000N\000o\000d\000e\000.\000\137\000l\000o\000w\000e\000r\000\137\000m\000p\000c\000\137\000s\000o\000l\000v\000e\000.\000c\000o\000s\000t}{section.8}% 104
\BOOKMARK [2][-]{subsection.8.56}{\376\377\000L\0002\0002\0007\0003\000\040\225\242\145\160\000\040\000M\000P\000C\000N\000o\000d\000e\000.\000\137\000s\000t\000e\000p\000\137\000s\000o\000l\000a\000r}{section.8}% 105
\BOOKMARK [2][-]{subsection.8.57}{\376\377\000L\0002\0005\0004\0009\000\040\225\242\145\160\000\040\000M\000P\000C\000N\000o\000d\000e\000.\000\137\000s\000t\000e\000p\000\137\000l\000o\000w\000e\000r}{section.8}% 106
\BOOKMARK [2][-]{subsection.8.58}{\376\377\000L\0002\0006\0000\0000\000\040\225\242\145\160\000\040\000M\000P\000C\000N\000o\000d\000e\000.\000\137\000p\000u\000b\000l\000i\000s\000h\000\137\000l\000o\000w\000e\000r\000\137\000c\000o\000m\000m\000a\000n\000d\000\137\000c\000y\000c\000l\000e}{section.8}% 107
\BOOKMARK [2][-]{subsection.8.59}{\376\377\000L\0002\0006\0001\0008\000\040\225\242\145\160\000\040\000M\000P\000C\000N\000o\000d\000e\000.\000\137\000i\000n\000i\000t\000\137\000p\000a\000s\000s\000o}{section.8}% 108
\BOOKMARK [2][-]{subsection.8.60}{\376\377\000L\0002\0007\0000\0009\000\040\225\242\145\160\000\040\000M\000P\000C\000N\000o\000d\000e\000.\000\137\000o\000n\000\137\000s\000\137\000k\000m}{section.8}% 109
\BOOKMARK [2][-]{subsection.8.61}{\376\377\000L\0002\0007\0001\0002\000\040\225\242\145\160\000\040\000M\000P\000C\000N\000o\000d\000e\000.\000\137\000o\000n\000\137\000s\000p\000e\000e\000d}{section.8}% 110
\BOOKMARK [2][-]{subsection.8.62}{\376\377\000L\0002\0007\0001\0005\000\040\225\242\145\160\000\040\000M\000P\000C\000N\000o\000d\000e\000.\000\137\000o\000n\000\137\000f\000u\000e\000l}{section.8}% 111
\BOOKMARK [2][-]{subsection.8.63}{\376\377\000L\0002\0007\0001\0008\000\040\225\242\145\160\000\040\000M\000P\000C\000N\000o\000d\000e\000.\000\137\000o\000n\000\137\000t\000h\000r\000o\000t\000t\000l\000e}{section.8}% 112
\BOOKMARK [2][-]{subsection.8.64}{\376\377\000L\0002\0007\0002\0001\000\040\225\242\145\160\000\040\000M\000P\000C\000N\000o\000d\000e\000.\000\137\000o\000n\000\137\000o\000b\000d\000\137\000o\000k}{section.8}% 113
\BOOKMARK [2][-]{subsection.8.65}{\376\377\000L\0002\0007\0002\0004\000\040\225\242\145\160\000\040\000M\000P\000C\000N\000o\000d\000e\000.\000\137\000o\000n\000\137\000g\000r\000a\000d\000e}{section.8}% 114
\BOOKMARK [2][-]{subsection.8.66}{\376\377\000L\0002\0007\0002\0007\000\040\225\242\145\160\000\040\000M\000P\000C\000N\000o\000d\000e\000.\000\137\000o\000n\000\137\000i\000d\000l\000e\000\137\000f\000u\000e\000l}{section.8}% 115
\BOOKMARK [2][-]{subsection.8.67}{\376\377\000L\0002\0007\0003\0002\000\040\225\242\145\160\000\040\000M\000P\000C\000N\000o\000d\000e\000.\000\137\000o\000n\000\137\000c\000o\000n\000f\000i\000g\000\137\000r\000e\000a\000d\000y}{section.8}% 116
\BOOKMARK [2][-]{subsection.8.68}{\376\377\000L\0002\0007\0003\0005\000\040\225\242\145\160\000\040\000M\000P\000C\000N\000o\000d\000e\000.\000\137\000o\000n\000\137\000s\000y\000s\000t\000e\000m\000\137\000s\000t\000a\000t\000e}{section.8}% 117
\BOOKMARK [2][-]{subsection.8.69}{\376\377\000L\0002\0007\0003\0008\000\040\225\242\145\160\000\040\000M\000P\000C\000N\000o\000d\000e\000.\000\137\000o\000n\000\137\000c\000o\000n\000f\000i\000g}{section.8}% 118
\BOOKMARK [2][-]{subsection.8.70}{\376\377\000L\0002\0007\0004\0005\000\040\225\242\145\160\000\040\000M\000P\000C\000N\000o\000d\000e\000.\000\137\000a\000p\000p\000l\000y\000\137\000c\000o\000n\000f\000i\000g}{section.8}% 119
\BOOKMARK [2][-]{subsection.8.71}{\376\377\000L\0002\0007\0007\0008\000\040\225\242\145\160\000\040\000M\000P\000C\000N\000o\000d\000e\000.\000\137\000s\000t\000o\000p\000\137\000p\000e\000n\000a\000l\000t\000y\000\137\000p\000a\000s\000s\000o}{section.8}% 120
\BOOKMARK [2][-]{subsection.8.72}{\376\377\000L\0002\0007\0009\0002\000\040\225\242\145\160\000\040\000M\000P\000C\000N\000o\000d\000e\000.\000\137\000f\000u\000e\000l\000\137\000m\000o\000d\000e\000l\000\137\000l\000p\000h}{section.8}% 121
\BOOKMARK [2][-]{subsection.8.73}{\376\377\000L\0002\0008\0000\0000\000\040\225\242\145\160\000\040\000M\000P\000C\000N\000o\000d\000e\000.\000\137\000u\000p\000d\000a\000t\000e\000\137\000i\000d\000e\000n\000t\000i\000f\000i\000c\000a\000t\000i\000o\000n}{section.8}% 122
\BOOKMARK [2][-]{subsection.8.74}{\376\377\000L\0002\0008\0003\0006\000\040\225\242\145\160\000\040\000M\000P\000C\000N\000o\000d\000e\000.\000\137\000s\000o\000l\000v\000e\000\137\000p\000a\000s\000s\000o\000\137\000m\000p\000c}{section.8}% 123
\BOOKMARK [2][-]{subsection.8.75}{\376\377\000L\0002\0008\0005\0005\000\040\225\242\145\160\000\040\000M\000P\000C\000N\000o\000d\000e\000.\000\137\000s\000o\000l\000v\000e\000\137\000p\000a\000s\000s\000o\000\137\000m\000p\000c\000.\000c\000o\000s\000t}{section.8}% 124
\BOOKMARK [2][-]{subsection.8.76}{\376\377\000L\0002\0008\0007\0009\000\040\225\242\145\160\000\040\000M\000P\000C\000N\000o\000d\000e\000.\000\137\000p\000u\000b\000l\000i\000s\000h\000\137\000t\000r\000a\000j\000e\000c\000t\000o\000r\000y\000\137\000p\000a\000s\000s\000o}{section.8}% 125
\BOOKMARK [2][-]{subsection.8.77}{\376\377\000L\0002\0008\0009\0004\000\040\225\242\145\160\000\040\000M\000P\000C\000N\000o\000d\000e\000.\000\137\000s\000t\000e\000p\000\137\000p\000a\000s\000s\000o}{section.8}% 126
\BOOKMARK [2][-]{subsection.8.78}{\376\377\000L\0002\0009\0006\0005\000\040\225\242\145\160\000\040\000m\000a\000i\000n}{section.8}% 127
\BOOKMARK [2][-]{subsection.8.79}{\376\377\212\055\133\232\120\044\060\150\121\145\122\233\060\321\060\351\060\341\060\374\060\277}{section.8}% 128
\BOOKMARK [2][-]{subsection.8.80}{\376\377\000R\000O\000S\000\040\000t\000o\000p\000i\000c\000\040\000I\000/\000O}{section.8}% 129
\BOOKMARK [1][-]{section.9}{\376\377\121\346\164\006\060\156\155\101\060\214}{}% 130
\BOOKMARK [1][-]{section.10}{\376\377\060\123\060\156\060\325\060\241\060\244\060\353\060\156\117\115\177\156\060\145\060\121}{}% 131
