\BOOKMARK [1][-]{section.1}{\376\377\060\176\060\132\147\000\122\035\060\153\121\150\117\123\120\317}{}% 1
\BOOKMARK [2][-]{subsection.1.1}{\376\377\116\000\165\152\116\012\060\156\155\101\060\214}{section.1}% 2
\BOOKMARK [2][-]{subsection.1.2}{\376\377\000P\000o\000w\000e\000r\000S\000h\000e\000l\000l\000\040\060\147\123\351\060\117\060\202\060\156}{section.1}% 3
\BOOKMARK [2][-]{subsection.1.3}{\376\377\163\376\127\050\060\156\000\040\000s\000o\000u\000r\000c\000e\000\040\120\164\060\147\123\357\211\226\060\153\060\152\060\143\060\146\060\104\060\213\121\145\123\343}{section.1}% 4
\BOOKMARK [2][-]{subsection.1.4}{\376\377\170\272\212\215\125\117\230\114\000\040\0001}{section.1}% 5
\BOOKMARK [1][-]{section.2}{\376\377\000p\000r\000o\000f\000i\000l\000e\000.\000y\000a\000m\000l\000\040\060\156\212\255\060\177\145\271}{}% 6
\BOOKMARK [2][-]{subsection.2.1}{\376\377\000t\000o\000p\000-\000l\000e\000v\000e\000l\000\040\151\313\220\040}{section.2}% 7
\BOOKMARK [2][-]{subsection.2.2}{\376\377\060\123\060\156\000\040\000p\000r\000o\000f\000i\000l\000e\000\040\060\114\060\151\060\123\060\153\122\271\060\117\060\113}{section.2}% 8
\BOOKMARK [2][-]{subsection.2.3}{\376\377\145\342\133\232\000\040\000p\000r\000o\000f\000i\000l\000e}{section.2}% 9
\BOOKMARK [1][-]{section.3}{\376\377\000m\000o\000d\000e\000\040\122\045\060\153\117\125\060\114\215\167\060\115\060\213\060\113}{}% 10
\BOOKMARK [2][-]{subsection.3.1}{\376\377\000s\000i\000m}{section.3}% 11
\BOOKMARK [2][-]{subsection.3.2}{\376\377\000m\000e\000a\000s\000u\000r\000e}{section.3}% 12
\BOOKMARK [2][-]{subsection.3.3}{\376\377\000l\000i\000v\000e}{section.3}% 13
\BOOKMARK [2][-]{subsection.3.4}{\376\377\000l\000i\000v\000e\000\137\000w\000i\000f\000i}{section.3}% 14
\BOOKMARK [2][-]{subsection.3.5}{\376\377\000l\000a\000u\000n\000c\000h\000\040\000f\000i\000l\000e\000\040\060\124\060\150\060\156\133\237\215\167\122\325\000\040\000n\000o\000d\000e}{section.3}% 15
\BOOKMARK [1][-]{section.4}{\376\377\162\151\164\006\060\342\060\307\060\353}{}% 16
\BOOKMARK [2][-]{subsection.4.1}{\376\377\117\177\060\143\060\146\060\104\060\213\127\372\147\054\137\017}{section.4}% 17
\BOOKMARK [2][-]{subsection.4.2}{\376\377\133\237\210\305\060\147\060\123\060\214\060\222\117\177\060\143\060\146\060\104\060\213\130\064\142\100}{section.4}% 18
\BOOKMARK [2][-]{subsection.4.3}{\376\377\170\272\212\215\125\117\230\114\000\040\0002}{section.4}% 19
\BOOKMARK [1][-]{section.5}{\376\377\133\237\156\054\060\355\060\260\060\113\060\211\060\156\000\040\000M\000L\000E\000\040\000/\000\040\000f\000i\000t\000t\000i\000n\000g}{}% 20
\BOOKMARK [2][-]{subsection.5.1}{\376\377\000p\000i\000p\000e\000l\000i\000n\000e}{section.5}% 21
\BOOKMARK [2][-]{subsection.5.2}{\376\377\216\375\221\317\000\040\000p\000i\000p\000e\000l\000i\000n\000e}{section.5}% 22
\BOOKMARK [2][-]{subsection.5.3}{\376\377\147\054\000\040\000p\000a\000c\000k\000a\000g\000e\000\040\060\156\147\054\150\074\000\040\000r\000e\000p\000l\000a\000y\000\040\000f\000i\000t}{section.5}% 23
\BOOKMARK [2][-]{subsection.5.4}{\376\377\000f\000i\000t\000\040\060\127\060\137\120\044\060\157\060\151\060\123\060\170\121\145\060\213\060\113}{section.5}% 24
\BOOKMARK [2][-]{subsection.5.5}{\376\377\060\151\060\156\060\325\060\241\060\244\060\353\060\222\121\145\060\214\060\214\060\160\000\040\000g\000e\000n\000e\000r\000i\000c\000\040\000f\000i\000t\000t\000i\000n\000g\000\040\060\114\126\336\060\213\060\113}{section.5}% 25
\BOOKMARK [1][-]{section.6}{\376\377\116\000\165\073\227\142\000\040\000d\000a\000s\000h\000b\000o\000a\000r\000d\000\040\060\156\212\255\060\177\145\271}{}% 26
\BOOKMARK [1][-]{section.7}{\376\377\000l\000i\000v\000e\000\137\000w\000i\000f\000i\000\040\060\156\220\001\123\327\117\341\116\325\151\330}{}% 27
\BOOKMARK [2][-]{subsection.7.1}{\376\377\143\250\131\150\145\271\137\017}{section.7}% 28
\BOOKMARK [2][-]{subsection.7.2}{\376\377\060\275\060\374\060\351\060\374\060\253\060\374\120\164\060\113\060\211\220\001\060\213\143\250\131\150\000\040\000J\000S\000O\000N}{section.7}% 29
\BOOKMARK [2][-]{subsection.7.3}{\376\377\117\064\215\160\216\312\120\164\060\113\060\211\220\001\060\213\143\250\131\150\000\040\000J\000S\000O\000N}{section.7}% 30
\BOOKMARK [2][-]{subsection.7.4}{\376\377\000p\000l\000a\000n\000n\000e\000r\000\040\120\164\060\113\060\211\217\324\060\131\000\040\000J\000S\000O\000N}{section.7}% 31
\BOOKMARK [2][-]{subsection.7.5}{\376\377\000k\000e\000y\000=\000v\000a\000l\000u\000e\000\040\000f\000a\000l\000l\000b\000a\000c\000k}{section.7}% 32
\BOOKMARK [2][-]{subsection.7.6}{\376\377\060\336\060\244\060\263\060\363\120\164\060\156\133\237\210\305\147\141\116\366}{section.7}% 33
\BOOKMARK [1][-]{section.8}{\376\377\163\376\127\050\060\156\000\040\000m\000a\000p\000s\000\040\000/\000\040\000c\000o\000e\000f\000f\000i\000c\000i\000e\000n\000t\000s\000\040\170\024\172\166\120\031\210\334\117\213}{}% 34
\BOOKMARK [1][-]{section.9}{\376\377\133\237\226\233\060\156\117\177\060\104\145\271}{}% 35
\BOOKMARK [2][-]{subsection.9.1}{\376\377\000t\000e\000m\000p\000l\000a\000t\000e\000\040\000p\000a\000c\000k\000a\000g\000e\000\040\060\222\200\262\060\146\060\213\155\101\060\214}{section.9}% 36
\BOOKMARK [2][-]{subsection.9.2}{\376\377\121\170\127\213\060\263\060\336\060\363\060\311}{section.9}% 37
\BOOKMARK [2][-]{subsection.9.3}{\376\377\000S\000l\000u\000r\000m\060\147\060\156\131\032\137\340\133\237\136\246\143\242\175\042\060\150\162\354\172\313\123\327\121\145}{section.9}% 38
\BOOKMARK [2][-]{subsection.9.4}{\376\377\060\275\060\374\060\351\060\374\060\253\060\374\134\002\165\050\060\257\060\352\060\374\060\363\000\040\000c\000o\000p\000y\000\040\060\156\117\134\142\020}{section.9}% 39
\BOOKMARK [2][-]{subsection.9.5}{\376\377\170\272\212\215\125\117\230\114\000\040\0003}{section.9}% 40
\BOOKMARK [1][-]{section.10}{\376\377\060\176\060\150\060\201}{}% 41
