\BOOKMARK [1][-]{section.1}{\376\377\122\060\220\124\166\356\152\031}{}% 1
\BOOKMARK [1][-]{section.2}{\376\377\215\167\122\325\122\115\060\153\212\255\060\200\000\040\000p\000r\000o\000f\000i\000l\000e}{}% 2
\BOOKMARK [1][-]{section.3}{\376\377\000P\000o\000w\000e\000r\000S\000h\000e\000l\000l\000\040\060\113\060\211\000\040\000n\000o\000d\000e\000\040\215\167\122\325\060\176\060\147}{}% 3
\BOOKMARK [1][-]{section.4}{\376\377\123\327\117\341\124\150\147\037\060\156\116\016\147\141\116\366}{}% 4
\BOOKMARK [2][-]{subsection.4.1}{\376\377\000t\000i\000m\000e\000s\000t\000a\000m\000p\000\040\060\150\000\040\000r\000a\000n\000g\000e\000\040\000g\000a\000t\000e}{section.4}% 5
\BOOKMARK [1][-]{section.5}{\376\377\156\054\133\232\000\040\000f\000i\000l\000t\000e\000r\060\001\215\335\226\342\060\001\122\376\221\115}{}% 6
\BOOKMARK [2][-]{subsection.5.1}{\376\377\220\037\136\246\116\000\153\041\220\105\060\214\000\040\000f\000i\000l\000t\000e\000r}{section.5}% 7
\BOOKMARK [2][-]{subsection.5.2}{\376\377\215\335\226\342\172\115\122\006}{section.5}% 8
\BOOKMARK [2][-]{subsection.5.3}{\376\377\122\376\221\115}{section.5}% 9
\BOOKMARK [1][-]{section.6}{\376\377\230\250\210\334\153\143}{}% 10
\BOOKMARK [1][-]{section.7}{\376\377\216\312\217\052\121\372\122\233\060\150\122\271\163\207\000\040\000m\000a\000p}{}% 11
\BOOKMARK [2][-]{subsection.7.1}{\376\377\142\265\142\227}{section.7}% 12
\BOOKMARK [2][-]{subsection.7.2}{\376\377\116\214\175\332\137\142\000\040\000m\000a\000p\000\040\210\334\225\223}{section.7}% 13
\BOOKMARK [1][-]{section.8}{\376\377\000P\000V\060\001\000p\000a\000c\000k\060\001\000b\000a\000t\000t\000e\000r\000y\000\040\000I\000V\060\001\000S\000o\000C}{}% 14
\BOOKMARK [2][-]{subsection.8.1}{\376\377\000P\000V}{section.8}% 15
\BOOKMARK [2][-]{subsection.8.2}{\376\377\000b\000a\000t\000t\000e\000r\000y\000\040\000I\000V}{section.8}% 16
\BOOKMARK [2][-]{subsection.8.3}{\376\377\000S\000o\000C\000\040\060\150\156\051\136\246}{section.8}% 17
\BOOKMARK [1][-]{section.9}{\376\377\116\012\117\115\215\335\226\342\230\030\127\337\000\040\000M\000P\000C}{}% 18
\BOOKMARK [2][-]{subsection.9.1}{\376\377\000C\000E\000M\000\040\000g\000l\000o\000b\000a\000l\000\040\000c\000a\000n\000d\000i\000d\000a\000t\000e\000s}{section.9}% 19
\BOOKMARK [2][-]{subsection.9.2}{\376\377\000L\000-\000B\000F\000G\000S\000-\000B\000\040\000l\000o\000c\000a\000l\000\040\000r\000e\000f\000i\000n\000e\000m\000e\000n\000t}{section.9}% 20
\BOOKMARK [1][-]{section.10}{\376\377\116\013\117\115\000\040\0001\000\040\000H\000z\000\040\000M\000P\000C\000\040\060\150\133\211\121\150\000\040\000b\000r\000i\000d\000g\000e}{}% 21
\BOOKMARK [1][-]{section.11}{\376\377\000o\000u\000t\000b\000o\000u\000n\000d\060\001\000l\000o\000g\000g\000e\000r\060\001\000d\000a\000s\000h\000b\000o\000a\000r\000d}{}% 22
\BOOKMARK [1][-]{section.12}{\376\377\0001\124\150\147\037\060\277\060\244\060\340\060\351\060\244\060\363}{}% 23
\BOOKMARK [1][-]{section.13}{\376\377\000M\000L\000E\000\040\060\113\060\211\133\237\220\113\165\050\000\040\000p\000r\000o\000f\000i\000l\000e\000\040\060\176\060\147}{}% 24
\BOOKMARK [1][-]{section.14}{\376\377\175\317\124\010\125\117\230\114}{}% 25
\BOOKMARK [1][-]{section.15}{\376\377\133\214\121\150\142\113\212\010\173\227\157\024\177\322\000:\000\040\116\012\117\115\000M\000P\000C\060\222\116\000\126\336\211\343\060\117}{}% 26
\BOOKMARK [2][-]{subsection.15.1}{\376\377\157\024\177\322\147\141\116\366\060\150\000c\000o\000n\000t\000r\000o\000l\134\125\225\213}{section.15}% 27
\BOOKMARK [2][-]{subsection.15.2}{\376\377\116\000\153\265\166\356\060\156\142\265\142\227\060\222\145\160\120\044\123\026\060\131\060\213}{section.15}% 28
\BOOKMARK [2][-]{subsection.15.3}{\376\377\000d\000r\000i\000v\000e\000\040\000m\000a\000p\060\222\126\333\226\205\060\113\060\211\210\334\225\223\060\131\060\213}{section.15}% 29
\BOOKMARK [2][-]{subsection.15.4}{\376\377\000P\000V\000\040\000m\000a\000p\060\001\000p\000a\000c\000k\060\001\000I\000V\060\222\124\014\060\130\153\265\060\147\225\211\060\130\060\213}{section.15}% 30
\BOOKMARK [2][-]{subsection.15.5}{\376\377\0006\153\265\060\156\162\266\141\113\220\167\171\373\210\150\060\222\133\214\142\020\060\125\060\133\060\213}{section.15}% 31
\BOOKMARK [2][-]{subsection.15.6}{\376\377\147\000\167\355\146\102\225\223\060\373\175\102\172\357\117\177\060\104\122\007\060\212\125\117\230\114\060\222\146\370\060\117}{section.15}% 32
\BOOKMARK [2][-]{subsection.15.7}{\376\377\147\011\226\120\135\356\122\006\060\150\000L\000-\000B\000F\000G\000S\116\000\123\315\137\251}{section.15}% 33
\BOOKMARK [2][-]{subsection.15.8}{\376\377\147\011\226\120\150\074\133\120\060\156\131\047\127\337\147\000\202\157\060\222\201\352\122\006\060\147\212\074\146\016\060\131\060\213}{section.15}% 34
\BOOKMARK [2][-]{subsection.15.9}{\376\377\000d\000e\000t\000a\000i\000l\000\040\000C\000S\000V\060\150\060\156\161\147\124\010}{section.15}% 35
\BOOKMARK [1][-]{section.16}{\376\377\131\051\120\031\000A\000P\000I\060\001\0007\0000\000\040\000k\000m\000/\000h\155\210\214\273\060\001\172\357\145\160\122\073\060\177\060\222\142\113\212\010\173\227\060\131\060\213}{}% 36
\BOOKMARK [2][-]{subsection.16.1}{\376\377\145\345\134\004\221\317\060\156\146\102\122\073\133\232\177\251}{section.16}% 37
\BOOKMARK [2][-]{subsection.16.2}{\376\377\146\102\122\073\060\373\215\335\226\342\150\074\133\120\060\113\060\211\133\237\216\312\117\115\177\156\060\222\210\334\225\223\060\131\060\213}{section.16}% 38
\BOOKMARK [2][-]{subsection.16.3}{\376\377\0007\0000\000\040\000k\000m\000/\000h\060\147\175\004\0008\0000\0000\000\040\000W\060\222\151\034\173\227\060\131\060\213}{section.16}% 39
\BOOKMARK [2][-]{subsection.16.4}{\376\377\121\254\133\143\145\345\134\004\060\113\060\211\000P\000V\060\150\226\373\154\140\226\373\122\233\060\222\154\102\060\201\060\213}{section.16}% 40
\BOOKMARK [2][-]{subsection.16.5}{\376\377\116\012\117\115\123\072\225\223\060\150\0001\171\322\000d\000e\000t\000a\000i\000l\060\156\225\242\117\302}{section.16}% 41
\BOOKMARK [2][-]{subsection.16.6}{\376\377\116\013\060\212\127\102\060\156\126\336\165\037\060\222\220\116\131\047\212\125\117\241\060\127\060\152\060\104}{section.16}% 42
\BOOKMARK [2][-]{subsection.16.7}{\376\377\124\014\147\037\212\244\135\356\060\150\060\250\060\315\060\353\060\256\060\374\212\244\135\356\060\222\122\006\060\121\060\213}{section.16}% 43
\BOOKMARK [2][-]{subsection.16.8}{\376\377\121\154\137\017\000c\000o\000n\000t\000r\000o\000l\000\040\000s\000t\000o\000p\060\150\000f\000i\000n\000i\000s\000h\175\340\122\007\060\222\142\113\212\010\173\227\060\131\060\213}{section.16}% 44
\BOOKMARK [1][-]{section.17}{\376\377\150\071\142\340\145\207\163\056}{}% 45
