\BOOKMARK [1][-]{section.1}{\376\377\133\376\214\141}{}% 1
\BOOKMARK [1][-]{section.2}{\376\377\060\123\060\156\060\325\060\241\060\244\060\353\060\222\212\255\060\200\164\006\165\061}{}% 2
\BOOKMARK [1][-]{section.3}{\376\377\124\174\060\163\121\372\060\127\225\242\117\302}{}% 3
\BOOKMARK [2][-]{subsection.3.1}{\376\377\060\151\060\123\060\113\060\211\124\174\060\160\060\214\060\213\060\113}{section.3}% 4
\BOOKMARK [2][-]{subsection.3.2}{\376\377\153\041\060\153\212\255\060\200\060\150\164\006\211\343\060\114\220\062\060\200\060\325\060\241\060\244\060\353}{section.3}% 5
\BOOKMARK [2][-]{subsection.3.3}{\376\377\124\014\116\000\060\352\060\335\060\270\060\310\060\352\121\205\060\156\116\073\211\201\117\235\133\130}{section.3}% 6
\BOOKMARK [1][-]{section.4}{\376\377\060\275\060\374\060\271\121\222\230\055\060\156\142\212\143\341}{}% 7
\BOOKMARK [2][-]{subsection.4.1}{\376\377\116\343\210\150\060\263\060\374\060\311\145\255\162\107}{section.4}% 8
\BOOKMARK [1][-]{section.5}{\376\377\116\073\211\201\151\313\220\040\060\156\212\255\060\177\123\326\060\212}{}% 9
\BOOKMARK [2][-]{subsection.5.1}{\376\377\060\325\060\241\060\244\060\353\060\222\116\012\060\113\060\211\212\255\060\223\060\140\060\150\060\115\060\156\133\232\177\251\230\006}{section.5}% 10
\BOOKMARK [1][-]{section.6}{\376\377\060\123\060\156\060\325\060\241\060\244\060\353\060\222\212\255\060\200\122\115\060\153\137\305\211\201\060\152\127\372\171\016\167\345\213\130}{}% 11
\BOOKMARK [2][-]{subsection.6.1}{\376\377\060\327\060\355\060\260\060\351\060\340\060\001\060\327\060\355\060\273\060\271\060\001\060\341\060\342\060\352\060\001\060\252\060\326\060\270\060\247\060\257\060\310\060\222\123\072\122\045\060\131\060\213}{section.6}% 12
\BOOKMARK [2][-]{subsection.6.2}{\376\377\000C\000L\000I\060\001\000P\000o\000w\000e\000r\000S\000h\000e\000l\000l\060\001\000B\000a\000s\000h\060\001\164\260\130\203\131\011\145\160\060\001\175\102\116\206\060\263\060\374\060\311}{section.6}% 13
\BOOKMARK [2][-]{subsection.6.3}{\376\377\117\213\131\026\060\001\000t\000r\000y\000/\000f\000i\000n\000a\000l\000l\000y\060\001\000w\000i\000t\000h\060\001\214\307\156\220\211\343\145\076}{section.6}% 14
\BOOKMARK [2][-]{subsection.6.4}{\376\377\131\051\120\031\060\001\000r\000o\000u\000t\000e\060\001\210\334\225\223\060\001\146\102\122\073\060\001\123\130\117\115}{section.6}% 15
\BOOKMARK [2][-]{subsection.6.5}{\376\377\000f\000r\000e\000s\000h\000n\000e\000s\000s\060\001\000f\000i\000l\000t\000e\000r\060\001\000g\000u\000a\000r\000d\060\001\000f\000a\000l\000l\000b\000a\000c\000k\060\001\000f\000a\000i\000l\000-\000s\000a\000f\000e}{section.6}% 16
\BOOKMARK [2][-]{subsection.6.6}{\376\377\000l\000a\000u\000n\000c\000h\000\040\000A\000c\000t\000i\000o\000n\060\001\000N\000o\000d\000e\000\040\000A\000c\000t\000i\000o\000n\060\001\133\237\210\114\123\357\200\375\124\015\060\001\000r\000e\000m\000a\000p\000p\000i\000n\000g}{section.6}% 17
\BOOKMARK [2][-]{subsection.6.7}{\376\377\123\130\117\123\212\146\232\023\060\001\000S\000I\000L\000S\060\001\000r\000e\000p\000l\000a\000y\060\001\211\263\156\054\123\357\200\375\140\047}{section.6}% 18
\BOOKMARK [1][-]{section.7}{\376\377\225\242\145\160\060\373\060\257\060\351\060\271\060\222\116\012\060\113\060\211\230\006\060\153\211\343\212\254}{}% 19
\BOOKMARK [2][-]{subsection.7.1}{\376\377\000s\000h\000e\000l\000l\000\040\122\006\134\220\060\150\131\026\220\350\060\263\060\336\060\363\060\311}{section.7}% 20
\BOOKMARK [1][-]{section.8}{\376\377\121\346\164\006\060\156\155\101\060\214}{}% 21
\BOOKMARK [1][-]{section.9}{\376\377\060\123\060\156\060\325\060\241\060\244\060\353\060\156\117\115\177\156\060\145\060\121}{}% 22
