===== xelatex pass 1 =====
This is XeTeX, Version 3.141592653-2.6-0.999997 (MiKTeX 25.12) (preloaded format=xelatex.fmt)
 restricted \write18 enabled.
entering extended mode

(C:/Users/user/OneDrive - 和歌山大学/ソーラー/エネマネ/solar_ws0129-main/docs/program_refere
nce_complete_20260729/tex/program_reference_index.tex
LaTeX2e <2025-11-01>
L3 programming layer <2025-12-24>
(C:\Users\user\AppData\Local\Programs\MiKTeX\tex/latex/base\article.cls
Document Class: article 2025/01/22 v1.4n Standard LaTeX document class
(C:\Users\user\AppData\Local\Programs\MiKTeX\tex/latex/base\size11.clo))
(C:\Users\user\AppData\Local\Programs\MiKTeX\tex/latex/geometry\geometry.sty
(C:\Users\user\AppData\Local\Programs\MiKTeX\tex/latex/graphics\keyval.sty)
(C:\Users\user\AppData\Local\Programs\MiKTeX\tex/generic/iftex\ifvtex.sty
(C:\Users\user\AppData\Local\Programs\MiKTeX\tex/generic/iftex\iftex.sty))
(C:\Users\user\AppData\Local\Programs\MiKTeX\tex/latex/geometry\geometry.cfg))
(C:\Users\user\AppData\Local\Programs\MiKTeX\tex/latex/fontspec\fontspec.sty
(C:\Users\user\AppData\Local\Programs\MiKTeX\tex/latex/l3packages/xparse\xparse
.sty (C:\Users\user\AppData\Local\Programs\MiKTeX\tex/latex/l3kernel\expl3.sty
(C:\Users\user\AppData\Local\Programs\MiKTeX\tex/latex/l3backend\l3backend-xete
x.def)))
(C:\Users\user\AppData\Local\Programs\MiKTeX\tex/latex/fontspec\fontspec-xetex.
sty (C:\Users\user\AppData\Local\Programs\MiKTeX\tex/latex/base\fontenc.sty)
(C:\Users\user\AppData\Local\Programs\MiKTeX\tex/latex/fontspec\fontspec.cfg)))
(C:\Users\user\AppData\Local\Programs\MiKTeX\tex/xelatex/xecjk\xeCJK.sty
(C:\Users\user\AppData\Local\Programs\MiKTeX\tex/latex/ctex\ctexhook.sty)
(C:\Users\user\AppData\Local\Programs\MiKTeX\tex/latex/l3packages/xtemplate\xte
mplate.sty)
(C:\Users\user\AppData\Local\Programs\MiKTeX\tex/xelatex/xecjk\xeCJK.cfg))
(C:\Users\user\AppData\Local\Programs\MiKTeX\tex/latex/booktabs\booktabs.sty)
(C:\Users\user\AppData\Local\Programs\MiKTeX\tex/latex/tools\longtable.sty)
(C:\Users\user\AppData\Local\Programs\MiKTeX\tex/latex/tools\tabularx.sty
(C:\Users\user\AppData\Local\Programs\MiKTeX\tex/latex/tools\array.sty))
(C:\Users\user\AppData\Local\Programs\MiKTeX\tex/latex/enumitem\enumitem.sty)
(C:\Users\user\AppData\Local\Programs\MiKTeX\tex/latex/hyperref\hyperref.sty
(C:\Users\user\AppData\Local\Programs\MiKTeX\tex/latex/kvsetkeys\kvsetkeys.sty)

(C:\Users\user\AppData\Local\Programs\MiKTeX\tex/generic/kvdefinekeys\kvdefinek
eys.sty)
(C:\Users\user\AppData\Local\Programs\MiKTeX\tex/generic/pdfescape\pdfescape.st
y (C:\Users\user\AppData\Local\Programs\MiKTeX\tex/generic/ltxcmds\ltxcmds.sty)

(C:\Users\user\AppData\Local\Programs\MiKTeX\tex/generic/pdftexcmds\pdftexcmds.
sty
(C:\Users\user\AppData\Local\Programs\MiKTeX\tex/generic/infwarerr\infwarerr.st
y))) (C:\Users\user\AppData\Local\Programs\MiKTeX\tex/latex/hycolor\hycolor.sty
) (C:\Users\user\AppData\Local\Programs\MiKTeX\tex/latex/hyperref\nameref.sty
(C:\Users\user\AppData\Local\Programs\MiKTeX\tex/latex/refcount\refcount.sty)
(C:\Users\user\AppData\Local\Programs\MiKTeX\tex/generic/gettitlestring\gettitl
estring.sty
(C:\Users\user\AppData\Local\Programs\MiKTeX\tex/latex/kvoptions\kvoptions.sty)
)) (C:\Users\user\AppData\Local\Programs\MiKTeX\tex/latex/etoolbox\etoolbox.sty
)
(C:\Users\user\AppData\Local\Programs\MiKTeX\tex/generic/stringenc\stringenc.st
y) (C:\Users\user\AppData\Local\Programs\MiKTeX\tex/latex/hyperref\pd1enc.def)
(C:\Users\user\AppData\Local\Programs\MiKTeX\tex/generic/intcalc\intcalc.sty)
(C:\Users\user\AppData\Local\Programs\MiKTeX\tex/latex/hyperref\puenc.def)
(C:\Users\user\AppData\Local\Programs\MiKTeX\tex/latex/url\url.sty)
(C:\Users\user\AppData\Local\Programs\MiKTeX\tex/generic/bitset\bitset.sty
(C:\Users\user\AppData\Local\Programs\MiKTeX\tex/generic/bigintcalc\bigintcalc.
sty)))
(C:\Users\user\AppData\Local\Programs\MiKTeX\tex/latex/hyperref\hxetex.def
(C:\Users\user\AppData\Local\Programs\MiKTeX\tex/latex/rerunfilecheck\rerunfile
check.sty
(C:\Users\user\AppData\Local\Programs\MiKTeX\tex/generic/uniquecounter\uniqueco
unter.sty)))
(C:\Users\user\OneDrive - 和歌山大学\ソーラー\エネマネ\solar_ws0129-main\docs\program_refere
nce_complete_20260729\build\program_reference_index\program_reference_index.aux
)
*geometry* driver: auto-detecting
*geometry* detected driver: xetex
(C:\Users\user\AppData\Local\Programs\MiKTeX\tex/latex/graphics\color.sty
(C:\Users\user\AppData\Local\Programs\MiKTeX\tex/latex/graphics-cfg\color.cfg)
(C:\Users\user\AppData\Local\Programs\MiKTeX\tex/latex/graphics-def\xetex.def)
(C:\Users\user\AppData\Local\Programs\MiKTeX\tex/latex/graphics\mathcolor.ltx))

(C:\Users\user\OneDrive - 和歌山大学\ソーラー\エネマネ\solar_ws0129-main\docs\program_refere
nce_complete_20260729\build\program_reference_index\program_reference_index.out
)
(C:\Users\user\OneDrive - 和歌山大学\ソーラー\エネマネ\solar_ws0129-main\docs\program_refere
nce_complete_20260729\build\program_reference_index\program_reference_index.out
)
Underfull \hbox (badness 10000) in paragraph at lines 53--54
[]|$[][] [] [][][][][][][][] [] [][][] []

Underfull \hbox (badness 10000) in paragraph at lines 54--55
[]|$[][] [] [][][][][][][] [] [][][][][] []

Underfull \hbox (badness 10000) in paragraph at lines 55--55
[]|$[][][][][][] [] [][][][][] [] [][][][] [] [][][][] [] [][][][] []

Underfull \hbox (badness 10000) in paragraph at lines 55--56
[]|$[][] [] [][][][][][] [] [][][][][] []

Underfull \hbox (badness 10000) in paragraph at lines 55--56
[][][][] [] [][][][] [] [][][][] []

Underfull \hbox (badness 10000) in paragraph at lines 56--56
[]|$[][][][][][] [] [][][][][] [] [][][][] [] [][][][] [] [][][][][][] []

Underfull \hbox (badness 10000) in paragraph at lines 56--57
[]|$[][] [] [][][][][][] [] [][][][][] []

Underfull \hbox (badness 10000) in paragraph at lines 56--57
[][][][] [] [][][][] [] [][][][][][] []

Underfull \hbox (badness 10000) in paragraph at lines 57--58
[]|$[][] [] [][][][][][] []

Underfull \hbox (badness 10000) in paragraph at lines 57--58
[][][][][][][][] [] [][][] []

Underfull \hbox (badness 10000) in paragraph at lines 58--58
[]|$[][][][][][] [] [][][][][] [] [][][][][][][][][][][] []

Underfull \hbox (badness 10000) in paragraph at lines 58--59
[]|$[][] [] [][][][][][] [] [][][][][] []

Underfull \hbox (badness 10000) in paragraph at lines 58--59
[][][][][][][][][][][] []

Underfull \hbox (badness 10000) in paragraph at lines 59--60
[]|$[][] [] [][][] [] [][][][][][][][] []

Underfull \hbox (badness 10000) in paragraph at lines 60--61
[]|$[][] [] [][][] [] [][][][][][][][] []

Underfull \hbox (badness 10000) in paragraph at lines 60--61
[][][][][] [] [][][][][][][] [] [][] []

Underfull \hbox (badness 10000) in paragraph at lines 61--62
[]|$[][] [] [][][] [] [][][][][][][][] []

Underfull \hbox (badness 10000) in paragraph at lines 62--63
[]|$[][] [] [][][][][][][] [] [][][][][] []

Underfull \hbox (badness 10000) in paragraph at lines 63--64
[]|$[][] [] [][][] [] [][][][][][][][] []

Underfull \hbox (badness 10000) in paragraph at lines 64--65
[]|$[][] [] [][][] [] [][][][][][][][] []

Underfull \hbox (badness 10000) in paragraph at lines 65--66
[]|$[][] [] [][][] [] [][][][][][][][] []

Underfull \hbox (badness 10000) in paragraph at lines 66--67
[]|$[][] [] [][][] [] [][][][][][][][] []

Underfull \hbox (badness 10000) in paragraph at lines 66--67
[][][][][] [] [][][][][][][] [] [][] []

Underfull \hbox (badness 1158) in paragraph at lines 67--67
[]|\TU/YuGothic(0)/m/n/10.95 上 位 速 度 計 画 の 補 間 と

Underfull \hbox (badness 10000) in paragraph at lines 67--68
[]|$[][] [] [][][] [] [][][][][][][][] []

Underfull \hbox (badness 10000) in paragraph at lines 67--68
[][][][][] [] [][][][][][] [] [][] []

Underfull \hbox (badness 10000) in paragraph at lines 68--69
[]|$[][] [] [][][] [] [][][][][][][][] []

Underfull \hbox (badness 10000) in paragraph at lines 69--70
[]|$[][] [] [][][] [] [][][][][][][][] []

Underfull \hbox (badness 10000) in paragraph at lines 69--70
[][][][][] [] [][][][][][] [] [][] []

Underfull \hbox (badness 10000) in paragraph at lines 70--71
[]|$[][] [] [][][] [] [][][][][][][][] []

Underfull \hbox (badness 10000) in paragraph at lines 71--71
[]|$[][][] [] [][][][][][][][] [] [][][][][] [] [][][][][] [] [][][][] []

Underfull \hbox (badness 10000) in paragraph at lines 71--72
[]|$[][] [] [][][] [] [][][][][][][][] []

Underfull \hbox (badness 10000) in paragraph at lines 71--72
[][][][][] [] [][][][][] [] [][][][] []

Underfull \hbox (badness 10000) in paragraph at lines 72--72
[]|$[][][] [] [][][][][][][][] [] [][][][][][][][][] [] [][][][] []

Underfull \hbox (badness 10000) in paragraph at lines 72--73
[]|$[][] [] [][][] [] [][][][][][][][] []

Underfull \hbox (badness 10000) in paragraph at lines 72--73
[][][][][][][][][] [] [][][][] []

Underfull \hbox (badness 10000) in paragraph at lines 73--74
[]|$[][] [] [][][] [] [][][][][][][][] []

Underfull \hbox (badness 10000) in paragraph at lines 73--74
[][][][][][][][] [] [][][][] [] [][] []

Underfull \hbox (badness 10000) in paragraph at lines 74--74
[]|$[][][] [] [][][][][][][][] [] [][][][][][][] [] [][][][][] []

Underfull \hbox (badness 10000) in paragraph at lines 74--75
[]|$[][] [] [][][] [] [][][][][][][][] []

Underfull \hbox (badness 10000) in paragraph at lines 74--75
[][][][][][][] [] [][][][][] []

Underfull \hbox (badness 10000) in paragraph at lines 75--75
[]|$[][][] [] [][][][][][][][] [] [][][][] [] [][][][][][][][][][] []

Underfull \hbox (badness 10000) in paragraph at lines 75--76
[]|$[][] [] [][][] [] [][][][][][][][] []

Underfull \hbox (badness 10000) in paragraph at lines 75--76
[][][][] [] [][][][][][][][][][] []

Underfull \hbox (badness 10000) in paragraph at lines 76--76
[]|$[][][] [] [][][][][][][][] [] [][][][][] [] [][][][][][][] []

Underfull \hbox (badness 10000) in paragraph at lines 76--77
[]|$[][] [] [][][] [] [][][][][][][][] []

Underfull \hbox (badness 10000) in paragraph at lines 76--77
[][][][][] [] [][][][][][][] []

Underfull \hbox (badness 10000) in paragraph at lines 77--77
[]|$[][][] [] [][][][][][][][] [] [][][][][] [] [][][][][][][] []

Underfull \hbox (badness 10000) in paragraph at lines 77--78
[]|$[][] [] [][][] [] [][][][][][][][] []

Underfull \hbox (badness 10000) in paragraph at lines 77--78
[][][][][] [] [][][][][][][] []

Underfull \hbox (badness 10000) in paragraph at lines 78--78
[]|$[][][] [] [][][][][][][][] [] [][][][][] [] [][][][][][][] []

Underfull \hbox (badness 10000) in paragraph at lines 78--79
[]|$[][] [] [][][] [] [][][][][][][][] []

Underfull \hbox (badness 10000) in paragraph at lines 78--79
[][][][][] [] [][][][][][][] []

Underfull \hbox (badness 10000) in paragraph at lines 79--79
[]|$[][][] [] [][][][][][][][] [] [][][][][] [] [][][][][][][][][] []

Underfull \hbox (badness 10000) in paragraph at lines 79--80
[]|$[][] [] [][][] [] [][][][][][][][] []

Underfull \hbox (badness 10000) in paragraph at lines 79--80
[][][][][] [] [][][][][][][][][] []

Underfull \hbox (badness 10000) in paragraph at lines 80--80
[]|$[][][] [] [][][][][][][][] [] [][][][][] [] [][][][][][][][][] []

Underfull \hbox (badness 10000) in paragraph at lines 80--81
[]|$[][] [] [][][] [] [][][][][][][][] []

Underfull \hbox (badness 10000) in paragraph at lines 80--81
[][][][][] [] [][][][][][][][][] []

Underfull \hbox (badness 10000) in paragraph at lines 81--81
[]|$[][][] [] [][][][][][][][] [] [][][][][] [] [][][][][][] [] [][][][] []

Underfull \hbox (badness 10000) in paragraph at lines 81--82
[]|$[][] [] [][][] [] [][][][][][][][] []

Underfull \hbox (badness 10000) in paragraph at lines 81--82
[][][][][] [] [][][][][][] [] [][][][] []

Underfull \hbox (badness 10000) in paragraph at lines 82--83
[]|$[][] [] [][][] [] [][][][][][][][] []

Underfull \hbox (badness 10000) in paragraph at lines 82--83
[][][][][][][][][] [] [][][][] [] [][] []

Underfull \hbox (badness 10000) in paragraph at lines 83--84
[]|$[][] [] [][][] [] [][][][][][][][] []

Underfull \hbox (badness 10000) in paragraph at lines 83--84
[][][] [] [][][] [] [][][][] [] [][] []

Underfull \hbox (badness 10000) in paragraph at lines 84--85
[]|$[][] [] [][][] [] [][][][][][][][] []

Underfull \hbox (badness 10000) in paragraph at lines 85--85
[]|$[][][][][][][] [] [][][][][] [] [][][][][][][] [] [][][][][][][][] []

Underfull \hbox (badness 10000) in paragraph at lines 85--86
[]|$[][] [] [][][][][][][] [] [][][][][] []

Underfull \hbox (badness 10000) in paragraph at lines 85--86
[][][][][][][] [] [][][][][][][][] []

Underfull \hbox (badness 10000) in paragraph at lines 86--86
[]|$[][][][][][][] [] [][][] [] [][][][][][][][][][][][][][] []

Underfull \hbox (badness 10000) in paragraph at lines 86--87
[]|$[][] [] [][][][][][][] [] [][][] []

Underfull \hbox (badness 10000) in paragraph at lines 86--87
[][][][][][][][][][][][][][] []

Underfull \hbox (badness 10000) in paragraph at lines 87--87
[]|$[][][][][][][] [] [][][] [] [][][][][][][] []

Underfull \hbox (badness 10000) in paragraph at lines 87--88
[]|$[][] [] [][][][][][][] []

Underfull \hbox (badness 10000) in paragraph at lines 87--88
[][][] [] [][][][][][][] []

Underfull \hbox (badness 10000) in paragraph at lines 87--88
[][][][][][][][][][][][][][] []

Underfull \hbox (badness 10000) in paragraph at lines 88--88
[]|$[][][][][][][] [] [][][][] [] [][][][][] [] [][][][][][][] []

Underfull \hbox (badness 10000) in paragraph at lines 88--89
[]|$[][] [] [][][][][][][] [] [][][][] []

Underfull \hbox (badness 10000) in paragraph at lines 88--89
[][][][][] [] [][][][][][][] []

Underfull \hbox (badness 10000) in paragraph at lines 89--89
[]|$[][][][][][][] [] [][][] [] [][][][][] [] [][][][][][] []

Underfull \hbox (badness 10000) in paragraph at lines 89--90
[]|$[][] [] [][][][][][][] [] [][][] []

Underfull \hbox (badness 10000) in paragraph at lines 89--90
[][][][][] [] [][][][][][] []

Underfull \hbox (badness 10000) in paragraph at lines 90--90
[]|$[][][][][][][] [] [][][] [] [][][][][] [] [][][][] []

Underfull \hbox (badness 10000) in paragraph at lines 90--91
[]|$[][] [] [][][][][][][] []

Underfull \hbox (badness 10000) in paragraph at lines 90--91
[][][] [] [][][][][] [] [][][][] []

Underfull \hbox (badness 10000) in paragraph at lines 91--91
[]|$[][][][][][][] [] [][][][][][][][] [] [][][] [] [][][][][] []

Underfull \hbox (badness 10000) in paragraph at lines 91--92
[]|$[][] [] [][][][][][][] []

Underfull \hbox (badness 10000) in paragraph at lines 91--92
[][][][][][][][] [] [][][] []

Underfull \hbox (badness 10000) in paragraph at lines 91--92
[][][][][] [] [][][][][][] []

Underfull \hbox (badness 10000) in paragraph at lines 92--92
[]|$[][][][][][][] [] [][][][][][][][] [] [][][] [] [][][][][][][] []

Underfull \hbox (badness 10000) in paragraph at lines 92--93
[]|$[][] [] [][][][][][][] []

Underfull \hbox (badness 10000) in paragraph at lines 92--93
[][][][][][][][] [] [][][] []

Underfull \hbox (badness 10000) in paragraph at lines 92--93
[][][][][][][] [] [][][][][][] []

Overfull \hbox (7.48232pt too wide) in alignment at lines 48--94
 [] [] [] [] 
ignored error: Infinite glue shrinkage found in box being split [1]
ignored error: Infinite glue shrinkage found in box being split [2] [3]
[4]
(C:\Users\user\OneDrive - 和歌山大学\ソーラー\エネマネ\solar_ws0129-main\docs\program_refere
nce_complete_20260729\build\program_reference_index\program_reference_index.aux
) )
(see the transcript file for additional information)
Output written on C:\Users\user\OneDrive - 和歌山大学\ソーラー\エネマネ\solar_ws0129-main\do
cs\program_reference_complete_20260729\build\program_reference_index\program_re
ference_index.pdf (4 pages).
Transcript written on "C:\Users\user\OneDrive - 和歌山大学\ソーラー\エネマネ\solar_ws0129-ma
in\docs\program_reference_complete_20260729\build\program_reference_index\progr
am_reference_index.log".

miktex-dvipdfmx: major issue: So far, you have not checked for MiKTeX updates.
xelatex: major issue: So far, you have not checked for MiKTeX updates.


===== xelatex pass 2 =====
This is XeTeX, Version 3.141592653-2.6-0.999997 (MiKTeX 25.12) (preloaded format=xelatex.fmt)
 restricted \write18 enabled.
entering extended mode

(C:/Users/user/OneDrive - 和歌山大学/ソーラー/エネマネ/solar_ws0129-main/docs/program_refere
nce_complete_20260729/tex/program_reference_index.tex
LaTeX2e <2025-11-01>
L3 programming layer <2025-12-24>
(C:\Users\user\AppData\Local\Programs\MiKTeX\tex/latex/base\article.cls
Document Class: article 2025/01/22 v1.4n Standard LaTeX document class
(C:\Users\user\AppData\Local\Programs\MiKTeX\tex/latex/base\size11.clo))
(C:\Users\user\AppData\Local\Programs\MiKTeX\tex/latex/geometry\geometry.sty
(C:\Users\user\AppData\Local\Programs\MiKTeX\tex/latex/graphics\keyval.sty)
(C:\Users\user\AppData\Local\Programs\MiKTeX\tex/generic/iftex\ifvtex.sty
(C:\Users\user\AppData\Local\Programs\MiKTeX\tex/generic/iftex\iftex.sty))
(C:\Users\user\AppData\Local\Programs\MiKTeX\tex/latex/geometry\geometry.cfg))
(C:\Users\user\AppData\Local\Programs\MiKTeX\tex/latex/fontspec\fontspec.sty
(C:\Users\user\AppData\Local\Programs\MiKTeX\tex/latex/l3packages/xparse\xparse
.sty (C:\Users\user\AppData\Local\Programs\MiKTeX\tex/latex/l3kernel\expl3.sty
(C:\Users\user\AppData\Local\Programs\MiKTeX\tex/latex/l3backend\l3backend-xete
x.def)))
(C:\Users\user\AppData\Local\Programs\MiKTeX\tex/latex/fontspec\fontspec-xetex.
sty (C:\Users\user\AppData\Local\Programs\MiKTeX\tex/latex/base\fontenc.sty)
(C:\Users\user\AppData\Local\Programs\MiKTeX\tex/latex/fontspec\fontspec.cfg)))
(C:\Users\user\AppData\Local\Programs\MiKTeX\tex/xelatex/xecjk\xeCJK.sty
(C:\Users\user\AppData\Local\Programs\MiKTeX\tex/latex/ctex\ctexhook.sty)
(C:\Users\user\AppData\Local\Programs\MiKTeX\tex/latex/l3packages/xtemplate\xte
mplate.sty)
(C:\Users\user\AppData\Local\Programs\MiKTeX\tex/xelatex/xecjk\xeCJK.cfg))
(C:\Users\user\AppData\Local\Programs\MiKTeX\tex/latex/booktabs\booktabs.sty)
(C:\Users\user\AppData\Local\Programs\MiKTeX\tex/latex/tools\longtable.sty)
(C:\Users\user\AppData\Local\Programs\MiKTeX\tex/latex/tools\tabularx.sty
(C:\Users\user\AppData\Local\Programs\MiKTeX\tex/latex/tools\array.sty))
(C:\Users\user\AppData\Local\Programs\MiKTeX\tex/latex/enumitem\enumitem.sty)
(C:\Users\user\AppData\Local\Programs\MiKTeX\tex/latex/hyperref\hyperref.sty
(C:\Users\user\AppData\Local\Programs\MiKTeX\tex/latex/kvsetkeys\kvsetkeys.sty)

(C:\Users\user\AppData\Local\Programs\MiKTeX\tex/generic/kvdefinekeys\kvdefinek
eys.sty)
(C:\Users\user\AppData\Local\Programs\MiKTeX\tex/generic/pdfescape\pdfescape.st
y (C:\Users\user\AppData\Local\Programs\MiKTeX\tex/generic/ltxcmds\ltxcmds.sty)

(C:\Users\user\AppData\Local\Programs\MiKTeX\tex/generic/pdftexcmds\pdftexcmds.
sty
(C:\Users\user\AppData\Local\Programs\MiKTeX\tex/generic/infwarerr\infwarerr.st
y))) (C:\Users\user\AppData\Local\Programs\MiKTeX\tex/latex/hycolor\hycolor.sty
) (C:\Users\user\AppData\Local\Programs\MiKTeX\tex/latex/hyperref\nameref.sty
(C:\Users\user\AppData\Local\Programs\MiKTeX\tex/latex/refcount\refcount.sty)
(C:\Users\user\AppData\Local\Programs\MiKTeX\tex/generic/gettitlestring\gettitl
estring.sty
(C:\Users\user\AppData\Local\Programs\MiKTeX\tex/latex/kvoptions\kvoptions.sty)
)) (C:\Users\user\AppData\Local\Programs\MiKTeX\tex/latex/etoolbox\etoolbox.sty
)
(C:\Users\user\AppData\Local\Programs\MiKTeX\tex/generic/stringenc\stringenc.st
y) (C:\Users\user\AppData\Local\Programs\MiKTeX\tex/latex/hyperref\pd1enc.def)
(C:\Users\user\AppData\Local\Programs\MiKTeX\tex/generic/intcalc\intcalc.sty)
(C:\Users\user\AppData\Local\Programs\MiKTeX\tex/latex/hyperref\puenc.def)
(C:\Users\user\AppData\Local\Programs\MiKTeX\tex/latex/url\url.sty)
(C:\Users\user\AppData\Local\Programs\MiKTeX\tex/generic/bitset\bitset.sty
(C:\Users\user\AppData\Local\Programs\MiKTeX\tex/generic/bigintcalc\bigintcalc.
sty)))
(C:\Users\user\AppData\Local\Programs\MiKTeX\tex/latex/hyperref\hxetex.def
(C:\Users\user\AppData\Local\Programs\MiKTeX\tex/latex/rerunfilecheck\rerunfile
check.sty
(C:\Users\user\AppData\Local\Programs\MiKTeX\tex/generic/uniquecounter\uniqueco
unter.sty)))
(C:\Users\user\OneDrive - 和歌山大学\ソーラー\エネマネ\solar_ws0129-main\docs\program_refere
nce_complete_20260729\build\program_reference_index\program_reference_index.aux
)
*geometry* driver: auto-detecting
*geometry* detected driver: xetex
(C:\Users\user\AppData\Local\Programs\MiKTeX\tex/latex/graphics\color.sty
(C:\Users\user\AppData\Local\Programs\MiKTeX\tex/latex/graphics-cfg\color.cfg)
(C:\Users\user\AppData\Local\Programs\MiKTeX\tex/latex/graphics-def\xetex.def)
(C:\Users\user\AppData\Local\Programs\MiKTeX\tex/latex/graphics\mathcolor.ltx))

(C:\Users\user\OneDrive - 和歌山大学\ソーラー\エネマネ\solar_ws0129-main\docs\program_refere
nce_complete_20260729\build\program_reference_index\program_reference_index.out
)
(C:\Users\user\OneDrive - 和歌山大学\ソーラー\エネマネ\solar_ws0129-main\docs\program_refere
nce_complete_20260729\build\program_reference_index\program_reference_index.out
)
Underfull \hbox (badness 10000) in paragraph at lines 53--54
[]|$[][] [] [][][][][][][][] [] [][][] []

Underfull \hbox (badness 10000) in paragraph at lines 54--55
[]|$[][] [] [][][][][][][] [] [][][][][] []

Underfull \hbox (badness 10000) in paragraph at lines 55--55
[]|$[][][][][][] [] [][][][][] [] [][][][] [] [][][][] [] [][][][] []

Underfull \hbox (badness 10000) in paragraph at lines 55--56
[]|$[][] [] [][][][][][] [] [][][][][] []

Underfull \hbox (badness 10000) in paragraph at lines 55--56
[][][][] [] [][][][] [] [][][][] []

Underfull \hbox (badness 10000) in paragraph at lines 56--56
[]|$[][][][][][] [] [][][][][] [] [][][][] [] [][][][] [] [][][][][][] []

Underfull \hbox (badness 10000) in paragraph at lines 56--57
[]|$[][] [] [][][][][][] [] [][][][][] []

Underfull \hbox (badness 10000) in paragraph at lines 56--57
[][][][] [] [][][][] [] [][][][][][] []

Underfull \hbox (badness 10000) in paragraph at lines 57--58
[]|$[][] [] [][][][][][] []

Underfull \hbox (badness 10000) in paragraph at lines 57--58
[][][][][][][][] [] [][][] []

Underfull \hbox (badness 10000) in paragraph at lines 58--58
[]|$[][][][][][] [] [][][][][] [] [][][][][][][][][][][] []

Underfull \hbox (badness 10000) in paragraph at lines 58--59
[]|$[][] [] [][][][][][] [] [][][][][] []

Underfull \hbox (badness 10000) in paragraph at lines 58--59
[][][][][][][][][][][] []

Underfull \hbox (badness 10000) in paragraph at lines 59--60
[]|$[][] [] [][][] [] [][][][][][][][] []

Underfull \hbox (badness 10000) in paragraph at lines 60--61
[]|$[][] [] [][][] [] [][][][][][][][] []

Underfull \hbox (badness 10000) in paragraph at lines 60--61
[][][][][] [] [][][][][][][] [] [][] []

Underfull \hbox (badness 10000) in paragraph at lines 61--62
[]|$[][] [] [][][] [] [][][][][][][][] []

Underfull \hbox (badness 10000) in paragraph at lines 62--63
[]|$[][] [] [][][][][][][] [] [][][][][] []

Underfull \hbox (badness 10000) in paragraph at lines 63--64
[]|$[][] [] [][][] [] [][][][][][][][] []

Underfull \hbox (badness 10000) in paragraph at lines 64--65
[]|$[][] [] [][][] [] [][][][][][][][] []

Underfull \hbox (badness 10000) in paragraph at lines 65--66
[]|$[][] [] [][][] [] [][][][][][][][] []

Underfull \hbox (badness 10000) in paragraph at lines 66--67
[]|$[][] [] [][][] [] [][][][][][][][] []

Underfull \hbox (badness 10000) in paragraph at lines 66--67
[][][][][] [] [][][][][][][] [] [][] []

Underfull \hbox (badness 1158) in paragraph at lines 67--67
[]|\TU/YuGothic(0)/m/n/10.95 上 位 速 度 計 画 の 補 間 と

Underfull \hbox (badness 10000) in paragraph at lines 67--68
[]|$[][] [] [][][] [] [][][][][][][][] []

Underfull \hbox (badness 10000) in paragraph at lines 67--68
[][][][][] [] [][][][][][] [] [][] []

Underfull \hbox (badness 10000) in paragraph at lines 68--69
[]|$[][] [] [][][] [] [][][][][][][][] []

Underfull \hbox (badness 10000) in paragraph at lines 69--70
[]|$[][] [] [][][] [] [][][][][][][][] []

Underfull \hbox (badness 10000) in paragraph at lines 69--70
[][][][][] [] [][][][][][] [] [][] []

Underfull \hbox (badness 10000) in paragraph at lines 70--71
[]|$[][] [] [][][] [] [][][][][][][][] []

Underfull \hbox (badness 10000) in paragraph at lines 71--71
[]|$[][][] [] [][][][][][][][] [] [][][][][] [] [][][][][] [] [][][][] []

Underfull \hbox (badness 10000) in paragraph at lines 71--72
[]|$[][] [] [][][] [] [][][][][][][][] []

Underfull \hbox (badness 10000) in paragraph at lines 71--72
[][][][][] [] [][][][][] [] [][][][] []

Underfull \hbox (badness 10000) in paragraph at lines 72--72
[]|$[][][] [] [][][][][][][][] [] [][][][][][][][][] [] [][][][] []

Underfull \hbox (badness 10000) in paragraph at lines 72--73
[]|$[][] [] [][][] [] [][][][][][][][] []

Underfull \hbox (badness 10000) in paragraph at lines 72--73
[][][][][][][][][] [] [][][][] []

Underfull \hbox (badness 10000) in paragraph at lines 73--74
[]|$[][] [] [][][] [] [][][][][][][][] []

Underfull \hbox (badness 10000) in paragraph at lines 73--74
[][][][][][][][] [] [][][][] [] [][] []

Underfull \hbox (badness 10000) in paragraph at lines 74--74
[]|$[][][] [] [][][][][][][][] [] [][][][][][][] [] [][][][][] []

Underfull \hbox (badness 10000) in paragraph at lines 74--75
[]|$[][] [] [][][] [] [][][][][][][][] []

Underfull \hbox (badness 10000) in paragraph at lines 74--75
[][][][][][][] [] [][][][][] []

Underfull \hbox (badness 10000) in paragraph at lines 75--75
[]|$[][][] [] [][][][][][][][] [] [][][][] [] [][][][][][][][][][] []

Underfull \hbox (badness 10000) in paragraph at lines 75--76
[]|$[][] [] [][][] [] [][][][][][][][] []

Underfull \hbox (badness 10000) in paragraph at lines 75--76
[][][][] [] [][][][][][][][][][] []

Underfull \hbox (badness 10000) in paragraph at lines 76--76
[]|$[][][] [] [][][][][][][][] [] [][][][][] [] [][][][][][][] []

Underfull \hbox (badness 10000) in paragraph at lines 76--77
[]|$[][] [] [][][] [] [][][][][][][][] []

Underfull \hbox (badness 10000) in paragraph at lines 76--77
[][][][][] [] [][][][][][][] []

Underfull \hbox (badness 10000) in paragraph at lines 77--77
[]|$[][][] [] [][][][][][][][] [] [][][][][] [] [][][][][][][] []

Underfull \hbox (badness 10000) in paragraph at lines 77--78
[]|$[][] [] [][][] [] [][][][][][][][] []

Underfull \hbox (badness 10000) in paragraph at lines 77--78
[][][][][] [] [][][][][][][] []

Underfull \hbox (badness 10000) in paragraph at lines 78--78
[]|$[][][] [] [][][][][][][][] [] [][][][][] [] [][][][][][][] []

Underfull \hbox (badness 10000) in paragraph at lines 78--79
[]|$[][] [] [][][] [] [][][][][][][][] []

Underfull \hbox (badness 10000) in paragraph at lines 78--79
[][][][][] [] [][][][][][][] []

Underfull \hbox (badness 10000) in paragraph at lines 79--79
[]|$[][][] [] [][][][][][][][] [] [][][][][] [] [][][][][][][][][] []

Underfull \hbox (badness 10000) in paragraph at lines 79--80
[]|$[][] [] [][][] [] [][][][][][][][] []

Underfull \hbox (badness 10000) in paragraph at lines 79--80
[][][][][] [] [][][][][][][][][] []

Underfull \hbox (badness 10000) in paragraph at lines 80--80
[]|$[][][] [] [][][][][][][][] [] [][][][][] [] [][][][][][][][][] []

Underfull \hbox (badness 10000) in paragraph at lines 80--81
[]|$[][] [] [][][] [] [][][][][][][][] []

Underfull \hbox (badness 10000) in paragraph at lines 80--81
[][][][][] [] [][][][][][][][][] []

Underfull \hbox (badness 10000) in paragraph at lines 81--81
[]|$[][][] [] [][][][][][][][] [] [][][][][] [] [][][][][][] [] [][][][] []

Underfull \hbox (badness 10000) in paragraph at lines 81--82
[]|$[][] [] [][][] [] [][][][][][][][] []

Underfull \hbox (badness 10000) in paragraph at lines 81--82
[][][][][] [] [][][][][][] [] [][][][] []

Underfull \hbox (badness 10000) in paragraph at lines 82--83
[]|$[][] [] [][][] [] [][][][][][][][] []

Underfull \hbox (badness 10000) in paragraph at lines 82--83
[][][][][][][][][] [] [][][][] [] [][] []

Underfull \hbox (badness 10000) in paragraph at lines 83--84
[]|$[][] [] [][][] [] [][][][][][][][] []

Underfull \hbox (badness 10000) in paragraph at lines 83--84
[][][] [] [][][] [] [][][][] [] [][] []

Underfull \hbox (badness 10000) in paragraph at lines 84--85
[]|$[][] [] [][][] [] [][][][][][][][] []

Underfull \hbox (badness 10000) in paragraph at lines 85--85
[]|$[][][][][][][] [] [][][][][] [] [][][][][][][] [] [][][][][][][][] []

Underfull \hbox (badness 10000) in paragraph at lines 85--86
[]|$[][] [] [][][][][][][] [] [][][][][] []

Underfull \hbox (badness 10000) in paragraph at lines 85--86
[][][][][][][] [] [][][][][][][][] []

Underfull \hbox (badness 10000) in paragraph at lines 86--86
[]|$[][][][][][][] [] [][][] [] [][][][][][][][][][][][][][] []

Underfull \hbox (badness 10000) in paragraph at lines 86--87
[]|$[][] [] [][][][][][][] [] [][][] []

Underfull \hbox (badness 10000) in paragraph at lines 86--87
[][][][][][][][][][][][][][] []

Underfull \hbox (badness 10000) in paragraph at lines 87--87
[]|$[][][][][][][] [] [][][] [] [][][][][][][] []

Underfull \hbox (badness 10000) in paragraph at lines 87--88
[]|$[][] [] [][][][][][][] []

Underfull \hbox (badness 10000) in paragraph at lines 87--88
[][][] [] [][][][][][][] []

Underfull \hbox (badness 10000) in paragraph at lines 87--88
[][][][][][][][][][][][][][] []

Underfull \hbox (badness 10000) in paragraph at lines 88--88
[]|$[][][][][][][] [] [][][][] [] [][][][][] [] [][][][][][][] []

Underfull \hbox (badness 10000) in paragraph at lines 88--89
[]|$[][] [] [][][][][][][] [] [][][][] []

Underfull \hbox (badness 10000) in paragraph at lines 88--89
[][][][][] [] [][][][][][][] []

Underfull \hbox (badness 10000) in paragraph at lines 89--89
[]|$[][][][][][][] [] [][][] [] [][][][][] [] [][][][][][] []

Underfull \hbox (badness 10000) in paragraph at lines 89--90
[]|$[][] [] [][][][][][][] [] [][][] []

Underfull \hbox (badness 10000) in paragraph at lines 89--90
[][][][][] [] [][][][][][] []

Underfull \hbox (badness 10000) in paragraph at lines 90--90
[]|$[][][][][][][] [] [][][] [] [][][][][] [] [][][][] []

Underfull \hbox (badness 10000) in paragraph at lines 90--91
[]|$[][] [] [][][][][][][] []

Underfull \hbox (badness 10000) in paragraph at lines 90--91
[][][] [] [][][][][] [] [][][][] []

Underfull \hbox (badness 10000) in paragraph at lines 91--91
[]|$[][][][][][][] [] [][][][][][][][] [] [][][] [] [][][][][] []

Underfull \hbox (badness 10000) in paragraph at lines 91--92
[]|$[][] [] [][][][][][][] []

Underfull \hbox (badness 10000) in paragraph at lines 91--92
[][][][][][][][] [] [][][] []

Underfull \hbox (badness 10000) in paragraph at lines 91--92
[][][][][] [] [][][][][][] []

Underfull \hbox (badness 10000) in paragraph at lines 92--92
[]|$[][][][][][][] [] [][][][][][][][] [] [][][] [] [][][][][][][] []

Underfull \hbox (badness 10000) in paragraph at lines 92--93
[]|$[][] [] [][][][][][][] []

Underfull \hbox (badness 10000) in paragraph at lines 92--93
[][][][][][][][] [] [][][] []

Underfull \hbox (badness 10000) in paragraph at lines 92--93
[][][][][][][] [] [][][][][][] []

Overfull \hbox (7.48232pt too wide) in alignment at lines 48--94
 [] [] [] [] 
ignored error: Infinite glue shrinkage found in box being split [1]
ignored error: Infinite glue shrinkage found in box being split [2] [3]
[4]
(C:\Users\user\OneDrive - 和歌山大学\ソーラー\エネマネ\solar_ws0129-main\docs\program_refere
nce_complete_20260729\build\program_reference_index\program_reference_index.aux
) )
(see the transcript file for additional information)
Output written on C:\Users\user\OneDrive - 和歌山大学\ソーラー\エネマネ\solar_ws0129-main\do
cs\program_reference_complete_20260729\build\program_reference_index\program_re
ference_index.pdf (4 pages).
Transcript written on "C:\Users\user\OneDrive - 和歌山大学\ソーラー\エネマネ\solar_ws0129-ma
in\docs\program_reference_complete_20260729\build\program_reference_index\progr
am_reference_index.log".

miktex-dvipdfmx: major issue: So far, you have not checked for MiKTeX updates.
xelatex: major issue: So far, you have not checked for MiKTeX updates.

