\BOOKMARK [1][-]{section.1}{\376\377\060\327\060\355\060\260\060\351\060\340\060\001\060\327\060\355\060\273\060\271\060\001\060\341\060\342\060\352\060\001\060\252\060\326\060\270\060\247\060\257\060\310\060\222\123\072\122\045\060\131\060\213}{}% 1
\BOOKMARK [1][-]{section.2}{\376\377\124\015\122\115\060\001\116\343\121\145\060\001\127\213\060\001\123\302\161\147}{}% 2
\BOOKMARK [1][-]{section.3}{\376\377\225\242\145\160\060\001\137\025\145\160\060\001\142\073\060\212\120\044\060\001\060\271\060\263\060\374\060\327}{}% 3
\BOOKMARK [1][-]{section.4}{\376\377\000c\000l\000a\000s\000s\060\001\162\354\201\352\060\257\060\351\060\271\060\001\060\244\060\363\060\271\060\277\060\363\060\271\060\001\000s\000e\000l\000f\060\001\175\231\142\177}{}% 4
\BOOKMARK [1][-]{section.5}{\376\377\121\110\230\055\060\242\060\363\060\300\060\374\060\271\060\263\060\242\060\001\000\137\000\137\000i\000n\000i\000t\000\137\000\137\060\001\124\015\122\115\116\330\060\121\060\156\117\134\154\325}{}% 5
\BOOKMARK [1][-]{section.6}{\376\377\060\307\060\263\060\354\060\374\060\277\060\150\000@\000d\000a\000t\000a\000c\000l\000a\000s\000s}{}% 6
\BOOKMARK [1][-]{section.7}{\376\377\000m\000o\000d\000u\000l\000e\060\001\000p\000a\000c\000k\000a\000g\000e\060\001\000i\000m\000p\000o\000r\000t\060\001\000c\000o\000n\000s\000o\000l\000e\000\137\000s\000c\000r\000i\000p\000t\000s}{}% 7
\BOOKMARK [1][-]{section.8}{\376\377\117\213\131\026\060\001\000t\000r\000y\000/\000f\000i\000n\000a\000l\000l\000y\060\001\000w\000i\000t\000h\060\001\214\307\156\220\211\343\145\076}{}% 8
\BOOKMARK [1][-]{section.9}{\376\377\000l\000i\000s\000t\060\001\000d\000i\000c\000t\060\001\000d\000e\000q\000u\000e\060\001\000N\000u\000m\000P\000y\221\115\122\027\060\001\000p\000a\000n\000d\000a\000s\000\040\000D\000a\000t\000a\000F\000r\000a\000m\000e}{}% 9
\BOOKMARK [1][-]{section.10}{\376\377\000C\000L\000I\060\001\000P\000o\000w\000e\000r\000S\000h\000e\000l\000l\060\001\000B\000a\000s\000h\060\001\164\260\130\203\131\011\145\160\060\001\175\102\116\206\060\263\060\374\060\311}{}% 10
\BOOKMARK [1][-]{section.11}{\376\377\000r\000c\000l\000p\000y\060\001\000r\000c\000l\060\001\000r\000m\000w\060\001\000D\000D\000S\000/\000R\000T\000P\000S\060\156\134\144}{}% 11
\BOOKMARK [1][-]{section.12}{\376\377\000R\000O\000S\000\040\000g\000r\000a\000p\000h\060\001\000N\000o\000d\000e\060\001\000t\000o\000p\000i\000c\060\001\000s\000e\000r\000v\000i\000c\000e\060\001\000a\000c\000t\000i\000o\000n\060\001\000p\000a\000r\000a\000m\000e\000t\000e\000r}{}% 12
\BOOKMARK [1][-]{section.13}{\376\377\000c\000a\000l\000l\000b\000a\000c\000k\060\001\000t\000i\000m\000e\000r\060\001\000E\000x\000e\000c\000u\000t\000o\000r\060\001\000s\000p\000i\000n\060\001\000C\000a\000l\000l\000b\000a\000c\000k\000\040\000G\000r\000o\000u\000p}{}% 13
\BOOKMARK [1][-]{section.14}{\376\377\000l\000a\000u\000n\000c\000h\000\040\000A\000c\000t\000i\000o\000n\060\001\000N\000o\000d\000e\000\040\000A\000c\000t\000i\000o\000n\060\001\133\237\210\114\123\357\200\375\124\015\060\001\000r\000e\000m\000a\000p\000p\000i\000n\000g}{}% 14
\BOOKMARK [1][-]{section.15}{\376\377\000r\000q\000t\000\137\000g\000r\000a\000p\000h\060\001\000r\000o\000s\0002\000\040\000C\000L\000I\060\001\000r\000o\000s\000b\000a\000g\0002\060\222\060\104\060\144\117\177\060\106\060\113}{}% 15
\BOOKMARK [1][-]{section.16}{\376\377\122\066\137\241\060\001\162\266\141\113\060\001\121\145\122\233\060\001\060\342\060\307\060\353\116\210\156\054\122\066\137\241\000M\000P\000C}{}% 16
\BOOKMARK [1][-]{section.17}{\376\377\116\012\117\115\000M\000P\000C\060\150\116\013\117\115\000M\000P\000C\060\156\137\171\122\162}{}% 17
\BOOKMARK [1][-]{section.18}{\376\377\166\356\166\204\225\242\145\160\060\001\122\066\175\004\060\001\000L\000-\000B\000F\000G\000S\000-\000B\060\001\000S\000H\000G\000O\060\001\147\011\226\120\000g\000r\000i\000d\212\074\146\016}{}% 18
\BOOKMARK [1][-]{section.19}{\376\377\000C\000r\000o\000s\000s\000-\000E\000n\000t\000r\000o\000p\000y\000\040\000M\000e\000t\000h\000o\000d\060\222\137\017\060\150\133\237\210\305\060\147\164\006\211\343\060\131\060\213}{}% 19
\BOOKMARK [1][-]{section.20}{\376\377\000w\000a\000r\000m\000\040\000s\000t\000a\000r\000t\060\157\117\125\060\222\117\335\133\130\060\127\060\001\060\151\060\106\122\271\060\117\060\113}{}% 20
\BOOKMARK [1][-]{section.21}{\376\377\216\312\116\041\122\233\133\146\060\001\226\373\122\233\123\316\145\057\060\001\122\271\163\207\000m\000a\000p}{}% 21
\BOOKMARK [1][-]{section.22}{\376\377\000S\000o\000C\060\001\121\205\220\350\142\265\142\227\060\001\172\357\133\120\226\373\127\047\060\001\156\051\136\246\060\001\000M\000H\000E}{}% 22
\BOOKMARK [1][-]{section.23}{\376\377\131\051\120\031\060\001\000r\000o\000u\000t\000e\060\001\210\334\225\223\060\001\146\102\122\073\060\001\123\130\117\115}{}% 23
\BOOKMARK [1][-]{section.24}{\376\377\000f\000r\000e\000s\000h\000n\000e\000s\000s\060\001\000f\000i\000l\000t\000e\000r\060\001\000g\000u\000a\000r\000d\060\001\000f\000a\000l\000l\000b\000a\000c\000k\060\001\000f\000a\000i\000l\000-\000s\000a\000f\000e}{}% 24
\BOOKMARK [1][-]{section.25}{\376\377\000C\000S\000V\000/\000Y\000A\000M\000L\060\156\000d\000a\000t\000a\000\040\000c\000o\000n\000t\000r\000a\000c\000t\060\150\151\034\212\074}{}% 25
\BOOKMARK [1][-]{section.26}{\376\377\123\130\117\123\212\146\232\023\060\001\000S\000I\000L\000S\060\001\000r\000e\000p\000l\000a\000y\060\001\211\263\156\054\123\357\200\375\140\047}{}% 26
