===== xelatex pass 1 =====
This is XeTeX, Version 3.141592653-2.6-0.999997 (MiKTeX 25.12) (preloaded format=xelatex.fmt)
 restricted \write18 enabled.
entering extended mode

(C:/Users/user/OneDrive - 和歌山大学/ソーラー/エネマネ/solar_ws0129-main/docs/program_refere
nce_complete_20260729/tex/30_mpc_solarcar_dashboard_node_py.tex
LaTeX2e <2025-11-01>
L3 programming layer <2025-12-24>
(C:\Users\user\AppData\Local\Programs\MiKTeX\tex/latex/base\article.cls
Document Class: article 2025/01/22 v1.4n Standard LaTeX document class
(C:\Users\user\AppData\Local\Programs\MiKTeX\tex/latex/base\size11.clo))
(C:\Users\user\AppData\Local\Programs\MiKTeX\tex/latex/geometry\geometry.sty
(C:\Users\user\AppData\Local\Programs\MiKTeX\tex/latex/graphics\keyval.sty)
(C:\Users\user\AppData\Local\Programs\MiKTeX\tex/generic/iftex\ifvtex.sty
(C:\Users\user\AppData\Local\Programs\MiKTeX\tex/generic/iftex\iftex.sty))
(C:\Users\user\AppData\Local\Programs\MiKTeX\tex/latex/geometry\geometry.cfg))
(C:\Users\user\AppData\Local\Programs\MiKTeX\tex/latex/fontspec\fontspec.sty
(C:\Users\user\AppData\Local\Programs\MiKTeX\tex/latex/l3packages/xparse\xparse
.sty (C:\Users\user\AppData\Local\Programs\MiKTeX\tex/latex/l3kernel\expl3.sty
(C:\Users\user\AppData\Local\Programs\MiKTeX\tex/latex/l3backend\l3backend-xete
x.def)))
(C:\Users\user\AppData\Local\Programs\MiKTeX\tex/latex/fontspec\fontspec-xetex.
sty (C:\Users\user\AppData\Local\Programs\MiKTeX\tex/latex/base\fontenc.sty)
(C:\Users\user\AppData\Local\Programs\MiKTeX\tex/latex/fontspec\fontspec.cfg)))
(C:\Users\user\AppData\Local\Programs\MiKTeX\tex/xelatex/xecjk\xeCJK.sty
(C:\Users\user\AppData\Local\Programs\MiKTeX\tex/latex/ctex\ctexhook.sty)
(C:\Users\user\AppData\Local\Programs\MiKTeX\tex/latex/l3packages/xtemplate\xte
mplate.sty)
(C:\Users\user\AppData\Local\Programs\MiKTeX\tex/xelatex/xecjk\xeCJK.cfg))
(C:\Users\user\AppData\Local\Programs\MiKTeX\tex/latex/booktabs\booktabs.sty)
(C:\Users\user\AppData\Local\Programs\MiKTeX\tex/latex/tools\longtable.sty)
(C:\Users\user\AppData\Local\Programs\MiKTeX\tex/latex/tools\tabularx.sty
(C:\Users\user\AppData\Local\Programs\MiKTeX\tex/latex/tools\array.sty))
(C:\Users\user\AppData\Local\Programs\MiKTeX\tex/latex/enumitem\enumitem.sty)
(C:\Users\user\AppData\Local\Programs\MiKTeX\tex/latex/hyperref\hyperref.sty
(C:\Users\user\AppData\Local\Programs\MiKTeX\tex/latex/kvsetkeys\kvsetkeys.sty)

(C:\Users\user\AppData\Local\Programs\MiKTeX\tex/generic/kvdefinekeys\kvdefinek
eys.sty)
(C:\Users\user\AppData\Local\Programs\MiKTeX\tex/generic/pdfescape\pdfescape.st
y (C:\Users\user\AppData\Local\Programs\MiKTeX\tex/generic/ltxcmds\ltxcmds.sty)

(C:\Users\user\AppData\Local\Programs\MiKTeX\tex/generic/pdftexcmds\pdftexcmds.
sty
(C:\Users\user\AppData\Local\Programs\MiKTeX\tex/generic/infwarerr\infwarerr.st
y))) (C:\Users\user\AppData\Local\Programs\MiKTeX\tex/latex/hycolor\hycolor.sty
) (C:\Users\user\AppData\Local\Programs\MiKTeX\tex/latex/hyperref\nameref.sty
(C:\Users\user\AppData\Local\Programs\MiKTeX\tex/latex/refcount\refcount.sty)
(C:\Users\user\AppData\Local\Programs\MiKTeX\tex/generic/gettitlestring\gettitl
estring.sty
(C:\Users\user\AppData\Local\Programs\MiKTeX\tex/latex/kvoptions\kvoptions.sty)
)) (C:\Users\user\AppData\Local\Programs\MiKTeX\tex/latex/etoolbox\etoolbox.sty
)
(C:\Users\user\AppData\Local\Programs\MiKTeX\tex/generic/stringenc\stringenc.st
y) (C:\Users\user\AppData\Local\Programs\MiKTeX\tex/latex/hyperref\pd1enc.def)
(C:\Users\user\AppData\Local\Programs\MiKTeX\tex/generic/intcalc\intcalc.sty)
(C:\Users\user\AppData\Local\Programs\MiKTeX\tex/latex/hyperref\puenc.def)
(C:\Users\user\AppData\Local\Programs\MiKTeX\tex/latex/url\url.sty)
(C:\Users\user\AppData\Local\Programs\MiKTeX\tex/generic/bitset\bitset.sty
(C:\Users\user\AppData\Local\Programs\MiKTeX\tex/generic/bigintcalc\bigintcalc.
sty)))
(C:\Users\user\AppData\Local\Programs\MiKTeX\tex/latex/hyperref\hxetex.def
(C:\Users\user\AppData\Local\Programs\MiKTeX\tex/latex/rerunfilecheck\rerunfile
check.sty
(C:\Users\user\AppData\Local\Programs\MiKTeX\tex/generic/uniquecounter\uniqueco
unter.sty)))
(C:\Users\user\AppData\Local\Programs\MiKTeX\tex/latex/listings\listings.sty
(C:\Users\user\AppData\Local\Programs\MiKTeX\tex/latex/listings\lstpatch.sty)
(C:\Users\user\AppData\Local\Programs\MiKTeX\tex/latex/listings\lstmisc.sty)
(C:\Users\user\AppData\Local\Programs\MiKTeX\tex/latex/listings\listings.cfg))
(C:\Users\user\AppData\Local\Programs\MiKTeX\tex/xelatex/xecjk\xeCJK-listings.s
ty)
==> First Aid for listings.sty no longer applied!
    Expected:
        2024/09/23 1.10c (Carsten Heinz)
    but found:
        2025/11/14 1.11b (Carsten Heinz)
    so I'm assuming it got fixed.
(C:\Users\user\AppData\Local\Programs\MiKTeX\tex/latex/xcolor\xcolor.sty
(C:\Users\user\AppData\Local\Programs\MiKTeX\tex/latex/graphics-cfg\color.cfg)
(C:\Users\user\AppData\Local\Programs\MiKTeX\tex/latex/graphics-def\xetex.def)
(C:\Users\user\AppData\Local\Programs\MiKTeX\tex/latex/graphics\mathcolor.ltx))
 (C:\Users\user\AppData\Local\Programs\MiKTeX\tex/latex/amsmath\amsmath.sty
For additional information on amsmath, use the `?' option.
(C:\Users\user\AppData\Local\Programs\MiKTeX\tex/latex/amsmath\amstext.sty
(C:\Users\user\AppData\Local\Programs\MiKTeX\tex/latex/amsmath\amsgen.sty))
(C:\Users\user\AppData\Local\Programs\MiKTeX\tex/latex/amsmath\amsbsy.sty)
(C:\Users\user\AppData\Local\Programs\MiKTeX\tex/latex/amsmath\amsopn.sty))
(C:\Users\user\AppData\Local\Programs\MiKTeX\tex/latex/amsfonts\amssymb.sty
(C:\Users\user\AppData\Local\Programs\MiKTeX\tex/latex/amsfonts\amsfonts.sty))
(C:\Users\user\OneDrive - 和歌山大学\ソーラー\エネマネ\solar_ws0129-main\docs\program_refere
nce_complete_20260729\build\30_mpc_solarcar_dashboard_node_py\30_mpc_solarcar_d
ashboard_node_py.aux)
*geometry* driver: auto-detecting
*geometry* detected driver: xetex

(C:\Users\user\OneDrive - 和歌山大学\ソーラー\エネマネ\solar_ws0129-main\docs\program_refere
nce_complete_20260729\build\30_mpc_solarcar_dashboard_node_py\30_mpc_solarcar_d
ashboard_node_py.out)
(C:\Users\user\OneDrive - 和歌山大学\ソーラー\エネマネ\solar_ws0129-main\docs\program_refere
nce_complete_20260729\build\30_mpc_solarcar_dashboard_node_py\30_mpc_solarcar_d
ashboard_node_py.out)
(C:\Users\user\AppData\Local\Programs\MiKTeX\tex/latex/amsfonts\umsa.fd)
(C:\Users\user\AppData\Local\Programs\MiKTeX\tex/latex/amsfonts\umsb.fd)
(C:\Users\user\OneDrive - 和歌山大学\ソーラー\エネマネ\solar_ws0129-main\docs\program_refere
nce_complete_20260729\build\30_mpc_solarcar_dashboard_node_py\30_mpc_solarcar_d
ashboard_node_py.toc [1]) [2] [3]
(C:\Users\user\AppData\Local\Programs\MiKTeX\tex/latex/listings\lstlang1.sty)
[4]
Underfull \hbox (badness 10000) in paragraph at lines 138--138
[]|$[][][] [] [][][][][][][][][][] []
ignored error: Infinite glue shrinkage found in box being split [5]
Underfull \hbox (badness 10000) in paragraph at lines 191--191
[]|$[][][][][][][][] []

Overfull \hbox (56.12073pt too wide) in paragraph at lines 191--191
[][][][][][][][][][][][][][][][][][][][][][][][][][][][][][][][][][][][] [][]

Underfull \hbox (badness 10000) in paragraph at lines 194--194
[]|$[][][][][][][] [] [][][][] []

Underfull \hbox (badness 10000) in paragraph at lines 194--194
[][][][][][][][][][][][][][][][] [][]

Underfull \hbox (badness 10000) in paragraph at lines 195--195
[]|$[][][][][][][][][][] [] [][][][] []

Underfull \hbox (badness 10000) in paragraph at lines 197--197
[]|$[][][][][][][][][] [] [][][][][] [] [][][][][][] []

Underfull \hbox (badness 10000) in paragraph at lines 197--197
[][][][][][][][][][][][][][][][][] [] [][][][][][][] []

Underfull \hbox (badness 10000) in paragraph at lines 197--198
[]|\TU/TimesNewRoman(0)/m/n/10.95 ament_index_python.packages \TU/YuGothic(0)/m
/n/10.95 か ら

Underfull \hbox (badness 1817) in paragraph at lines 197--198
\TU/TimesNewRoman(0)/m/n/10.95 get_package_share_directory \TU/YuGothic(0)/m/n/
10.95 を 読 み 込 み、|  こ の フ
ignored error: Infinite glue shrinkage found in box being split [6]

LaTeX Font Warning: Font shape `TU/YuGothic(0)/m/it' undefined
(Font)              using `TU/YuGothic(0)/m/n' instead on input line 220.

[7] [8] [9]
(C:\Users\user\AppData\Local\Programs\MiKTeX\tex/latex/listings\lstlang1.sty)
(C:\Users\user\AppData\Local\Programs\MiKTeX\tex/latex/listings\lstlang1.sty)
[10] [11] [12] [13]
Overfull \hbox (5.54114pt too wide) in paragraph at lines 576--577
[]\TU/YuGothic(0)/m/n/10.95 こ の ブ ロ ッ ク が 直 接 呼 ぶ 主 な 関 数  |・|  メ ソ ッ ド\TU/Time
sNewRoman(0)/m/n/10.95 : _send_json, _send_metrics, do_GET, get_prometheus_metr
ics,
[14] [15] [16] [17] [18]
Underfull \hbox (badness 2547) in paragraph at lines 802--803
\TU/TimesNewRoman(0)/m/n/10.95 self._on_health, self._on_ibatt, self._on_lower_
plan, self._on_metrics, self._on_mpc_state, self._on_path,

Underfull \hbox (badness 7704) in paragraph at lines 802--803
\TU/TimesNewRoman(0)/m/n/10.95 self._on_sys_state, self._on_tb, self._on_thrott
le_cmd, self._on_upper_plan, self._on_upper_speed_cmd,

Overfull \hbox (1.29622pt too wide) in paragraph at lines 829--830
[]\TU/TimesNewRoman(0)/m/n/10.95 self._state \TU/YuGothic(0)/m/n/10.95 に \TU/Ti
mesNewRoman(0)/m/n/10.95 {’ts’: time.time(), ’speed_cmd_kmh’: None, ’upper_spee
d_cmd_kmh’: None, ’speed_meas_kmh’:
[19] [20] [21] [22] [23]
Underfull \hbox (badness 2213) in paragraph at lines 1002--1003
[]\TU/TimesNewRoman(0)/m/n/10.95 metric_keys \TU/YuGothic(0)/m/n/10.95 に \TU/Ti
mesNewRoman(0)/m/n/10.95 {’speed_cmd_kmh’: (’solarcar_speed_command_kmh’, ’Lowe
r speed command’), ’up-

Underfull \hbox (badness 10000) in paragraph at lines 1002--1003
\TU/TimesNewRoman(0)/m/n/10.95 per_speed_cmd_kmh’: (’solarcar_speed_upper_comma
nd_kmh’, ’Upper planner speed command’),

Underfull \hbox (badness 2980) in paragraph at lines 1002--1003
\TU/TimesNewRoman(0)/m/n/10.95 ’speed_meas_kmh’: (’solarcar_speed_measured_kmh’
, ’Measured vehicle speed’), ’model_speed_kmh’:

Underfull \hbox (badness 4403) in paragraph at lines 1002--1003
\TU/TimesNewRoman(0)/m/n/10.95 (’solarcar_speed_model_kmh’, ’Speed used for pla
nner model metrics’), ’throttle_cmd_pct’: (’solar-

Underfull \hbox (badness 10000) in paragraph at lines 1002--1003
\TU/TimesNewRoman(0)/m/n/10.95 ’Selected battery state of charge’), ’soc_meas’:
 (’solarcar_battery_soc_measured_ratio’, ’Measured

Underfull \hbox (badness 5288) in paragraph at lines 1002--1003
\TU/TimesNewRoman(0)/m/n/10.95 battery state of charge’), ’soc_est’: (’solarcar
_battery_soc_estimated_ratio’, ’Estimated battery state

Underfull \hbox (badness 4805) in paragraph at lines 1002--1003
\TU/TimesNewRoman(0)/m/n/10.95 of charge’), ’Tb_C’: (’solarcar_battery_temperat
ure_celsius’, ’Battery temperature’), ’s_km’: (’solar-

Underfull \hbox (badness 2941) in paragraph at lines 1002--1003
\TU/TimesNewRoman(0)/m/n/10.95 car_distance_km’, ’Race distance’), ’batt_curren
t_a’: (’solarcar_battery_current_ampere’, ’Battery cur-

Overfull \hbox (2.00479pt too wide) in paragraph at lines 1002--1003
\TU/TimesNewRoman(0)/m/n/10.95 car_irradiance_poa_watt_per_m2’, ’Plane-of-array
 irradiance’), ’Tcell_C’: (’solarcar_cell_temperature_celsius’,

Underfull \hbox (badness 10000) in paragraph at lines 1002--1003
\TU/TimesNewRoman(0)/m/n/10.95 ’PV cell temperature’), ’Tamb_C’: (’solarcar_amb
ient_temperature_celsius’, ’Ambient temperature’),

Underfull \hbox (badness 4328) in paragraph at lines 1002--1003
\TU/TimesNewRoman(0)/m/n/10.95 ’headwind_ms’: (’solarcar_headwind_meter_per_sec
ond’, ’Corrected headwind’), ’slope_pct’: (’solar-

Overfull \hbox (36.03285pt too wide) in paragraph at lines 1002--1003
\TU/TimesNewRoman(0)/m/n/10.95 larcar_control_stop_remaining_seconds’, ’Remaini
ng mandatory control-stop dwell’), ’control_stop_completed_count’:

Underfull \hbox (badness 1931) in paragraph at lines 1002--1003
\TU/TimesNewRoman(0)/m/n/10.95 ’gps_lon’: (’solarcar_gps_longitude_degree’, ’GN
SS longitude’), ’path_points’: (’solarcar_path_points’,
[24] [25] [26] [27] [28] [29]
Overfull \hbox (1.33328pt too wide) in paragraph at lines 1295--1296
[]\TU/TimesNewRoman(0)/m/n/10.95 measured_is_fresh \TU/YuGothic(0)/m/n/10.95 に 
\TU/TimesNewRoman(0)/m/n/10.95 self._soc_meas_monotonic is not None and time.mo
notonic() - self._soc_meas_monotonic
[30] [31] [32] [33] [34] [35] [36] [37] [38] [39] [40] [41] [42] [43] [44]
[45] [46] [47]
(C:\Users\user\OneDrive - 和歌山大学\ソーラー\エネマネ\solar_ws0129-main\docs\program_refere
nce_complete_20260729\build\30_mpc_solarcar_dashboard_node_py\30_mpc_solarcar_d
ashboard_node_py.aux)

LaTeX Font Warning: Some font shapes were not available, defaults substituted.

 )
(see the transcript file for additional information)
Output written on C:\Users\user\OneDrive - 和歌山大学\ソーラー\エネマネ\solar_ws0129-main\do
cs\program_reference_complete_20260729\build\30_mpc_solarcar_dashboard_node_py\
30_mpc_solarcar_dashboard_node_py.pdf (47 pages).
Transcript written on "C:\Users\user\OneDrive - 和歌山大学\ソーラー\エネマネ\solar_ws0129-ma
in\docs\program_reference_complete_20260729\build\30_mpc_solarcar_dashboard_nod
e_py\30_mpc_solarcar_dashboard_node_py.log".

miktex-dvipdfmx: major issue: So far, you have not checked for MiKTeX updates.
xelatex: major issue: So far, you have not checked for MiKTeX updates.


===== xelatex pass 2 =====
This is XeTeX, Version 3.141592653-2.6-0.999997 (MiKTeX 25.12) (preloaded format=xelatex.fmt)
 restricted \write18 enabled.
entering extended mode

(C:/Users/user/OneDrive - 和歌山大学/ソーラー/エネマネ/solar_ws0129-main/docs/program_refere
nce_complete_20260729/tex/30_mpc_solarcar_dashboard_node_py.tex
LaTeX2e <2025-11-01>
L3 programming layer <2025-12-24>
(C:\Users\user\AppData\Local\Programs\MiKTeX\tex/latex/base\article.cls
Document Class: article 2025/01/22 v1.4n Standard LaTeX document class
(C:\Users\user\AppData\Local\Programs\MiKTeX\tex/latex/base\size11.clo))
(C:\Users\user\AppData\Local\Programs\MiKTeX\tex/latex/geometry\geometry.sty
(C:\Users\user\AppData\Local\Programs\MiKTeX\tex/latex/graphics\keyval.sty)
(C:\Users\user\AppData\Local\Programs\MiKTeX\tex/generic/iftex\ifvtex.sty
(C:\Users\user\AppData\Local\Programs\MiKTeX\tex/generic/iftex\iftex.sty))
(C:\Users\user\AppData\Local\Programs\MiKTeX\tex/latex/geometry\geometry.cfg))
(C:\Users\user\AppData\Local\Programs\MiKTeX\tex/latex/fontspec\fontspec.sty
(C:\Users\user\AppData\Local\Programs\MiKTeX\tex/latex/l3packages/xparse\xparse
.sty (C:\Users\user\AppData\Local\Programs\MiKTeX\tex/latex/l3kernel\expl3.sty
(C:\Users\user\AppData\Local\Programs\MiKTeX\tex/latex/l3backend\l3backend-xete
x.def)))
(C:\Users\user\AppData\Local\Programs\MiKTeX\tex/latex/fontspec\fontspec-xetex.
sty (C:\Users\user\AppData\Local\Programs\MiKTeX\tex/latex/base\fontenc.sty)
(C:\Users\user\AppData\Local\Programs\MiKTeX\tex/latex/fontspec\fontspec.cfg)))
(C:\Users\user\AppData\Local\Programs\MiKTeX\tex/xelatex/xecjk\xeCJK.sty
(C:\Users\user\AppData\Local\Programs\MiKTeX\tex/latex/ctex\ctexhook.sty)
(C:\Users\user\AppData\Local\Programs\MiKTeX\tex/latex/l3packages/xtemplate\xte
mplate.sty)
(C:\Users\user\AppData\Local\Programs\MiKTeX\tex/xelatex/xecjk\xeCJK.cfg))
(C:\Users\user\AppData\Local\Programs\MiKTeX\tex/latex/booktabs\booktabs.sty)
(C:\Users\user\AppData\Local\Programs\MiKTeX\tex/latex/tools\longtable.sty)
(C:\Users\user\AppData\Local\Programs\MiKTeX\tex/latex/tools\tabularx.sty
(C:\Users\user\AppData\Local\Programs\MiKTeX\tex/latex/tools\array.sty))
(C:\Users\user\AppData\Local\Programs\MiKTeX\tex/latex/enumitem\enumitem.sty)
(C:\Users\user\AppData\Local\Programs\MiKTeX\tex/latex/hyperref\hyperref.sty
(C:\Users\user\AppData\Local\Programs\MiKTeX\tex/latex/kvsetkeys\kvsetkeys.sty)

(C:\Users\user\AppData\Local\Programs\MiKTeX\tex/generic/kvdefinekeys\kvdefinek
eys.sty)
(C:\Users\user\AppData\Local\Programs\MiKTeX\tex/generic/pdfescape\pdfescape.st
y (C:\Users\user\AppData\Local\Programs\MiKTeX\tex/generic/ltxcmds\ltxcmds.sty)

(C:\Users\user\AppData\Local\Programs\MiKTeX\tex/generic/pdftexcmds\pdftexcmds.
sty
(C:\Users\user\AppData\Local\Programs\MiKTeX\tex/generic/infwarerr\infwarerr.st
y))) (C:\Users\user\AppData\Local\Programs\MiKTeX\tex/latex/hycolor\hycolor.sty
) (C:\Users\user\AppData\Local\Programs\MiKTeX\tex/latex/hyperref\nameref.sty
(C:\Users\user\AppData\Local\Programs\MiKTeX\tex/latex/refcount\refcount.sty)
(C:\Users\user\AppData\Local\Programs\MiKTeX\tex/generic/gettitlestring\gettitl
estring.sty
(C:\Users\user\AppData\Local\Programs\MiKTeX\tex/latex/kvoptions\kvoptions.sty)
)) (C:\Users\user\AppData\Local\Programs\MiKTeX\tex/latex/etoolbox\etoolbox.sty
)
(C:\Users\user\AppData\Local\Programs\MiKTeX\tex/generic/stringenc\stringenc.st
y) (C:\Users\user\AppData\Local\Programs\MiKTeX\tex/latex/hyperref\pd1enc.def)
(C:\Users\user\AppData\Local\Programs\MiKTeX\tex/generic/intcalc\intcalc.sty)
(C:\Users\user\AppData\Local\Programs\MiKTeX\tex/latex/hyperref\puenc.def)
(C:\Users\user\AppData\Local\Programs\MiKTeX\tex/latex/url\url.sty)
(C:\Users\user\AppData\Local\Programs\MiKTeX\tex/generic/bitset\bitset.sty
(C:\Users\user\AppData\Local\Programs\MiKTeX\tex/generic/bigintcalc\bigintcalc.
sty)))
(C:\Users\user\AppData\Local\Programs\MiKTeX\tex/latex/hyperref\hxetex.def
(C:\Users\user\AppData\Local\Programs\MiKTeX\tex/latex/rerunfilecheck\rerunfile
check.sty
(C:\Users\user\AppData\Local\Programs\MiKTeX\tex/generic/uniquecounter\uniqueco
unter.sty)))
(C:\Users\user\AppData\Local\Programs\MiKTeX\tex/latex/listings\listings.sty
(C:\Users\user\AppData\Local\Programs\MiKTeX\tex/latex/listings\lstpatch.sty)
(C:\Users\user\AppData\Local\Programs\MiKTeX\tex/latex/listings\lstmisc.sty)
(C:\Users\user\AppData\Local\Programs\MiKTeX\tex/latex/listings\listings.cfg))
(C:\Users\user\AppData\Local\Programs\MiKTeX\tex/xelatex/xecjk\xeCJK-listings.s
ty)
==> First Aid for listings.sty no longer applied!
    Expected:
        2024/09/23 1.10c (Carsten Heinz)
    but found:
        2025/11/14 1.11b (Carsten Heinz)
    so I'm assuming it got fixed.
(C:\Users\user\AppData\Local\Programs\MiKTeX\tex/latex/xcolor\xcolor.sty
(C:\Users\user\AppData\Local\Programs\MiKTeX\tex/latex/graphics-cfg\color.cfg)
(C:\Users\user\AppData\Local\Programs\MiKTeX\tex/latex/graphics-def\xetex.def)
(C:\Users\user\AppData\Local\Programs\MiKTeX\tex/latex/graphics\mathcolor.ltx))
 (C:\Users\user\AppData\Local\Programs\MiKTeX\tex/latex/amsmath\amsmath.sty
For additional information on amsmath, use the `?' option.
(C:\Users\user\AppData\Local\Programs\MiKTeX\tex/latex/amsmath\amstext.sty
(C:\Users\user\AppData\Local\Programs\MiKTeX\tex/latex/amsmath\amsgen.sty))
(C:\Users\user\AppData\Local\Programs\MiKTeX\tex/latex/amsmath\amsbsy.sty)
(C:\Users\user\AppData\Local\Programs\MiKTeX\tex/latex/amsmath\amsopn.sty))
(C:\Users\user\AppData\Local\Programs\MiKTeX\tex/latex/amsfonts\amssymb.sty
(C:\Users\user\AppData\Local\Programs\MiKTeX\tex/latex/amsfonts\amsfonts.sty))
(C:\Users\user\OneDrive - 和歌山大学\ソーラー\エネマネ\solar_ws0129-main\docs\program_refere
nce_complete_20260729\build\30_mpc_solarcar_dashboard_node_py\30_mpc_solarcar_d
ashboard_node_py.aux)
*geometry* driver: auto-detecting
*geometry* detected driver: xetex

(C:\Users\user\OneDrive - 和歌山大学\ソーラー\エネマネ\solar_ws0129-main\docs\program_refere
nce_complete_20260729\build\30_mpc_solarcar_dashboard_node_py\30_mpc_solarcar_d
ashboard_node_py.out)
(C:\Users\user\OneDrive - 和歌山大学\ソーラー\エネマネ\solar_ws0129-main\docs\program_refere
nce_complete_20260729\build\30_mpc_solarcar_dashboard_node_py\30_mpc_solarcar_d
ashboard_node_py.out)
(C:\Users\user\AppData\Local\Programs\MiKTeX\tex/latex/amsfonts\umsa.fd)
(C:\Users\user\AppData\Local\Programs\MiKTeX\tex/latex/amsfonts\umsb.fd)
(C:\Users\user\OneDrive - 和歌山大学\ソーラー\エネマネ\solar_ws0129-main\docs\program_refere
nce_complete_20260729\build\30_mpc_solarcar_dashboard_node_py\30_mpc_solarcar_d
ashboard_node_py.toc [1]) [2] [3]
(C:\Users\user\AppData\Local\Programs\MiKTeX\tex/latex/listings\lstlang1.sty)
[4]
Underfull \hbox (badness 10000) in paragraph at lines 138--138
[]|$[][][] [] [][][][][][][][][][] []
ignored error: Infinite glue shrinkage found in box being split [5]
Underfull \hbox (badness 10000) in paragraph at lines 191--191
[]|$[][][][][][][][] []

Overfull \hbox (56.12073pt too wide) in paragraph at lines 191--191
[][][][][][][][][][][][][][][][][][][][][][][][][][][][][][][][][][][][] [][]

Underfull \hbox (badness 10000) in paragraph at lines 194--194
[]|$[][][][][][][] [] [][][][] []

Underfull \hbox (badness 10000) in paragraph at lines 194--194
[][][][][][][][][][][][][][][][] [][]

Underfull \hbox (badness 10000) in paragraph at lines 195--195
[]|$[][][][][][][][][][] [] [][][][] []

Underfull \hbox (badness 10000) in paragraph at lines 197--197
[]|$[][][][][][][][][] [] [][][][][] [] [][][][][][] []

Underfull \hbox (badness 10000) in paragraph at lines 197--197
[][][][][][][][][][][][][][][][][] [] [][][][][][][] []

Underfull \hbox (badness 10000) in paragraph at lines 197--198
[]|\TU/TimesNewRoman(0)/m/n/10.95 ament_index_python.packages \TU/YuGothic(0)/m
/n/10.95 か ら

Underfull \hbox (badness 1817) in paragraph at lines 197--198
\TU/TimesNewRoman(0)/m/n/10.95 get_package_share_directory \TU/YuGothic(0)/m/n/
10.95 を 読 み 込 み、|  こ の フ
ignored error: Infinite glue shrinkage found in box being split [6]

LaTeX Font Warning: Font shape `TU/YuGothic(0)/m/it' undefined
(Font)              using `TU/YuGothic(0)/m/n' instead on input line 220.

[7] [8] [9]
(C:\Users\user\AppData\Local\Programs\MiKTeX\tex/latex/listings\lstlang1.sty)
(C:\Users\user\AppData\Local\Programs\MiKTeX\tex/latex/listings\lstlang1.sty)
[10] [11] [12] [13]
Overfull \hbox (5.54114pt too wide) in paragraph at lines 576--577
[]\TU/YuGothic(0)/m/n/10.95 こ の ブ ロ ッ ク が 直 接 呼 ぶ 主 な 関 数  |・|  メ ソ ッ ド\TU/Time
sNewRoman(0)/m/n/10.95 : _send_json, _send_metrics, do_GET, get_prometheus_metr
ics,
[14] [15] [16] [17] [18]
Underfull \hbox (badness 2547) in paragraph at lines 802--803
\TU/TimesNewRoman(0)/m/n/10.95 self._on_health, self._on_ibatt, self._on_lower_
plan, self._on_metrics, self._on_mpc_state, self._on_path,

Underfull \hbox (badness 7704) in paragraph at lines 802--803
\TU/TimesNewRoman(0)/m/n/10.95 self._on_sys_state, self._on_tb, self._on_thrott
le_cmd, self._on_upper_plan, self._on_upper_speed_cmd,

Overfull \hbox (1.29622pt too wide) in paragraph at lines 829--830
[]\TU/TimesNewRoman(0)/m/n/10.95 self._state \TU/YuGothic(0)/m/n/10.95 に \TU/Ti
mesNewRoman(0)/m/n/10.95 {’ts’: time.time(), ’speed_cmd_kmh’: None, ’upper_spee
d_cmd_kmh’: None, ’speed_meas_kmh’:
[19] [20] [21] [22] [23]
Underfull \hbox (badness 2213) in paragraph at lines 1002--1003
[]\TU/TimesNewRoman(0)/m/n/10.95 metric_keys \TU/YuGothic(0)/m/n/10.95 に \TU/Ti
mesNewRoman(0)/m/n/10.95 {’speed_cmd_kmh’: (’solarcar_speed_command_kmh’, ’Lowe
r speed command’), ’up-

Underfull \hbox (badness 10000) in paragraph at lines 1002--1003
\TU/TimesNewRoman(0)/m/n/10.95 per_speed_cmd_kmh’: (’solarcar_speed_upper_comma
nd_kmh’, ’Upper planner speed command’),

Underfull \hbox (badness 2980) in paragraph at lines 1002--1003
\TU/TimesNewRoman(0)/m/n/10.95 ’speed_meas_kmh’: (’solarcar_speed_measured_kmh’
, ’Measured vehicle speed’), ’model_speed_kmh’:

Underfull \hbox (badness 4403) in paragraph at lines 1002--1003
\TU/TimesNewRoman(0)/m/n/10.95 (’solarcar_speed_model_kmh’, ’Speed used for pla
nner model metrics’), ’throttle_cmd_pct’: (’solar-

Underfull \hbox (badness 10000) in paragraph at lines 1002--1003
\TU/TimesNewRoman(0)/m/n/10.95 ’Selected battery state of charge’), ’soc_meas’:
 (’solarcar_battery_soc_measured_ratio’, ’Measured

Underfull \hbox (badness 5288) in paragraph at lines 1002--1003
\TU/TimesNewRoman(0)/m/n/10.95 battery state of charge’), ’soc_est’: (’solarcar
_battery_soc_estimated_ratio’, ’Estimated battery state

Underfull \hbox (badness 4805) in paragraph at lines 1002--1003
\TU/TimesNewRoman(0)/m/n/10.95 of charge’), ’Tb_C’: (’solarcar_battery_temperat
ure_celsius’, ’Battery temperature’), ’s_km’: (’solar-

Underfull \hbox (badness 2941) in paragraph at lines 1002--1003
\TU/TimesNewRoman(0)/m/n/10.95 car_distance_km’, ’Race distance’), ’batt_curren
t_a’: (’solarcar_battery_current_ampere’, ’Battery cur-

Overfull \hbox (2.00479pt too wide) in paragraph at lines 1002--1003
\TU/TimesNewRoman(0)/m/n/10.95 car_irradiance_poa_watt_per_m2’, ’Plane-of-array
 irradiance’), ’Tcell_C’: (’solarcar_cell_temperature_celsius’,

Underfull \hbox (badness 10000) in paragraph at lines 1002--1003
\TU/TimesNewRoman(0)/m/n/10.95 ’PV cell temperature’), ’Tamb_C’: (’solarcar_amb
ient_temperature_celsius’, ’Ambient temperature’),

Underfull \hbox (badness 4328) in paragraph at lines 1002--1003
\TU/TimesNewRoman(0)/m/n/10.95 ’headwind_ms’: (’solarcar_headwind_meter_per_sec
ond’, ’Corrected headwind’), ’slope_pct’: (’solar-

Overfull \hbox (36.03285pt too wide) in paragraph at lines 1002--1003
\TU/TimesNewRoman(0)/m/n/10.95 larcar_control_stop_remaining_seconds’, ’Remaini
ng mandatory control-stop dwell’), ’control_stop_completed_count’:

Underfull \hbox (badness 1931) in paragraph at lines 1002--1003
\TU/TimesNewRoman(0)/m/n/10.95 ’gps_lon’: (’solarcar_gps_longitude_degree’, ’GN
SS longitude’), ’path_points’: (’solarcar_path_points’,
[24] [25] [26] [27] [28] [29]
Overfull \hbox (1.33328pt too wide) in paragraph at lines 1295--1296
[]\TU/TimesNewRoman(0)/m/n/10.95 measured_is_fresh \TU/YuGothic(0)/m/n/10.95 に 
\TU/TimesNewRoman(0)/m/n/10.95 self._soc_meas_monotonic is not None and time.mo
notonic() - self._soc_meas_monotonic
[30] [31] [32] [33] [34] [35] [36] [37] [38] [39] [40] [41] [42] [43] [44]
[45] [46] [47]
(C:\Users\user\OneDrive - 和歌山大学\ソーラー\エネマネ\solar_ws0129-main\docs\program_refere
nce_complete_20260729\build\30_mpc_solarcar_dashboard_node_py\30_mpc_solarcar_d
ashboard_node_py.aux)

LaTeX Font Warning: Some font shapes were not available, defaults substituted.

 )
(see the transcript file for additional information)
Output written on C:\Users\user\OneDrive - 和歌山大学\ソーラー\エネマネ\solar_ws0129-main\do
cs\program_reference_complete_20260729\build\30_mpc_solarcar_dashboard_node_py\
30_mpc_solarcar_dashboard_node_py.pdf (47 pages).
Transcript written on "C:\Users\user\OneDrive - 和歌山大学\ソーラー\エネマネ\solar_ws0129-ma
in\docs\program_reference_complete_20260729\build\30_mpc_solarcar_dashboard_nod
e_py\30_mpc_solarcar_dashboard_node_py.log".

miktex-dvipdfmx: major issue: So far, you have not checked for MiKTeX updates.
xelatex: major issue: So far, you have not checked for MiKTeX updates.

