\BOOKMARK [1][-]{section.1}{\376\377\060\176\060\132\147\000\122\035\060\153\142\274\060\125\060\110\060\213\060\171\060\115\116\213\133\237}{}% 1
\BOOKMARK [2][-]{subsection.1.1}{\376\377\121\145\123\343\060\157\000\040\0001\000\040\060\144\060\147\060\157\060\152\060\117\000\040\0003\000\040\134\144\060\102\060\213}{section.1}% 2
\BOOKMARK [2][-]{subsection.1.2}{\376\377\121\145\123\343\060\150\133\237\210\305\147\054\117\123\060\157\000\040\000s\000o\000u\000r\000c\000e\000\040\120\164\060\147\133\376\137\334\060\127\060\146\060\104\060\213}{section.1}% 3
\BOOKMARK [2][-]{subsection.1.3}{\376\377\147\054\146\370\060\156\150\071\142\340\060\325\060\241\060\244\060\353}{section.1}% 4
\BOOKMARK [1][-]{section.2}{\376\377\121\150\117\123\060\325\060\355\060\374\060\156\232\250\150\074}{}% 5
\BOOKMARK [2][-]{subsection.2.1}{\376\377\000P\000o\000w\000e\000r\000S\000h\000e\000l\000l\000\040\060\113\060\211\211\213\060\137\000\040\000a\000c\000t\000i\000o\000n\000\040\060\150\000\040\000m\000o\000d\000e}{section.2}% 6
\BOOKMARK [2][-]{subsection.2.2}{\376\377\000W\000S\000L\000\040\120\164\060\353\060\374\060\277\060\147\060\156\000\040\000m\000o\000d\000e\000\040\000-\000>\000\040\000l\000a\000u\000n\000c\000h\000\040\133\376\137\334}{section.2}% 7
\BOOKMARK [2][-]{subsection.2.3}{\376\377\000g\000r\000a\000p\000h\000\040\000e\000x\000p\000o\000r\000t\000e\000r\000\040\060\114\000\040\000m\000o\000d\000e\000\040\060\124\060\150\060\153\147\037\137\205\060\131\060\213\000\040\000c\000o\000r\000e\000\040\000n\000o\000d\000e}{section.2}% 8
\BOOKMARK [2][-]{subsection.2.4}{\376\377\125\117\230\114\000\040\0001\000:\000\040\121\145\123\343\060\156\172\164\127\313\060\201}{section.2}% 9
\BOOKMARK [1][-]{section.3}{\376\377\000p\000r\000o\000f\000i\000l\000e\000.\000y\000a\000m\000l\000\040\060\156\212\255\060\177\145\271}{}% 10
\BOOKMARK [2][-]{subsection.3.1}{\376\377\145\071\202\157\162\110\000\040\000p\000r\000o\000f\000i\000l\000e\000\040\060\156\060\310\060\303\060\327\060\354\060\331\060\353\151\313\220\040}{section.3}% 11
\BOOKMARK [2][-]{subsection.3.2}{\376\377\000m\000o\000d\000e\000\040\060\124\060\150\060\153\212\255\060\200\000\040\000p\000r\000o\000f\000i\000l\000e\000\040\060\326\060\355\060\303\060\257}{section.3}% 12
\BOOKMARK [2][-]{subsection.3.3}{\376\377\125\117\230\114\000\040\0002\000:\000\040\000p\000r\000o\000f\000i\000l\000e\000\040\060\156\133\376\137\334\060\145\060\121}{section.3}% 13
\BOOKMARK [1][-]{section.4}{\376\377\000s\000i\000m\000\040\060\342\060\374\060\311}{}% 14
\BOOKMARK [2][-]{subsection.4.1}{\376\377\000s\000i\000m\000\040\060\342\060\374\060\311\060\153\060\157\000\040\0002\000\040\172\056\230\136\060\102\060\213}{section.4}% 15
\BOOKMARK [2][-]{subsection.4.2}{\376\377\000l\000a\000u\000n\000c\000h\000\040\127\213\000\040\000s\000i\000m\000\040\060\156\155\101\060\214}{section.4}% 16
\BOOKMARK [2][-]{subsection.4.3}{\376\377\000l\000a\000u\000n\000c\000h\000\040\127\213\000\040\000s\000i\000m\000\040\060\147\166\364\143\245\170\272\212\215\060\147\060\115\060\213\000\040\000n\000o\000d\000e}{section.4}% 17
\BOOKMARK [2][-]{subsection.4.4}{\376\377\000o\000f\000f\000l\000i\000n\000e\000\040\127\213\000\040\000s\000i\000m\000\040\060\156\155\101\060\214}{section.4}% 18
\BOOKMARK [2][-]{subsection.4.5}{\376\377\000o\000f\000f\000l\000i\000n\000e\000\040\127\213\000\040\000s\000i\000m\000\040\060\147\121\372\060\213\116\073\142\020\147\234\162\151}{section.4}% 19
\BOOKMARK [2][-]{subsection.4.6}{\376\377\000s\000i\000m\000\040\060\147\147\000\221\315\211\201\060\152\000\040\000t\000o\000p\000i\000c}{section.4}% 20
\BOOKMARK [2][-]{subsection.4.7}{\376\377\125\117\230\114\000\040\0003\000:\000\040\000s\000i\000m\000\040\060\325\060\355\060\374\217\375\215\341}{section.4}% 21
\BOOKMARK [1][-]{section.5}{\376\377\000m\000e\000a\000s\000u\000r\000e\000\040\060\342\060\374\060\311}{}% 22
\BOOKMARK [2][-]{subsection.5.1}{\376\377\000m\000e\000a\000s\000u\000r\000e\000\040\060\342\060\374\060\311\060\156\117\115\177\156\060\145\060\121}{section.5}% 23
\BOOKMARK [2][-]{subsection.5.2}{\376\377\000m\000e\000a\000s\000u\000r\000e\000\040\060\156\140\363\133\232\000\040\000r\000u\000n\000t\000i\000m\000e}{section.5}% 24
\BOOKMARK [2][-]{subsection.5.3}{\376\377\000d\000i\000s\000t\000a\000n\000c\000e\000\137\000n\000o\000d\000e\000\040\060\114\060\127\060\146\060\104\060\213\060\123\060\150}{section.5}% 25
\BOOKMARK [2][-]{subsection.5.4}{\376\377\000g\000r\000a\000d\000e\000\137\000n\000o\000d\000e\000\040\060\114\060\127\060\146\060\104\060\213\060\123\060\150}{section.5}% 26
\BOOKMARK [2][-]{subsection.5.5}{\376\377\000s\000o\000l\000a\000r\000\137\000l\000o\000g\000g\000e\000r\000\137\000n\000o\000d\000e\000\040\060\114\153\213\060\131\122\027}{section.5}% 27
\BOOKMARK [2][-]{subsection.5.6}{\376\377\125\117\230\114\000\040\0004\000:\000\040\000m\000e\000a\000s\000u\000r\000e\000\040\060\156\211\201\160\271}{section.5}% 28
\BOOKMARK [1][-]{section.6}{\376\377\000l\000i\000v\000e\000\040\060\342\060\374\060\311}{}% 29
\BOOKMARK [2][-]{subsection.6.1}{\376\377\000l\000i\000v\000e\000\040\060\342\060\374\060\311\060\156\117\115\177\156\060\145\060\121}{section.6}% 30
\BOOKMARK [2][-]{subsection.6.2}{\376\377\000l\000i\000v\000e\000\040\060\156\140\363\133\232\155\101\060\214}{section.6}% 31
\BOOKMARK [2][-]{subsection.6.3}{\376\377\000m\000p\000c\000\137\000n\000o\000d\000e\000\040\060\114\000\040\000l\000i\000v\000e\000\040\060\147\123\327\060\121\060\213\133\237\156\054}{section.6}% 32
\BOOKMARK [2][-]{subsection.6.4}{\376\377\000c\000o\000m\000m\000a\000n\000d\000\040\000b\000r\000i\000d\000g\000e\000\040\060\153\147\037\137\205\060\125\060\214\060\213\137\171\122\162}{section.6}% 33
\BOOKMARK [2][-]{subsection.6.5}{\376\377\000w\000e\000a\000t\000h\000e\000r\000\040\000/\000\040\000a\000u\000t\000o\000c\000a\000l\000\040\000/\000\040\000w\000i\000n\000d\000\040\000m\000o\000d\000e\000l\000\040\060\156\137\171\122\162}{section.6}% 34
\BOOKMARK [2][-]{subsection.6.6}{\376\377\125\117\230\114\000\040\0005\000:\000\040\000l\000i\000v\000e\000\040\060\156\172\164\127\313\060\201}{section.6}% 35
\BOOKMARK [1][-]{section.7}{\376\377\000l\000i\000v\000e\000\137\000w\000i\000f\000i\000\040\060\342\060\374\060\311}{}% 36
\BOOKMARK [2][-]{subsection.7.1}{\376\377\000l\000i\000v\000e\000\137\000w\000i\000f\000i\000\040\060\157\000\040\000l\000i\000v\000e\000\040\060\153\000\040\000W\000i\000F\000i\000\040\123\327\220\001\117\341\134\144\060\222\215\263\060\127\060\137\060\202\060\156}{section.7}% 37
\BOOKMARK [2][-]{subsection.7.2}{\376\377\000p\000r\000o\000f\000i\000l\000e\000\040\116\012\060\147\060\156\116\073\137\171}{section.7}% 38
\BOOKMARK [2][-]{subsection.7.3}{\376\377\000l\000i\000v\000e\000\137\000w\000i\000f\000i\000\040\060\156\212\055\212\010\060\325\060\355\060\374}{section.7}% 39
\BOOKMARK [2][-]{subsection.7.4}{\376\377\000W\000i\000F\000i\000\040\000b\000r\000i\000d\000g\000e\000\040\060\156\000\040\000s\000o\000u\000r\000c\000e\000\040\060\150\214\254\122\331}{section.7}% 40
\BOOKMARK [2][-]{subsection.7.5}{\376\377\000l\000i\000v\000e\000\137\000w\000i\000f\000i\000\040\060\147\217\375\060\106\060\171\060\115\116\343\210\150\000\040\000t\000o\000p\000i\000c\000\040\000/\000\040\060\307\060\374\060\277}{section.7}% 41
\BOOKMARK [2][-]{subsection.7.6}{\376\377\125\117\230\114\000\040\0006\000:\000\040\000l\000i\000v\000e\000\137\000w\000i\000f\000i\000\040\060\156\211\201\160\271}{section.7}% 42
\BOOKMARK [1][-]{section.8}{\376\377\000f\000o\000r\000e\000c\000a\000s\000t\000\040\000a\000c\000t\000i\000o\000n}{}% 43
\BOOKMARK [2][-]{subsection.8.1}{\376\377\000f\000o\000r\000e\000c\000a\000s\000t\000\040\060\157\000\040\000l\000a\000u\000n\000c\000h\000\040\060\147\060\157\060\152\060\117\000\040\000u\000t\000i\000l\000i\000t\000y\000\040\133\237\210\114}{section.8}% 44
\BOOKMARK [2][-]{subsection.8.2}{\376\377\117\125\060\222\060\127\060\146\060\104\060\213\060\113}{section.8}% 45
\BOOKMARK [2][-]{subsection.8.3}{\376\377\000f\000o\000r\000e\000c\000a\000s\000t\000\040\060\147\211\346\060\213\116\343\210\150\060\321\060\351\060\341\060\374\060\277}{section.8}% 46
\BOOKMARK [2][-]{subsection.8.4}{\376\377\125\117\230\114\000\040\0007\000:\000\040\000f\000o\000r\000e\000c\000a\000s\000t\000\040\060\156\172\164\127\313\060\201}{section.8}% 47
\BOOKMARK [1][-]{section.9}{\376\377\000i\000d\000e\000n\000t\000i\000f\000y\000\040\000a\000c\000t\000i\000o\000n\000\040\060\150\145\071\202\157\162\110\000\040\000v\000e\000h\000i\000c\000l\000e\000\040\000i\000d\000e\000n\000t\000i\000f\000i\000c\000a\000t\000i\000o\000n}{}% 48
\BOOKMARK [2][-]{subsection.9.1}{\376\377\000i\000d\000e\000n\000t\000i\000f\000y\000\040\000a\000c\000t\000i\000o\000n\000\040\060\156\216\375\221\317\000\040\000p\000i\000p\000e\000l\000i\000n\000e}{section.9}% 49
\BOOKMARK [2][-]{subsection.9.2}{\376\377\145\071\202\157\162\110\000\040\000v\000e\000h\000i\000c\000l\000e\000\040\000i\000d\000e\000n\000t\000i\000f\000i\000c\000a\000t\000i\000o\000n\000\040\060\156\116\073\142\046\122\233}{section.9}% 50
\BOOKMARK [2][-]{subsection.9.3}{\376\377\000t\000e\000m\000p\000l\000a\000t\000e\000\040\060\150\121\145\122\233\226\333\137\142}{section.9}% 51
\BOOKMARK [2][-]{subsection.9.4}{\376\377\125\117\230\114\000\040\0008\000:\000\040\000i\000d\000e\000n\000t\000i\000f\000i\000c\000a\000t\000i\000o\000n}{section.9}% 52
\BOOKMARK [1][-]{section.10}{\376\377\000d\000a\000s\000h\000b\000o\000a\000r\000d\000\040\060\150\000\040\000l\000o\000g\000g\000e\000r\000\040\060\156\211\213\145\271}{}% 53
\BOOKMARK [2][-]{subsection.10.1}{\376\377\000d\000a\000s\000h\000b\000o\000a\000r\000d\000\137\000n\000o\000d\000e\000\040\060\114\123\327\060\121\060\213\060\202\060\156}{section.10}% 54
\BOOKMARK [2][-]{subsection.10.2}{\376\377\000s\000o\000l\000a\000r\000\137\000l\000o\000g\000g\000e\000r\000\137\000n\000o\000d\000e\000\040\060\114\142\305\060\106\060\123\060\150}{section.10}% 55
\BOOKMARK [2][-]{subsection.10.3}{\376\377\125\117\230\114\000\040\0009\000:\000\040\000d\000a\000s\000h\000b\000o\000a\000r\000d\000\040\000/\000\040\000l\000o\000g\000g\000e\000r}{section.10}% 56
\BOOKMARK [1][-]{section.11}{\376\377\000s\000o\000u\000r\000c\000e\000\040\060\325\060\241\060\244\060\353\060\150\137\171\122\162\060\156\133\376\137\334\210\150}{}% 57
\BOOKMARK [1][-]{section.12}{\376\377\133\237\210\305\166\343\147\373\175\120\147\234\060\150\212\255\060\200\060\171\060\115\131\377\122\342}{}% 58
\BOOKMARK [1][-]{section.13}{\376\377\175\317\124\010\125\117\230\114}{}% 59
\BOOKMARK [1][-]{section.14}{\376\377\147\000\137\214\060\153}{}% 60
