\BOOKMARK [1][-]{section.1}{\376\377\060\123\060\156\145\207\146\370\060\156\166\356\166\204}{}% 1
\BOOKMARK [1][-]{section.2}{\376\377\000B\000W\000S\000C\0002\0000\0002\0007\000\040\060\156\121\154\137\017\122\115\143\320}{}% 2
\BOOKMARK [1][-]{section.3}{\376\377\060\123\060\156\060\321\060\303\060\261\060\374\060\270\060\114\142\305\060\106\137\171\122\162}{}% 3
\BOOKMARK [2][-]{subsection.3.1}{\376\377\116\213\122\115\156\226\120\231}{section.3}% 4
\BOOKMARK [2][-]{subsection.3.2}{\376\377\147\054\165\152\060\351\060\244\060\326\220\113\165\050}{section.3}% 5
\BOOKMARK [2][-]{subsection.3.3}{\376\377\116\213\137\214\145\071\125\204}{section.3}% 6
\BOOKMARK [1][-]{section.4}{\376\377\116\073\211\201\060\342\060\374\060\311}{}% 7
\BOOKMARK [1][-]{section.5}{\376\377\060\307\060\243\060\354\060\257\060\310\060\352\060\156\211\213\145\271}{}% 8
\BOOKMARK [1][-]{section.6}{\376\377\116\073\060\152\000\040\000R\000O\000S\000\040\060\316\060\374\060\311\060\150\137\171\122\162}{}% 9
\BOOKMARK [1][-]{section.7}{\376\377\116\073\060\152\000\040\000o\000f\000f\000l\000i\000n\000e\000\040\000s\000c\000r\000i\000p\000t}{}% 10
\BOOKMARK [1][-]{section.8}{\376\377\163\376\127\050\060\156\000\040\000r\000e\000p\000o\000\040\060\147\060\147\060\115\060\213\060\123\060\150\000\040\000/\000\040\147\052\170\272\133\232\060\152\060\123\060\150}{}% 11
\BOOKMARK [2][-]{subsection.8.1}{\376\377\060\131\060\147\060\153\060\147\060\115\060\213\060\123\060\150}{section.8}% 12
\BOOKMARK [2][-]{subsection.8.2}{\376\377\060\176\060\140\147\054\165\152\142\225\121\145\122\115\060\153\127\313\060\201\060\213\137\305\211\201\060\114\060\102\060\213\060\123\060\150}{section.8}% 13
\BOOKMARK [1][-]{section.9}{\376\377\000B\000W\000S\000C\0002\0000\0002\0007\000\040\060\176\060\147\060\153\226\306\060\201\060\213\060\171\060\115\140\305\130\061}{}% 14
\BOOKMARK [2][-]{subsection.9.1}{\376\377\147\000\221\315\211\201\060\156\116\015\215\263\140\305\130\061}{section.9}% 15
\BOOKMARK [2][-]{subsection.9.2}{\376\377\123\316\226\306\060\301\060\247\060\303\060\257\060\352\060\271\060\310}{section.9}% 16
\BOOKMARK [1][-]{section.10}{\376\377\133\237\156\054\060\373\124\014\133\232\060\147\147\000\117\116\226\120\137\305\211\201\060\152\060\307\060\374\060\277}{}% 17
\BOOKMARK [2][-]{subsection.10.1}{\376\377\215\160\210\114\060\355\060\260}{section.10}% 18
\BOOKMARK [2][-]{subsection.10.2}{\376\377\060\331\060\363\060\301\000\040\000/\000\040\133\237\232\023\060\307\060\374\060\277}{section.10}% 19
\BOOKMARK [2][-]{subsection.10.3}{\376\377\123\326\137\227\146\102\060\156\154\350\141\017}{section.10}% 20
\BOOKMARK [1][-]{section.11}{\376\377\143\250\131\150\060\131\060\213\060\301\060\374\060\340\121\205\137\171\122\162\122\006\142\305}{}% 21
\BOOKMARK [1][-]{section.12}{\376\377\060\273\060\303\060\310\060\242\060\303\060\327\142\113\230\006}{}% 22
\BOOKMARK [2][-]{subsection.12.1}{\376\377\000P\000C\000\040\120\164}{section.12}% 23
\BOOKMARK [2][-]{subsection.12.2}{\376\377\122\035\126\336\000\040\000b\000u\000i\000l\000d}{section.12}% 24
\BOOKMARK [1][-]{section.13}{\376\377\060\342\060\374\060\311\122\045\060\156\122\325\060\113\060\127\145\271}{}% 25
\BOOKMARK [2][-]{subsection.13.1}{\376\377\131\047\117\032\121\150\117\123\060\267\060\337\060\345\060\354\060\374\060\267\060\347\060\363}{section.13}% 26
\BOOKMARK [2][-]{subsection.13.2}{\376\377\133\237\156\054\060\342\060\374\060\311}{section.13}% 27
\BOOKMARK [2][-]{subsection.13.3}{\376\377\147\054\165\152\060\351\060\244\060\326\000\040\000W\000i\000F\000i\000\040\060\342\060\374\060\311}{section.13}% 28
\BOOKMARK [2][-]{subsection.13.4}{\376\377\123\327\060\121\121\145\060\214\212\146\232\023}{section.13}% 29
\BOOKMARK [1][-]{section.14}{\376\377\000l\000i\000v\000e\000\137\000w\000i\000f\000i\000\040\060\156\220\032\117\341\145\271\137\017}{}% 30
\BOOKMARK [1][-]{section.15}{\376\377\215\160\210\114\122\115\145\345\060\156\060\301\060\247\060\303\060\257\060\352\060\271\060\310}{}% 31
\BOOKMARK [1][-]{section.16}{\376\377\060\354\060\374\060\271\137\123\145\345\060\156\220\113\165\050\060\325\060\355\060\374}{}% 32
\BOOKMARK [2][-]{subsection.16.1}{\376\377\147\035}{section.16}% 33
\BOOKMARK [2][-]{subsection.16.2}{\376\377\215\160\210\114\116\055}{section.16}% 34
\BOOKMARK [2][-]{subsection.16.3}{\376\377\146\074\060\373\230\250\124\021\131\011\123\026\146\102}{section.16}% 35
\BOOKMARK [2][-]{subsection.16.4}{\376\377\145\345\154\241\060\373\175\102\116\206\146\102}{section.16}% 36
\BOOKMARK [1][-]{section.17}{\376\377\000d\000a\000s\000h\000b\000o\000a\000r\000d\000\040\133\214\121\150\211\343\212\254}{}% 37
\BOOKMARK [1][-]{section.18}{\376\377\165\152\123\367\060\124\060\150\060\156\212\254\146\016}{}% 38
\BOOKMARK [2][-]{subsection.18.1}{\376\377\000d\000a\000s\000h\000b\000o\000a\000r\000d\000\040\060\147\147\000\121\052\121\110\060\147\211\213\060\213\060\171\060\115\000\040\0006\000\040\230\005\166\356}{section.18}% 39
\BOOKMARK [2][-]{subsection.18.2}{\376\377\040\023\000\040\060\114\121\372\060\213\141\017\124\163}{section.18}% 40
\BOOKMARK [1][-]{section.19}{\376\377\121\170\127\213\166\204\060\152\165\160\136\070\060\150\133\376\121\346}{}% 41
\BOOKMARK [1][-]{section.20}{\376\377\060\301\060\374\060\340\137\025\060\115\175\231\060\116\060\156\123\327\060\121\121\145\060\214\127\372\156\226}{}% 42
\BOOKMARK [1][-]{section.21}{\376\377\220\113\165\050\225\213\131\313\122\115\060\153\137\305\060\132\146\364\145\260\060\131\060\171\060\115\060\325\060\241\060\244\060\353}{}% 43
\BOOKMARK [1][-]{section.22}{\376\377\060\123\060\156\214\307\145\231\060\150\117\165\165\050\060\131\060\213\145\207\146\370}{}% 44
\BOOKMARK [1][-]{section.23}{\376\377\147\000\175\102\060\341\060\303\060\273\060\374\060\270}{}% 45
