\BOOKMARK [1][-]{section.1}{\376\377\166\356\166\204}{}% 1
\BOOKMARK [1][-]{section.2}{\376\377\151\313\142\020}{}% 2
\BOOKMARK [1][-]{section.3}{\376\377\230\250\220\037\116\210\156\054\210\334\153\143}{}% 3
\BOOKMARK [2][-]{subsection.3.1}{\376\377\211\263\156\054\120\044}{section.3}% 4
\BOOKMARK [2][-]{subsection.3.2}{\376\377\163\376\127\050\146\102\122\073\060\156\210\334\153\143}{section.3}% 5
\BOOKMARK [2][-]{subsection.3.3}{\376\377\134\006\147\145\146\102\122\073\060\170\060\156\117\035\144\255}{section.3}% 6
\BOOKMARK [2][-]{subsection.3.4}{\376\377\116\015\170\272\060\113\060\125\060\156\130\227\122\240}{section.3}% 7
\BOOKMARK [2][-]{subsection.3.5}{\376\377\000M\000P\000C\000\040\060\153\156\041\060\131\120\044}{section.3}% 8
\BOOKMARK [1][-]{section.4}{\376\377\000Y\000A\000M\000L\000\040\230\005\166\356}{}% 9
\BOOKMARK [2][-]{subsection.4.1}{\376\377\137\305\230\010\060\153\217\321\060\104\230\005\166\356}{section.4}% 10
\BOOKMARK [2][-]{subsection.4.2}{\376\377\230\250\210\334\153\143\060\321\060\351\060\341\060\374\060\277}{section.4}% 11
\BOOKMARK [2][-]{subsection.4.3}{\376\377\000W\000i\000F\000i\000\040\060\326\060\352\060\303\060\270}{section.4}% 12
\BOOKMARK [1][-]{section.5}{\376\377\143\250\131\150\060\315\060\303\060\310\060\357\060\374\060\257\212\055\133\232}{}% 13
\BOOKMARK [1][-]{section.6}{\376\377\000P\000l\000a\000n\000n\000e\000r\000\040\060\114\123\327\060\121\060\213\000\040\000J\000S\000O\000N}{}% 14
\BOOKMARK [2][-]{subsection.6.1}{\376\377\000v\000e\000h\000i\000c\000l\000e\000\137\000s\000t\000a\000t\000e}{section.6}% 15
\BOOKMARK [2][-]{subsection.6.2}{\376\377\000c\000h\000a\000s\000e\000\137\000s\000t\000a\000t\000e}{section.6}% 16
\BOOKMARK [1][-]{section.7}{\376\377\000P\000l\000a\000n\000n\000e\000r\000\040\060\113\060\211\220\001\060\213\000\040\000J\000S\000O\000N}{}% 17
\BOOKMARK [1][-]{section.8}{\376\377\220\001\117\341\120\164\060\150\123\327\117\341\120\164\060\156\123\302\200\003\133\237\210\305}{}% 18
\BOOKMARK [1][-]{section.9}{\376\377\060\300\060\303\060\267\060\345\060\334\060\374\060\311}{}% 19
\BOOKMARK [1][-]{section.10}{\376\377\215\167\122\325\142\113\230\006}{}% 20
\BOOKMARK [1][-]{section.11}{\376\377\170\272\212\215\230\005\166\356}{}% 21
