\BOOKMARK [1][-]{section.1}{\376\377\166\356\166\204}{}% 1
\BOOKMARK [1][-]{section.2}{\376\377\163\376\127\050\060\156\151\313\142\020\060\147\060\147\060\115\060\213\060\123\060\150}{}% 2
\BOOKMARK [1][-]{section.3}{\376\377\221\315\211\201\060\152\122\115\143\320}{}% 3
\BOOKMARK [1][-]{section.4}{\376\377\060\307\060\243\060\354\060\257\060\310\060\352}{}% 4
\BOOKMARK [1][-]{section.5}{\376\377\000P\000o\000w\000e\000r\000S\000h\000e\000l\000l\000\040\060\263\060\336\060\363\060\311}{}% 5
\BOOKMARK [2][-]{subsection.5.1}{\376\377\127\372\147\054\060\263\060\336\060\363\060\311}{section.5}% 6
\BOOKMARK [2][-]{subsection.5.2}{\376\377\000A\000c\000t\000i\000o\000n\000\040\116\000\211\247}{section.5}% 7
\BOOKMARK [1][-]{section.6}{\376\377\000M\000o\000d\000e\000\040\0001\000:\000\040\131\047\117\032\121\150\117\123\060\267\060\337\060\345\060\354\060\374\060\267\060\347\060\363}{}% 8
\BOOKMARK [2][-]{subsection.6.1}{\376\377\166\356\166\204}{section.6}% 9
\BOOKMARK [2][-]{subsection.6.2}{\376\377\133\237\210\114}{section.6}% 10
\BOOKMARK [2][-]{subsection.6.3}{\376\377\116\073\060\152\121\145\122\233}{section.6}% 11
\BOOKMARK [2][-]{subsection.6.4}{\376\377\116\073\060\152\121\372\122\233}{section.6}% 12
\BOOKMARK [2][-]{subsection.6.5}{\376\377\060\176\060\132\211\346\060\213\060\171\060\115\230\005\166\356}{section.6}% 13
\BOOKMARK [1][-]{section.7}{\376\377\000M\000o\000d\000e\000\040\0002\000:\000\040\147\054\165\152\060\351\060\244\060\326\220\113\165\050}{}% 14
\BOOKMARK [2][-]{subsection.7.1}{\376\377\166\356\166\204}{section.7}% 15
\BOOKMARK [2][-]{subsection.7.2}{\376\377\133\237\210\114}{section.7}% 16
\BOOKMARK [2][-]{subsection.7.3}{\376\377\060\351\060\244\060\326\060\147\215\167\122\325\060\131\060\213\116\073\060\316\060\374\060\311}{section.7}% 17
\BOOKMARK [2][-]{subsection.7.4}{\376\377\133\237\216\312\120\164\060\113\060\211\153\062\060\127\060\104\060\310\060\324\060\303\060\257}{section.7}% 18
\BOOKMARK [2][-]{subsection.7.5}{\376\377\116\073\211\201\121\372\122\233}{section.7}% 19
\BOOKMARK [2][-]{subsection.7.6}{\376\377\060\351\060\244\060\326\060\147\060\210\060\117\211\346\060\213\000\040\000p\000r\000o\000f\000i\000l\000e\000\040\230\005\166\356}{section.7}% 20
\BOOKMARK [1][-]{section.8}{\376\377\000M\000o\000d\000e\000\040\0003\000:\000\040\000C\000S\000V\000\040\060\331\060\374\060\271\124\014\133\232}{}% 21
\BOOKMARK [2][-]{subsection.8.1}{\376\377\133\237\210\114}{section.8}% 22
\BOOKMARK [2][-]{subsection.8.2}{\376\377\143\250\131\150\121\145\122\233\000\040\000C\000S\000V}{section.8}% 23
\BOOKMARK [2][-]{subsection.8.3}{\376\377\116\073\060\152\121\372\122\233}{section.8}% 24
\BOOKMARK [1][-]{section.9}{\376\377\000Y\000A\000M\000L\000\040\060\156\211\213\145\271}{}% 25
\BOOKMARK [1][-]{section.10}{\376\377\143\250\131\150\220\113\165\050\142\113\230\006}{}% 26
\BOOKMARK [2][-]{subsection.10.1}{\376\377\131\047\117\032\122\115}{section.10}% 27
\BOOKMARK [2][-]{subsection.10.2}{\376\377\212\010\156\054\145\345}{section.10}% 28
\BOOKMARK [2][-]{subsection.10.3}{\376\377\147\054\165\152\145\345}{section.10}% 29
\BOOKMARK [1][-]{section.11}{\376\377\000P\000D\000F\000\040\165\037\142\020}{}% 30
\BOOKMARK [1][-]{section.12}{\376\377\131\026\220\350\214\307\145\231}{}% 31
